2026-08-17 16:58:38.964 [http-nio-8081-exec-48] WARN  c.m.d.p.application.PaymentService [traceId=07843fad-f578-4a18-97d7-b76e08ed658a] - [PaymentService][Experiment] fake PG payment result used: scenario=all-off-100, paymentId=MCJ-1-c55d289972b44622a516, status=PAID
2026-08-17 16:58:38.964 [http-nio-8081-exec-36] WARN  c.m.d.p.application.PaymentService [traceId=7588ad77-edc9-406c-989e-697bc8beff18] - [PaymentService][Experiment] fake PG payment result used: scenario=all-off-100, paymentId=MCJ-1-7d92a470521143f588a2, status=PAID
2026-08-17 16:58:38.965 [http-nio-8081-exec-7] WARN  c.m.d.p.application.PaymentService [traceId=87da9399-3d51-4f19-bbd2-e163367a1d40] - [PaymentService][Experiment] fake PG payment result used: scenario=all-off-100, paymentId=MCJ-1-d6941d556af6408d945b, status=PAID
2026-08-17 16:58:38.965 [http-nio-8081-exec-19] WARN  c.m.d.p.application.PaymentService [traceId=c5964ca2-fd89-4161-9a39-7df159af8a9b] - [PaymentService][Experiment] fake PG payment result used: scenario=all-off-100, paymentId=MCJ-1-de6527eeddfd458694e3, status=PAID
2026-08-17 16:58:38.966 [http-nio-8081-exec-6] WARN  c.m.d.p.application.PaymentService [traceId=5910665f-73a4-4171-b61f-292e6ab37f4e] - [PaymentService][Experiment] fake PG payment result used: scenario=all-off-100, paymentId=MCJ-1-702ad164a60341e19d8f, status=PAID
2026-08-17 16:58:38.968 [http-nio-8081-exec-15] WARN  c.m.d.p.application.PaymentService [traceId=e803504b-7f02-4d02-9e26-731fd2f26a38] - [PaymentService][Experiment] fake PG payment result used: scenario=all-off-100, paymentId=MCJ-1-34a5f0702c064b36b429, status=PAID
2026-08-17 16:58:38.969 [http-nio-8081-exec-11] WARN  c.m.d.p.application.PaymentService [traceId=cb68fbba-36ee-4b5f-ba27-40f7d1543b16] - [PaymentService][Experiment] fake PG payment result used: scenario=all-off-100, paymentId=MCJ-1-aaa9595d1f914eb0afe1, status=PAID
2026-08-17 16:58:38.972 [http-nio-8081-exec-33] WARN  c.m.d.p.application.PaymentService [traceId=4d18af10-a04f-43cf-b9fc-1e8af06103d0] - [PaymentService][Experiment] fake PG payment result used: scenario=all-off-100, paymentId=MCJ-1-e29fb7da72684408a06d, status=PAID
2026-08-17 16:58:38.973 [http-nio-8081-exec-46] WARN  c.m.d.p.application.PaymentService [traceId=9fb68354-2258-4201-b679-1ff894740ef9] - [PaymentService][Experiment] fake PG payment result used: scenario=all-off-100, paymentId=MCJ-1-6811029f8d584c549f43, status=PAID
2026-08-17 16:58:38.976 [http-nio-8081-exec-22] WARN  c.m.d.p.application.PaymentService [traceId=dbb2a9dc-3623-433e-a3a9-46eaec2ec7e8] - [PaymentService][Experiment] fake PG payment result used: scenario=all-off-100, paymentId=MCJ-1-cb70abbd656d420db89e, status=PAID
2026-08-17 16:58:38.984 [http-nio-8081-exec-13] WARN  c.m.d.p.application.PaymentService [traceId=199b4aed-e1d2-4765-97a0-8147942e4059] - [PaymentService][Experiment] fake PG payment result used: scenario=all-off-100, paymentId=MCJ-1-7835e4d04cf24cc983ff, status=PAID
2026-08-17 16:58:38.993 [http-nio-8081-exec-38] WARN  c.m.d.p.application.PaymentService [traceId=1e11817d-3897-48f0-99d5-df3de1d938b3] - [PaymentService][Experiment] fake PG payment result used: scenario=all-off-100, paymentId=MCJ-1-da644517efe64dea9321, status=PAID
2026-08-17 16:58:38.993 [http-nio-8081-exec-24] WARN  c.m.d.p.application.PaymentService [traceId=26dc32c9-9c6c-4336-8609-ea6d7d513ee8] - [PaymentService][Experiment] fake PG payment result used: scenario=all-off-100, paymentId=MCJ-1-744dd39019904ed5b3c4, status=PAID
2026-08-17 16:58:38.996 [http-nio-8081-exec-8] WARN  c.m.d.p.application.PaymentService [traceId=23c5deab-0f4d-4e2d-ba8b-5b612e1c239d] - [PaymentService][Experiment] fake PG payment result used: scenario=all-off-100, paymentId=MCJ-1-ff28ff9543ad4c98b9e7, status=PAID
2026-08-17 16:58:38.998 [http-nio-8081-exec-43] WARN  c.m.d.p.application.PaymentService [traceId=79023237-ff4e-4a74-b347-76f3137ae099] - [PaymentService][Experiment] fake PG payment result used: scenario=all-off-100, paymentId=MCJ-1-c52fff0cecae47f78b9c, status=PAID
2026-08-17 16:58:39.003 [http-nio-8081-exec-16] WARN  c.m.d.p.application.PaymentService [traceId=2f0d29f7-6957-4529-aade-9ed2f00bc03f] - [PaymentService][Experiment] fake PG payment result used: scenario=all-off-100, paymentId=MCJ-1-6d3671f5473c4b38be3a, status=PAID
2026-08-17 16:58:39.007 [http-nio-8081-exec-27] WARN  c.m.d.p.application.PaymentService [traceId=cc4b6a1d-6020-418b-a06f-cfd7d3658250] - [PaymentService][Experiment] fake PG payment result used: scenario=all-off-100, paymentId=MCJ-1-a3e2c17cf0f94460a82c, status=PAID
2026-08-17 16:58:39.049 [http-nio-8081-exec-35] WARN  c.m.d.p.application.PaymentService [traceId=5410bdea-147c-446b-a3b5-7b585e737353] - [PaymentService][Experiment] fake PG payment result used: scenario=all-off-100, paymentId=MCJ-1-512f863fd8024830a395, status=PAID
2026-08-17 16:58:39.051 [http-nio-8081-exec-12] WARN  c.m.d.p.application.PaymentService [traceId=27b99b06-291e-45a7-8f88-cd862e5c7371] - [PaymentService][Experiment] fake PG payment result used: scenario=all-off-100, paymentId=MCJ-1-27d26e97ed584ec0ab1b, status=PAID
2026-08-17 16:58:39.062 [http-nio-8081-exec-50] WARN  c.m.d.p.application.PaymentService [traceId=5d9ba400-203b-4300-8d99-fe078dfeffc2] - [PaymentService][Experiment] fake PG payment result used: scenario=all-off-100, paymentId=MCJ-1-af9e8d85a4af44f08614, status=PAID
2026-08-17 16:58:39.072 [http-nio-8081-exec-42] WARN  c.m.d.p.application.PaymentService [traceId=72681835-ef07-451b-8803-996d9762a83e] - [PaymentService][Experiment] fake PG payment result used: scenario=all-off-100, paymentId=MCJ-1-73d81bfc4d6b4be18817, status=PAID
2026-08-17 16:58:39.082 [http-nio-8081-exec-45] WARN  c.m.d.p.application.PaymentService [traceId=f6cef338-8ed2-4cfb-a20d-7451e19ece7e] - [PaymentService][Experiment] fake PG payment result used: scenario=all-off-100, paymentId=MCJ-1-4e36572d309b489c8541, status=PAID
2026-08-17 16:58:39.092 [http-nio-8081-exec-5] WARN  c.m.d.p.application.PaymentService [traceId=af5004cf-530d-4e52-b8a0-8e7706b7b1e7] - [PaymentService][Experiment] fake PG payment result used: scenario=all-off-100, paymentId=MCJ-1-5136b084b0cb4edb8928, status=PAID
2026-08-17 16:58:39.096 [http-nio-8081-exec-31] WARN  c.m.d.p.application.PaymentService [traceId=c54520f8-448b-4639-9311-1b7f49b7f621] - [PaymentService][Experiment] fake PG payment result used: scenario=all-off-100, paymentId=MCJ-1-3dc2c317e6234dadbda4, status=PAID
2026-08-17 16:58:39.113 [http-nio-8081-exec-30] WARN  c.m.d.p.application.PaymentService [traceId=af8a04ad-ab89-49a9-8dcd-02ca076a8693] - [PaymentService][Experiment] fake PG payment result used: scenario=all-off-100, paymentId=MCJ-1-79e7046ab7e24274a5c9, status=PAID
2026-08-17 16:58:39.118 [http-nio-8081-exec-29] WARN  c.m.d.p.application.PaymentService [traceId=02446bfd-b2b0-48f3-9e64-c6822a038f70] - [PaymentService][Experiment] fake PG payment result used: scenario=all-off-100, paymentId=MCJ-1-cba8de3fb2b547d8bf1e, status=PAID
2026-08-17 16:58:39.122 [http-nio-8081-exec-41] WARN  c.m.d.p.application.PaymentService [traceId=e665e02c-daa4-4296-9a73-f350aa97d42c] - [PaymentService][Experiment] fake PG payment result used: scenario=all-off-100, paymentId=MCJ-1-8f63101fa5844da79c8e, status=PAID
2026-08-17 16:58:39.135 [http-nio-8081-exec-39] WARN  c.m.d.p.application.PaymentService [traceId=d73c5772-c9f4-4a28-bbfb-9a53993cad10] - [PaymentService][Experiment] fake PG payment result used: scenario=all-off-100, paymentId=MCJ-1-d8c1371a5d09434db70e, status=PAID
2026-08-17 16:58:39.139 [http-nio-8081-exec-18] WARN  c.m.d.p.application.PaymentService [traceId=b2a12774-1513-45d9-a017-3f74a2362071] - [PaymentService][Experiment] fake PG payment result used: scenario=all-off-100, paymentId=MCJ-1-6740a03927ae42ffbe7d, status=PAID
2026-08-17 16:59:09.273 [http-nio-8081-exec-22] INFO  c.m.d.p.application.PaymentService [traceId=dbb2a9dc-3623-433e-a3a9-46eaec2ec7e8] - [PaymentService] 결제 완료 검증 성공: paymentId=MCJ-1-cb70abbd656d420db89e, userId=86, participationId=207, elapsedMs=30381
2026-08-17 16:58:39.741 [http-nio-8082-exec-43] WARN  c.m.d.p.application.PaymentService [traceId=577a9da4-f87c-4686-b089-eda50e3ee2d2] - [PaymentService][Experiment] fake PG payment result used: scenario=all-off-100, paymentId=MCJ-1-8f97c139a35a4d86a593, status=PAID
2026-08-17 16:58:39.741 [http-nio-8082-exec-4] WARN  c.m.d.p.application.PaymentService [traceId=273b4e1d-188b-4a00-88b1-071e2f3b8607] - [PaymentService][Experiment] fake PG payment result used: scenario=all-off-100, paymentId=MCJ-1-eb4cd86c345848e2971d, status=PAID
2026-08-17 16:58:39.741 [http-nio-8082-exec-24] WARN  c.m.d.p.application.PaymentService [traceId=973b2765-df8b-4969-97b1-c9a9b68efb0d] - [PaymentService][Experiment] fake PG payment result used: scenario=all-off-100, paymentId=MCJ-1-d652842411c3486ea89b, status=PAID
2026-08-17 16:58:39.741 [http-nio-8082-exec-23] WARN  c.m.d.p.application.PaymentService [traceId=d5fd0ca7-3919-45db-9d87-5df6d0f6e062] - [PaymentService][Experiment] fake PG payment result used: scenario=all-off-100, paymentId=MCJ-1-61780664e55b4d63aa82, status=PAID
2026-08-17 16:58:39.741 [http-nio-8082-exec-17] WARN  c.m.d.p.application.PaymentService [traceId=fd80d750-3d2a-48fc-9aa2-4de8bcb11c8a] - [PaymentService][Experiment] fake PG payment result used: scenario=all-off-100, paymentId=MCJ-1-639e4e28efed4741a217, status=PAID
2026-08-17 16:58:39.741 [http-nio-8082-exec-14] WARN  c.m.d.p.application.PaymentService [traceId=f95901c0-326f-48ed-9009-dbfd75edd26e] - [PaymentService][Experiment] fake PG payment result used: scenario=all-off-100, paymentId=MCJ-1-2a9ff13c67e54d1b915c, status=PAID
2026-08-17 16:58:39.741 [http-nio-8082-exec-46] WARN  c.m.d.p.application.PaymentService [traceId=1dff458b-4aab-4e34-b0b1-8b929fecab92] - [PaymentService][Experiment] fake PG payment result used: scenario=all-off-100, paymentId=MCJ-1-6742fea6b9c74e759509, status=PAID
2026-08-17 16:58:39.741 [http-nio-8082-exec-49] WARN  c.m.d.p.application.PaymentService [traceId=62e5028b-4802-4c8e-a8ff-d3e9a3310f63] - [PaymentService][Experiment] fake PG payment result used: scenario=all-off-100, paymentId=MCJ-1-29dc115d89e5445b9639, status=PAID
2026-08-17 16:58:39.741 [http-nio-8082-exec-13] WARN  c.m.d.p.application.PaymentService [traceId=9b969652-b1ac-4ff5-bf31-727d77a98362] - [PaymentService][Experiment] fake PG payment result used: scenario=all-off-100, paymentId=MCJ-1-6a3cf0f4a30743a7b8da, status=PAID
2026-08-17 16:58:39.741 [http-nio-8082-exec-42] WARN  c.m.d.p.application.PaymentService [traceId=8a871f73-80c9-4187-81dc-1ec1bc45a6ca] - [PaymentService][Experiment] fake PG payment result used: scenario=all-off-100, paymentId=MCJ-1-c39ae386e98e4f19bbe5, status=PAID
2026-08-17 16:58:39.742 [http-nio-8082-exec-10] WARN  c.m.d.p.application.PaymentService [traceId=3f864fb1-75b2-4f90-98c8-8ac1ca065a3f] - [PaymentService][Experiment] fake PG payment result used: scenario=all-off-100, paymentId=MCJ-1-b65ec3fb8b0249149cec, status=PAID
2026-08-17 16:58:39.743 [http-nio-8082-exec-35] WARN  c.m.d.p.application.PaymentService [traceId=ca1ae468-578d-4d26-802a-a7ccc1dd36d0] - [PaymentService][Experiment] fake PG payment result used: scenario=all-off-100, paymentId=MCJ-1-36c552aff62744a3b648, status=PAID
2026-08-17 16:58:39.743 [http-nio-8082-exec-41] WARN  c.m.d.p.application.PaymentService [traceId=500aa849-b51c-4b8c-ad5e-d5fbc7cef0f1] - [PaymentService][Experiment] fake PG payment result used: scenario=all-off-100, paymentId=MCJ-1-a337d5910aea45929408, status=PAID
2026-08-17 16:58:39.744 [http-nio-8082-exec-2] WARN  c.m.d.p.application.PaymentService [traceId=8f8f44fe-7e86-468e-a0f3-23db0aadc77f] - [PaymentService][Experiment] fake PG payment result used: scenario=all-off-100, paymentId=MCJ-1-8be86ec46bba4c6291bc, status=PAID
2026-08-17 16:58:39.748 [http-nio-8082-exec-44] WARN  c.m.d.p.application.PaymentService [traceId=29c27512-3dbe-448c-8a4e-04bb24d2bbdd] - [PaymentService][Experiment] fake PG payment result used: scenario=all-off-100, paymentId=MCJ-1-22a29182f5354a1b926b, status=PAID
2026-08-17 16:58:39.750 [http-nio-8082-exec-36] WARN  c.m.d.p.application.PaymentService [traceId=f5be6703-cbb8-43f8-aac1-4b5c37e14fc0] - [PaymentService][Experiment] fake PG payment result used: scenario=all-off-100, paymentId=MCJ-1-b70f9d15f0d9433da069, status=PAID
2026-08-17 16:58:39.752 [http-nio-8082-exec-37] WARN  c.m.d.p.application.PaymentService [traceId=e2159401-1ea0-4b78-9e9f-fd4665c3d807] - [PaymentService][Experiment] fake PG payment result used: scenario=all-off-100, paymentId=MCJ-1-c71d553c621f4f09a3b2, status=PAID
2026-08-17 16:58:39.752 [http-nio-8082-exec-6] WARN  c.m.d.p.application.PaymentService [traceId=1a58b183-99fe-4bf5-bc6b-9c0f4e0308e4] - [PaymentService][Experiment] fake PG payment result used: scenario=all-off-100, paymentId=MCJ-1-4013e653bab2484babc6, status=PAID
2026-08-17 16:58:39.752 [http-nio-8082-exec-25] WARN  c.m.d.p.application.PaymentService [traceId=9da8f0e7-c1d9-498d-8f80-33fbb6c772f8] - [PaymentService][Experiment] fake PG payment result used: scenario=all-off-100, paymentId=MCJ-1-43355de1ebeb4017bc4d, status=PAID
2026-08-17 16:58:39.753 [http-nio-8082-exec-30] WARN  c.m.d.p.application.PaymentService [traceId=99f5109b-08c5-4e4d-a773-a981d82bafaa] - [PaymentService][Experiment] fake PG payment result used: scenario=all-off-100, paymentId=MCJ-1-3fd4be8ab71d42b1aed6, status=PAID
2026-08-17 16:58:39.754 [http-nio-8082-exec-16] WARN  c.m.d.p.application.PaymentService [traceId=bf26b224-8826-4ba7-b280-ed53ebc9f28f] - [PaymentService][Experiment] fake PG payment result used: scenario=all-off-100, paymentId=MCJ-1-8c13abc1fb6446758e24, status=PAID
2026-08-17 16:58:39.755 [http-nio-8082-exec-27] WARN  c.m.d.p.application.PaymentService [traceId=284138f5-9913-431b-8d94-5ccf2b61e59c] - [PaymentService][Experiment] fake PG payment result used: scenario=all-off-100, paymentId=MCJ-1-b95559b30b824b4e9202, status=PAID
2026-08-17 16:58:39.755 [http-nio-8082-exec-19] WARN  c.m.d.p.application.PaymentService [traceId=1cd58da7-3115-48a7-bd1f-ab8ff152b4ed] - [PaymentService][Experiment] fake PG payment result used: scenario=all-off-100, paymentId=MCJ-1-8994f336de624bbf9fa1, status=PAID
2026-08-17 16:58:39.763 [http-nio-8082-exec-48] WARN  c.m.d.p.application.PaymentService [traceId=6989d3f3-83bd-44a7-95ca-05b865f24822] - [PaymentService][Experiment] fake PG payment result used: scenario=all-off-100, paymentId=MCJ-1-f97f90c901d547aabef9, status=PAID
2026-08-17 16:58:39.763 [http-nio-8082-exec-5] WARN  c.m.d.p.application.PaymentService [traceId=a624a2d1-1ba8-46ee-9890-05aaa48e4266] - [PaymentService][Experiment] fake PG payment result used: scenario=all-off-100, paymentId=MCJ-1-798134cf7d5d41579b24, status=PAID
2026-08-17 16:58:39.765 [http-nio-8082-exec-28] WARN  c.m.d.p.application.PaymentService [traceId=46ce8712-cef6-4b5c-8f5f-ca5a5e748e8f] - [PaymentService][Experiment] fake PG payment result used: scenario=all-off-100, paymentId=MCJ-1-47c9b842673b41c2a29c, status=PAID
2026-08-17 16:58:39.765 [http-nio-8082-exec-1] WARN  c.m.d.p.application.PaymentService [traceId=ad1df7cb-7539-49d2-b568-91774e752b6c] - [PaymentService][Experiment] fake PG payment result used: scenario=all-off-100, paymentId=MCJ-1-85a22cddc92d44bfa707, status=PAID
2026-08-17 16:58:39.765 [http-nio-8082-exec-12] WARN  c.m.d.p.application.PaymentService [traceId=cbedc611-2c56-4358-bba4-fcc4e532cb99] - [PaymentService][Experiment] fake PG payment result used: scenario=all-off-100, paymentId=MCJ-1-a6ee0b923a1e4d5d83d9, status=PAID
2026-08-17 16:58:39.767 [http-nio-8082-exec-9] WARN  c.m.d.p.application.PaymentService [traceId=8995bbd0-80ea-4d31-9e19-061b881bce74] - [PaymentService][Experiment] fake PG payment result used: scenario=all-off-100, paymentId=MCJ-1-7f705b7fc96a4cd9a7eb, status=PAID
2026-08-17 16:58:39.767 [http-nio-8082-exec-21] WARN  c.m.d.p.application.PaymentService [traceId=f3c5b5a9-579d-4920-a5ce-432451878783] - [PaymentService][Experiment] fake PG payment result used: scenario=all-off-100, paymentId=MCJ-1-6e22b10683c041ff8eb3, status=PAID
2026-08-17 16:58:39.767 [http-nio-8082-exec-32] WARN  c.m.d.p.application.PaymentService [traceId=d5ef5972-954f-48db-8882-9d9771806705] - [PaymentService][Experiment] fake PG payment result used: scenario=all-off-100, paymentId=MCJ-1-2a99dc50c2ea4ea5bc88, status=PAID
2026-08-17 16:58:39.768 [http-nio-8082-exec-26] WARN  c.m.d.p.application.PaymentService [traceId=bfa6e564-2b87-4d84-b5ee-7ef8e32bfafd] - [PaymentService][Experiment] fake PG payment result used: scenario=all-off-100, paymentId=MCJ-1-2985439cc71641e8af4e, status=PAID
2026-08-17 16:58:39.768 [http-nio-8082-exec-15] WARN  c.m.d.p.application.PaymentService [traceId=3df70371-ffcb-4d20-9af4-f080a84d1c22] - [PaymentService][Experiment] fake PG payment result used: scenario=all-off-100, paymentId=MCJ-1-617fcd12e6554911928f, status=PAID
2026-08-17 16:58:39.769 [http-nio-8082-exec-31] WARN  c.m.d.p.application.PaymentService [traceId=3a43d3a6-3039-4ef0-bfa8-2db19868c034] - [PaymentService][Experiment] fake PG payment result used: scenario=all-off-100, paymentId=MCJ-1-a0daea6f57334159b31f, status=PAID
2026-08-17 16:58:39.770 [http-nio-8082-exec-8] WARN  c.m.d.p.application.PaymentService [traceId=24c50613-787c-4b78-9677-0fb68ed0c513] - [PaymentService][Experiment] fake PG payment result used: scenario=all-off-100, paymentId=MCJ-1-3a6740a6281e43d88677, status=PAID
2026-08-17 16:58:39.770 [http-nio-8082-exec-33] WARN  c.m.d.p.application.PaymentService [traceId=b9e381be-0b0f-476d-8f4f-e6572fa2f796] - [PaymentService][Experiment] fake PG payment result used: scenario=all-off-100, paymentId=MCJ-1-ebdf238fe56744809e27, status=PAID
2026-08-17 16:58:39.776 [http-nio-8082-exec-22] WARN  c.m.d.p.application.PaymentService [traceId=e0ecd083-2303-4973-8668-eaca59b5b813] - [PaymentService][Experiment] fake PG payment result used: scenario=all-off-100, paymentId=MCJ-1-b7d7d4b3600843cdbe17, status=PAID
2026-08-17 16:58:39.778 [http-nio-8082-exec-3] WARN  c.m.d.p.application.PaymentService [traceId=c6dcf1d0-1bd0-41f8-bc38-cdd3784a1791] - [PaymentService][Experiment] fake PG payment result used: scenario=all-off-100, paymentId=MCJ-1-dbee52bab8b04da0a15b, status=PAID
2026-08-17 16:58:39.788 [http-nio-8082-exec-40] WARN  c.m.d.p.application.PaymentService [traceId=4d6e3a0e-ee49-43c7-8f3f-c8485508bb42] - [PaymentService][Experiment] fake PG payment result used: scenario=all-off-100, paymentId=MCJ-1-5755f61b3fb445fa8a34, status=PAID
