2026-08-17 17:09:36.708 [http-nio-8081-exec-34] WARN  c.m.d.p.application.PaymentService [traceId=9e5bc63c-3e87-40b3-bd83-84c57ff757cf] - [PaymentService][Experiment] fake PG payment result used: scenario=distributed-lock-only-100, paymentId=MCJ-1-240c7c7c5d954af0a70d, status=PAID
2026-08-17 17:09:36.709 [http-nio-8081-exec-14] WARN  c.m.d.p.application.PaymentService [traceId=e39c619b-913f-421a-900d-3f3e7630fbab] - [PaymentService][Experiment] fake PG payment result used: scenario=distributed-lock-only-100, paymentId=MCJ-1-2c097bb68b4e485e9a26, status=PAID
2026-08-17 17:09:36.709 [http-nio-8081-exec-33] WARN  c.m.d.p.application.PaymentService [traceId=641b2e0e-8373-4b77-82c4-3a0a0c7a7faf] - [PaymentService][Experiment] fake PG payment result used: scenario=distributed-lock-only-100, paymentId=MCJ-1-16e1d37a3bd74d9b8bf8, status=PAID
2026-08-17 17:09:36.710 [http-nio-8081-exec-27] WARN  c.m.d.p.application.PaymentService [traceId=ef53e7e3-6c2e-48c2-9d9b-92a82b18bca2] - [PaymentService][Experiment] fake PG payment result used: scenario=distributed-lock-only-100, paymentId=MCJ-1-96464675463e4af6ae7f, status=PAID
2026-08-17 17:09:36.711 [http-nio-8081-exec-13] WARN  c.m.d.p.application.PaymentService [traceId=474300ab-ff50-45fe-9b70-ead71e02fde6] - [PaymentService][Experiment] fake PG payment result used: scenario=distributed-lock-only-100, paymentId=MCJ-1-024cb4c712ce4ac48534, status=PAID
2026-08-17 17:09:36.712 [http-nio-8081-exec-3] WARN  c.m.d.p.application.PaymentService [traceId=3bffae5c-1e7b-4c4e-a144-01301b672dfd] - [PaymentService][Experiment] fake PG payment result used: scenario=distributed-lock-only-100, paymentId=MCJ-1-76d2cb96847048a6adc9, status=PAID
2026-08-17 17:09:36.713 [http-nio-8081-exec-19] WARN  c.m.d.p.application.PaymentService [traceId=1182730d-6a9e-4c1e-be7b-d812a2c5f861] - [PaymentService][Experiment] fake PG payment result used: scenario=distributed-lock-only-100, paymentId=MCJ-1-73c28c53934a4826bdbb, status=PAID
2026-08-17 17:09:36.714 [http-nio-8081-exec-21] WARN  c.m.d.p.application.PaymentService [traceId=3d54f008-f069-4520-b0c2-f75e17b5b9e1] - [PaymentService][Experiment] fake PG payment result used: scenario=distributed-lock-only-100, paymentId=MCJ-1-af9986373ac94e158eed, status=PAID
2026-08-17 17:09:36.715 [http-nio-8081-exec-20] WARN  c.m.d.p.application.PaymentService [traceId=ddaaa4e4-9657-45f8-9152-3b4aeccb5336] - [PaymentService][Experiment] fake PG payment result used: scenario=distributed-lock-only-100, paymentId=MCJ-1-bc25b93c7a8644828f9c, status=PAID
2026-08-17 17:09:36.717 [http-nio-8081-exec-1] WARN  c.m.d.p.application.PaymentService [traceId=eb64c334-0aac-477e-9fc4-74a26992c21e] - [PaymentService][Experiment] fake PG payment result used: scenario=distributed-lock-only-100, paymentId=MCJ-1-bfb78b4183f047e390c8, status=PAID
2026-08-17 17:09:36.717 [http-nio-8081-exec-41] WARN  c.m.d.p.application.PaymentService [traceId=63d20bd6-4b1e-4f1c-a4f5-ac27b41edb1d] - [PaymentService][Experiment] fake PG payment result used: scenario=distributed-lock-only-100, paymentId=MCJ-1-158f0dac9a044400b8d0, status=PAID
2026-08-17 17:09:36.717 [http-nio-8081-exec-47] WARN  c.m.d.p.application.PaymentService [traceId=70acc397-0d88-41c2-91f3-d377cfa99291] - [PaymentService][Experiment] fake PG payment result used: scenario=distributed-lock-only-100, paymentId=MCJ-1-3a1ebde5b46c48f399df, status=PAID
2026-08-17 17:09:36.717 [http-nio-8081-exec-40] WARN  c.m.d.p.application.PaymentService [traceId=50fb5407-3034-4a4b-9252-45a45b3c2ee3] - [PaymentService][Experiment] fake PG payment result used: scenario=distributed-lock-only-100, paymentId=MCJ-1-d2a7fbd862e6450e8318, status=PAID
2026-08-17 17:09:36.719 [http-nio-8081-exec-43] WARN  c.m.d.p.application.PaymentService [traceId=b1ef7e9a-5ead-40af-9053-ea824ba2b287] - [PaymentService][Experiment] fake PG payment result used: scenario=distributed-lock-only-100, paymentId=MCJ-1-d269c746363440108a95, status=PAID
2026-08-17 17:09:36.719 [http-nio-8081-exec-44] WARN  c.m.d.p.application.PaymentService [traceId=3d9fdc87-d6f1-4015-9822-f880a17bd812] - [PaymentService][Experiment] fake PG payment result used: scenario=distributed-lock-only-100, paymentId=MCJ-1-e06461a437cb4b27823a, status=PAID
2026-08-17 17:09:36.720 [http-nio-8081-exec-25] WARN  c.m.d.p.application.PaymentService [traceId=47bf0ef9-e5ab-424b-8a1f-7e9d8e9b411c] - [PaymentService][Experiment] fake PG payment result used: scenario=distributed-lock-only-100, paymentId=MCJ-1-a1571e15fa84486fb78b, status=PAID
2026-08-17 17:09:36.725 [http-nio-8081-exec-11] WARN  c.m.d.p.application.PaymentService [traceId=e8b1dc01-0758-4f9d-9a8c-8d7484aea382] - [PaymentService][Experiment] fake PG payment result used: scenario=distributed-lock-only-100, paymentId=MCJ-1-f736c5e3aead447bb343, status=PAID
2026-08-17 17:09:36.725 [http-nio-8081-exec-29] WARN  c.m.d.p.application.PaymentService [traceId=19f570ad-6bb0-457e-a7ed-e52960065aa0] - [PaymentService][Experiment] fake PG payment result used: scenario=distributed-lock-only-100, paymentId=MCJ-1-012ac0b6a6f7434fbee8, status=PAID
2026-08-17 17:09:36.735 [http-nio-8081-exec-7] WARN  c.m.d.p.application.PaymentService [traceId=ac26df58-a989-4bfc-b5c0-ba70744c4f15] - [PaymentService][Experiment] fake PG payment result used: scenario=distributed-lock-only-100, paymentId=MCJ-1-20ff24733d7f490d935f, status=PAID
2026-08-17 17:09:36.738 [http-nio-8081-exec-37] WARN  c.m.d.p.application.PaymentService [traceId=dddeb3f3-d7a7-4e04-a97b-9d4db4647084] - [PaymentService][Experiment] fake PG payment result used: scenario=distributed-lock-only-100, paymentId=MCJ-1-f6fc9d75fde747099de4, status=PAID
2026-08-17 17:09:36.744 [http-nio-8081-exec-30] WARN  c.m.d.p.application.PaymentService [traceId=108a11f7-6569-472f-90dc-8f3ced71f18e] - [PaymentService][Experiment] fake PG payment result used: scenario=distributed-lock-only-100, paymentId=MCJ-1-dd2bb138715e4ee5834a, status=PAID
2026-08-17 17:09:36.747 [http-nio-8081-exec-45] WARN  c.m.d.p.application.PaymentService [traceId=33758fdc-c2bf-4356-b378-35bd5cb3d818] - [PaymentService][Experiment] fake PG payment result used: scenario=distributed-lock-only-100, paymentId=MCJ-1-770ce5a9e27341978e94, status=PAID
2026-08-17 17:09:36.749 [http-nio-8081-exec-9] WARN  c.m.d.p.application.PaymentService [traceId=a0949a3d-a074-4de7-b433-fa0c462dfdd9] - [PaymentService][Experiment] fake PG payment result used: scenario=distributed-lock-only-100, paymentId=MCJ-1-8ce0d741dea74309a597, status=PAID
2026-08-17 17:09:36.754 [http-nio-8081-exec-17] WARN  c.m.d.p.application.PaymentService [traceId=f4c4b592-4b98-4a23-a824-2301afe5b0ae] - [PaymentService][Experiment] fake PG payment result used: scenario=distributed-lock-only-100, paymentId=MCJ-1-059ec7a9377247bd8038, status=PAID
2026-08-17 17:09:36.756 [http-nio-8081-exec-49] WARN  c.m.d.p.application.PaymentService [traceId=a953799c-0dca-423c-b818-cc69fbfc7e73] - [PaymentService][Experiment] fake PG payment result used: scenario=distributed-lock-only-100, paymentId=MCJ-1-5fa25d5ab15242a1a951, status=PAID
2026-08-17 17:09:36.756 [http-nio-8081-exec-10] WARN  c.m.d.p.application.PaymentService [traceId=cb547b4d-b606-49f6-8c20-35eaef9d72e7] - [PaymentService][Experiment] fake PG payment result used: scenario=distributed-lock-only-100, paymentId=MCJ-1-7354dca1510f420b9e02, status=PAID
2026-08-17 17:09:36.761 [http-nio-8081-exec-23] WARN  c.m.d.p.application.PaymentService [traceId=132bbad7-7a32-43ed-bc1a-ab1b49574530] - [PaymentService][Experiment] fake PG payment result used: scenario=distributed-lock-only-100, paymentId=MCJ-1-d5abfcb22cb84f0394b0, status=PAID
2026-08-17 17:09:36.762 [http-nio-8081-exec-36] WARN  c.m.d.p.application.PaymentService [traceId=91e36891-5785-47d1-a7db-aba1a6f2cd9a] - [PaymentService][Experiment] fake PG payment result used: scenario=distributed-lock-only-100, paymentId=MCJ-1-bd347193bbf6482d80d9, status=PAID
2026-08-17 17:09:36.763 [http-nio-8081-exec-31] WARN  c.m.d.p.application.PaymentService [traceId=dbde7a05-dcdb-4e53-bb94-8e9fe6cf7b42] - [PaymentService][Experiment] fake PG payment result used: scenario=distributed-lock-only-100, paymentId=MCJ-1-ed76c28f55bb4e8ebfc8, status=PAID
2026-08-17 17:09:36.766 [http-nio-8081-exec-39] WARN  c.m.d.p.application.PaymentService [traceId=6c2cf031-6f56-414e-a860-1736724703d4] - [PaymentService][Experiment] fake PG payment result used: scenario=distributed-lock-only-100, paymentId=MCJ-1-6ed72e89f7214c3daab7, status=PAID
2026-08-17 17:09:36.768 [http-nio-8081-exec-26] WARN  c.m.d.p.application.PaymentService [traceId=da652252-8150-49aa-b886-d37a68552f2e] - [PaymentService][Experiment] fake PG payment result used: scenario=distributed-lock-only-100, paymentId=MCJ-1-012478f058d549f3a2a3, status=PAID
2026-08-17 17:09:36.773 [http-nio-8081-exec-24] WARN  c.m.d.p.application.PaymentService [traceId=52b76d7a-9c67-4699-9229-b0442db8c085] - [PaymentService][Experiment] fake PG payment result used: scenario=distributed-lock-only-100, paymentId=MCJ-1-aadbfd59c81e4c9c977d, status=PAID
2026-08-17 17:09:36.781 [http-nio-8081-exec-42] WARN  c.m.d.p.application.PaymentService [traceId=3470c04a-d019-4f84-9745-bc180301d981] - [PaymentService][Experiment] fake PG payment result used: scenario=distributed-lock-only-100, paymentId=MCJ-1-ddf80d3f6ef146d5abd7, status=PAID
2026-08-17 17:09:36.781 [http-nio-8081-exec-48] WARN  c.m.d.p.application.PaymentService [traceId=87048ecc-2451-4fc0-9c2d-4b34de0bcbfb] - [PaymentService][Experiment] fake PG payment result used: scenario=distributed-lock-only-100, paymentId=MCJ-1-17ed8e1c725741d7a540, status=PAID
2026-08-17 17:09:36.786 [http-nio-8081-exec-16] WARN  c.m.d.p.application.PaymentService [traceId=1f5640cb-410c-4747-a998-8737508d28d9] - [PaymentService][Experiment] fake PG payment result used: scenario=distributed-lock-only-100, paymentId=MCJ-1-523bf62a29984d2083ec, status=PAID
2026-08-17 17:09:36.787 [http-nio-8081-exec-18] WARN  c.m.d.p.application.PaymentService [traceId=6afc6215-3595-48a0-a3e1-7197a26bf93c] - [PaymentService][Experiment] fake PG payment result used: scenario=distributed-lock-only-100, paymentId=MCJ-1-2a31fd817dbb4a5bb0c4, status=PAID
2026-08-17 17:09:36.788 [http-nio-8081-exec-5] WARN  c.m.d.p.application.PaymentService [traceId=1fd125eb-a3e6-43e6-87f3-bdb7f746147b] - [PaymentService][Experiment] fake PG payment result used: scenario=distributed-lock-only-100, paymentId=MCJ-1-e41d33ca5adc4dcaa713, status=PAID
2026-08-17 17:09:36.789 [http-nio-8081-exec-46] WARN  c.m.d.p.application.PaymentService [traceId=aafe9f03-5e77-4557-ba7f-c76d378106b5] - [PaymentService][Experiment] fake PG payment result used: scenario=distributed-lock-only-100, paymentId=MCJ-1-b41965c6797b4fe18ab3, status=PAID
2026-08-17 17:09:36.789 [http-nio-8081-exec-15] WARN  c.m.d.p.application.PaymentService [traceId=f0f6e66c-e065-40b4-80f6-0dd0ecd1743b] - [PaymentService][Experiment] fake PG payment result used: scenario=distributed-lock-only-100, paymentId=MCJ-1-a7c141b4788b4f7e84e6, status=PAID
2026-08-17 17:09:36.797 [http-nio-8081-exec-12] WARN  c.m.d.p.application.PaymentService [traceId=27ffb185-60d2-4881-9bf9-06587f52bdaa] - [PaymentService][Experiment] fake PG payment result used: scenario=distributed-lock-only-100, paymentId=MCJ-1-df8352c871a940ffa248, status=PAID
2026-08-17 17:09:36.799 [http-nio-8081-exec-38] WARN  c.m.d.p.application.PaymentService [traceId=4e639bbd-8fb9-414f-8316-06c54cec711d] - [PaymentService][Experiment] fake PG payment result used: scenario=distributed-lock-only-100, paymentId=MCJ-1-31adebb8ea32438cb214, status=PAID
2026-08-17 17:09:36.799 [http-nio-8081-exec-32] WARN  c.m.d.p.application.PaymentService [traceId=76d4ef63-e78e-49f5-af1c-e268f2aa7de5] - [PaymentService][Experiment] fake PG payment result used: scenario=distributed-lock-only-100, paymentId=MCJ-1-bf7b1f47cf7a499cabcb, status=PAID
2026-08-17 17:09:36.799 [http-nio-8081-exec-50] WARN  c.m.d.p.application.PaymentService [traceId=5f0bcf6b-d0f6-4ed7-a0c9-2dce3911ed4e] - [PaymentService][Experiment] fake PG payment result used: scenario=distributed-lock-only-100, paymentId=MCJ-1-5bf1872b9b5b473b9c5c, status=PAID
2026-08-17 17:09:36.802 [http-nio-8081-exec-28] WARN  c.m.d.p.application.PaymentService [traceId=f7d0ecfb-9ae7-45b1-92e2-4ad2e0977aa0] - [PaymentService][Experiment] fake PG payment result used: scenario=distributed-lock-only-100, paymentId=MCJ-1-201258dff0c146b5bb6e, status=PAID
2026-08-17 17:09:36.835 [http-nio-8081-exec-6] WARN  c.m.d.p.application.PaymentService [traceId=eff3a284-f677-42eb-9dd7-f650e702e2b3] - [PaymentService][Experiment] fake PG payment result used: scenario=distributed-lock-only-100, paymentId=MCJ-1-b736229deb2d4dc79e2d, status=PAID
2026-08-17 17:09:36.835 [http-nio-8081-exec-2] WARN  c.m.d.p.application.PaymentService [traceId=aa85fb1e-31f0-4c2e-acb2-92af95d98e79] - [PaymentService][Experiment] fake PG payment result used: scenario=distributed-lock-only-100, paymentId=MCJ-1-fc8948cac0e54c859ede, status=PAID
2026-08-17 17:09:36.836 [http-nio-8081-exec-22] WARN  c.m.d.p.application.PaymentService [traceId=66bccc9a-4f6d-4000-beb8-2c8cbc9bf41d] - [PaymentService][Experiment] fake PG payment result used: scenario=distributed-lock-only-100, paymentId=MCJ-1-4e8c458468f4471d9193, status=PAID
2026-08-17 17:09:36.838 [http-nio-8081-exec-35] WARN  c.m.d.p.application.PaymentService [traceId=019b6d86-40ca-44d6-be02-5a8f318b37aa] - [PaymentService][Experiment] fake PG payment result used: scenario=distributed-lock-only-100, paymentId=MCJ-1-3d900d56a10f4748bd18, status=PAID
2026-08-17 17:09:36.839 [http-nio-8081-exec-4] WARN  c.m.d.p.application.PaymentService [traceId=19f6be3c-3233-41cb-b39d-76e68b26b7b3] - [PaymentService][Experiment] fake PG payment result used: scenario=distributed-lock-only-100, paymentId=MCJ-1-f16444bc956548efadc9, status=PAID
2026-08-17 17:09:36.857 [http-nio-8081-exec-8] WARN  c.m.d.p.application.PaymentService [traceId=c77856a3-55f4-418d-a75d-019a21375aa6] - [PaymentService][Experiment] fake PG payment result used: scenario=distributed-lock-only-100, paymentId=MCJ-1-672a3078bde3431086e8, status=PAID
2026-08-17 17:09:36.914 [http-nio-8081-exec-19] INFO  c.m.d.p.application.PaymentService [traceId=1182730d-6a9e-4c1e-be7b-d812a2c5f861] - [PaymentService] 결제 완료 검증 성공: paymentId=MCJ-1-73c28c53934a4826bdbb, userId=36, participationId=228, elapsedMs=319
2026-08-17 17:09:37.041 [http-nio-8081-exec-27] INFO  c.m.d.p.application.PaymentService [traceId=ef53e7e3-6c2e-48c2-9d9b-92a82b18bca2] - [PaymentService] 결제 완료 검증 성공: paymentId=MCJ-1-96464675463e4af6ae7f, userId=50, participationId=229, elapsedMs=444
2026-08-17 17:09:37.168 [http-nio-8081-exec-3] INFO  c.m.d.p.application.PaymentService [traceId=3bffae5c-1e7b-4c4e-a144-01301b672dfd] - [PaymentService] 결제 완료 검증 성공: paymentId=MCJ-1-76d2cb96847048a6adc9, userId=16, participationId=230, elapsedMs=573
2026-08-17 17:09:37.252 [http-nio-8081-exec-14] WARN  c.m.d.p.application.PaymentService [traceId=e39c619b-913f-421a-900d-3f3e7630fbab] - [PaymentService] 결제 완료 검증 실패: paymentId=MCJ-1-2c097bb68b4e485e9a26, userId=14, errorCode=GROUPBUY_LOCK_ACQUISITION_FAILED, elapsedMs=657
2026-08-17 17:09:37.252 [http-nio-8081-exec-25] WARN  c.m.d.p.application.PaymentService [traceId=47bf0ef9-e5ab-424b-8a1f-7e9d8e9b411c] - [PaymentService] 결제 완료 검증 실패: paymentId=MCJ-1-a1571e15fa84486fb78b, userId=58, errorCode=GROUPBUY_LOCK_ACQUISITION_FAILED, elapsedMs=657
2026-08-17 17:09:37.253 [http-nio-8081-exec-41] WARN  c.m.d.p.application.PaymentService [traceId=63d20bd6-4b1e-4f1c-a4f5-ac27b41edb1d] - [PaymentService] 결제 완료 검증 실패: paymentId=MCJ-1-158f0dac9a044400b8d0, userId=88, errorCode=GROUPBUY_LOCK_ACQUISITION_FAILED, elapsedMs=656
2026-08-17 17:09:37.263 [http-nio-8081-exec-11] WARN  c.m.d.p.application.PaymentService [traceId=e8b1dc01-0758-4f9d-9a8c-8d7484aea382] - [PaymentService] 결제 완료 검증 실패: paymentId=MCJ-1-f736c5e3aead447bb343, userId=12, errorCode=GROUPBUY_LOCK_ACQUISITION_FAILED, elapsedMs=666
2026-08-17 17:09:37.263 [http-nio-8081-exec-37] WARN  c.m.d.p.application.PaymentService [traceId=dddeb3f3-d7a7-4e04-a97b-9d4db4647084] - [PaymentService] 결제 완료 검증 실패: paymentId=MCJ-1-f6fc9d75fde747099de4, userId=62, errorCode=GROUPBUY_LOCK_ACQUISITION_FAILED, elapsedMs=668
2026-08-17 17:09:37.264 [http-nio-8081-exec-29] WARN  c.m.d.p.application.PaymentService [traceId=19f570ad-6bb0-457e-a7ed-e52960065aa0] - [PaymentService] 결제 완료 검증 실패: paymentId=MCJ-1-012ac0b6a6f7434fbee8, userId=52, errorCode=GROUPBUY_LOCK_ACQUISITION_FAILED, elapsedMs=669
2026-08-17 17:09:37.263 [http-nio-8081-exec-13] WARN  c.m.d.p.application.PaymentService [traceId=474300ab-ff50-45fe-9b70-ead71e02fde6] - [PaymentService] 결제 완료 검증 실패: paymentId=MCJ-1-024cb4c712ce4ac48534, userId=2, errorCode=GROUPBUY_LOCK_ACQUISITION_FAILED, elapsedMs=667
2026-08-17 17:09:37.264 [http-nio-8081-exec-43] WARN  c.m.d.p.application.PaymentService [traceId=b1ef7e9a-5ead-40af-9053-ea824ba2b287] - [PaymentService] 결제 완료 검증 실패: paymentId=MCJ-1-d269c746363440108a95, userId=98, errorCode=GROUPBUY_LOCK_ACQUISITION_FAILED, elapsedMs=667
2026-08-17 17:09:37.264 [http-nio-8081-exec-7] WARN  c.m.d.p.application.PaymentService [traceId=ac26df58-a989-4bfc-b5c0-ba70744c4f15] - [PaymentService] 결제 완료 검증 실패: paymentId=MCJ-1-20ff24733d7f490d935f, userId=20, errorCode=GROUPBUY_LOCK_ACQUISITION_FAILED, elapsedMs=669
2026-08-17 17:09:37.278 [http-nio-8081-exec-14] INFO  c.m.d.p.a.PaymentAuditLogService [traceId=e39c619b-913f-421a-900d-3f3e7630fbab] - [payment_audit] source=COMPLETE_API eventType=PAYMENT_FAILED result=failure orderId=MCJ-1-2c097bb68b4e485e9a26 pgPaymentId=null pgStatus=null previousOrderStatus=null currentOrderStatus=null reason=GROUPBUY_LOCK_ACQUISITION_FAILED
2026-08-17 17:09:37.279 [http-nio-8081-exec-20] WARN  c.m.d.p.application.PaymentService [traceId=ddaaa4e4-9657-45f8-9152-3b4aeccb5336] - [PaymentService] 결제 완료 검증 실패: paymentId=MCJ-1-bc25b93c7a8644828f9c, userId=40, errorCode=GROUPBUY_LOCK_ACQUISITION_FAILED, elapsedMs=683
2026-08-17 17:09:37.287 [http-nio-8081-exec-25] INFO  c.m.d.p.a.PaymentAuditLogService [traceId=47bf0ef9-e5ab-424b-8a1f-7e9d8e9b411c] - [payment_audit] source=COMPLETE_API eventType=PAYMENT_FAILED result=failure orderId=MCJ-1-a1571e15fa84486fb78b pgPaymentId=null pgStatus=null previousOrderStatus=null currentOrderStatus=null reason=GROUPBUY_LOCK_ACQUISITION_FAILED
2026-08-17 17:09:37.295 [http-nio-8081-exec-41] INFO  c.m.d.p.a.PaymentAuditLogService [traceId=63d20bd6-4b1e-4f1c-a4f5-ac27b41edb1d] - [payment_audit] source=COMPLETE_API eventType=PAYMENT_FAILED result=failure orderId=MCJ-1-158f0dac9a044400b8d0 pgPaymentId=null pgStatus=null previousOrderStatus=null currentOrderStatus=null reason=GROUPBUY_LOCK_ACQUISITION_FAILED
2026-08-17 17:09:37.296 [http-nio-8081-exec-13] INFO  c.m.d.p.a.PaymentAuditLogService [traceId=474300ab-ff50-45fe-9b70-ead71e02fde6] - [payment_audit] source=COMPLETE_API eventType=PAYMENT_FAILED result=failure orderId=MCJ-1-024cb4c712ce4ac48534 pgPaymentId=null pgStatus=null previousOrderStatus=null currentOrderStatus=null reason=GROUPBUY_LOCK_ACQUISITION_FAILED
2026-08-17 17:09:37.296 [http-nio-8081-exec-43] INFO  c.m.d.p.a.PaymentAuditLogService [traceId=b1ef7e9a-5ead-40af-9053-ea824ba2b287] - [payment_audit] source=COMPLETE_API eventType=PAYMENT_FAILED result=failure orderId=MCJ-1-d269c746363440108a95 pgPaymentId=null pgStatus=null previousOrderStatus=null currentOrderStatus=null reason=GROUPBUY_LOCK_ACQUISITION_FAILED
2026-08-17 17:09:37.298 [http-nio-8081-exec-11] INFO  c.m.d.p.a.PaymentAuditLogService [traceId=e8b1dc01-0758-4f9d-9a8c-8d7484aea382] - [payment_audit] source=COMPLETE_API eventType=PAYMENT_FAILED result=failure orderId=MCJ-1-f736c5e3aead447bb343 pgPaymentId=null pgStatus=null previousOrderStatus=null currentOrderStatus=null reason=GROUPBUY_LOCK_ACQUISITION_FAILED
2026-08-17 17:09:37.298 [http-nio-8081-exec-29] INFO  c.m.d.p.a.PaymentAuditLogService [traceId=19f570ad-6bb0-457e-a7ed-e52960065aa0] - [payment_audit] source=COMPLETE_API eventType=PAYMENT_FAILED result=failure orderId=MCJ-1-012ac0b6a6f7434fbee8 pgPaymentId=null pgStatus=null previousOrderStatus=null currentOrderStatus=null reason=GROUPBUY_LOCK_ACQUISITION_FAILED
2026-08-17 17:09:37.298 [http-nio-8081-exec-37] INFO  c.m.d.p.a.PaymentAuditLogService [traceId=dddeb3f3-d7a7-4e04-a97b-9d4db4647084] - [payment_audit] source=COMPLETE_API eventType=PAYMENT_FAILED result=failure orderId=MCJ-1-f6fc9d75fde747099de4 pgPaymentId=null pgStatus=null previousOrderStatus=null currentOrderStatus=null reason=GROUPBUY_LOCK_ACQUISITION_FAILED
2026-08-17 17:09:37.302 [http-nio-8081-exec-7] INFO  c.m.d.p.a.PaymentAuditLogService [traceId=ac26df58-a989-4bfc-b5c0-ba70744c4f15] - [payment_audit] source=COMPLETE_API eventType=PAYMENT_FAILED result=failure orderId=MCJ-1-20ff24733d7f490d935f pgPaymentId=null pgStatus=null previousOrderStatus=null currentOrderStatus=null reason=GROUPBUY_LOCK_ACQUISITION_FAILED
2026-08-17 17:09:37.308 [http-nio-8081-exec-26] WARN  c.m.d.p.application.PaymentService [traceId=da652252-8150-49aa-b886-d37a68552f2e] - [PaymentService] 결제 완료 검증 실패: paymentId=MCJ-1-012478f058d549f3a2a3, userId=48, errorCode=GROUPBUY_LOCK_ACQUISITION_FAILED, elapsedMs=711
2026-08-17 17:09:37.318 [http-nio-8081-exec-33] INFO  c.m.d.p.application.PaymentService [traceId=641b2e0e-8373-4b77-82c4-3a0a0c7a7faf] - [PaymentService] 결제 완료 검증 성공: paymentId=MCJ-1-16e1d37a3bd74d9b8bf8, userId=68, participationId=231, elapsedMs=721
2026-08-17 17:09:37.319 [http-nio-8081-exec-20] INFO  c.m.d.p.a.PaymentAuditLogService [traceId=ddaaa4e4-9657-45f8-9152-3b4aeccb5336] - [payment_audit] source=COMPLETE_API eventType=PAYMENT_FAILED result=failure orderId=MCJ-1-bc25b93c7a8644828f9c pgPaymentId=null pgStatus=null previousOrderStatus=null currentOrderStatus=null reason=GROUPBUY_LOCK_ACQUISITION_FAILED
2026-08-17 17:09:37.320 [http-nio-8081-exec-21] WARN  c.m.d.p.application.PaymentService [traceId=3d54f008-f069-4520-b0c2-f75e17b5b9e1] - [PaymentService] 결제 완료 검증 실패: paymentId=MCJ-1-af9986373ac94e158eed, userId=42, errorCode=GROUPBUY_LOCK_ACQUISITION_FAILED, elapsedMs=726
2026-08-17 17:09:37.320 [http-nio-8081-exec-49] WARN  c.m.d.p.application.PaymentService [traceId=a953799c-0dca-423c-b818-cc69fbfc7e73] - [PaymentService] 결제 완료 검증 실패: paymentId=MCJ-1-5fa25d5ab15242a1a951, userId=100, errorCode=GROUPBUY_LOCK_ACQUISITION_FAILED, elapsedMs=726
2026-08-17 17:09:37.320 [http-nio-8081-exec-45] WARN  c.m.d.p.application.PaymentService [traceId=33758fdc-c2bf-4356-b378-35bd5cb3d818] - [PaymentService] 결제 완료 검증 실패: paymentId=MCJ-1-770ce5a9e27341978e94, userId=86, errorCode=GROUPBUY_LOCK_ACQUISITION_FAILED, elapsedMs=726
2026-08-17 17:09:37.320 [http-nio-8081-exec-10] WARN  c.m.d.p.application.PaymentService [traceId=cb547b4d-b606-49f6-8c20-35eaef9d72e7] - [PaymentService] 결제 완료 검증 실패: paymentId=MCJ-1-7354dca1510f420b9e02, userId=28, errorCode=GROUPBUY_LOCK_ACQUISITION_FAILED, elapsedMs=726
2026-08-17 17:09:37.323 [http-nio-8081-exec-16] WARN  c.m.d.p.application.PaymentService [traceId=1f5640cb-410c-4747-a998-8737508d28d9] - [PaymentService] 결제 완료 검증 실패: paymentId=MCJ-1-523bf62a29984d2083ec, userId=38, errorCode=GROUPBUY_LOCK_ACQUISITION_FAILED, elapsedMs=725
2026-08-17 17:09:37.323 [http-nio-8081-exec-30] WARN  c.m.d.p.application.PaymentService [traceId=108a11f7-6569-472f-90dc-8f3ced71f18e] - [PaymentService] 결제 완료 검증 실패: paymentId=MCJ-1-dd2bb138715e4ee5834a, userId=78, errorCode=GROUPBUY_LOCK_ACQUISITION_FAILED, elapsedMs=728
2026-08-17 17:09:37.325 [http-nio-8081-exec-26] INFO  c.m.d.p.a.PaymentAuditLogService [traceId=da652252-8150-49aa-b886-d37a68552f2e] - [payment_audit] source=COMPLETE_API eventType=PAYMENT_FAILED result=failure orderId=MCJ-1-012478f058d549f3a2a3 pgPaymentId=null pgStatus=null previousOrderStatus=null currentOrderStatus=null reason=GROUPBUY_LOCK_ACQUISITION_FAILED
2026-08-17 17:09:37.333 [http-nio-8081-exec-21] INFO  c.m.d.p.a.PaymentAuditLogService [traceId=3d54f008-f069-4520-b0c2-f75e17b5b9e1] - [payment_audit] source=COMPLETE_API eventType=PAYMENT_FAILED result=failure orderId=MCJ-1-af9986373ac94e158eed pgPaymentId=null pgStatus=null previousOrderStatus=null currentOrderStatus=null reason=GROUPBUY_LOCK_ACQUISITION_FAILED
2026-08-17 17:09:37.335 [http-nio-8081-exec-16] INFO  c.m.d.p.a.PaymentAuditLogService [traceId=1f5640cb-410c-4747-a998-8737508d28d9] - [payment_audit] source=COMPLETE_API eventType=PAYMENT_FAILED result=failure orderId=MCJ-1-523bf62a29984d2083ec pgPaymentId=null pgStatus=null previousOrderStatus=null currentOrderStatus=null reason=GROUPBUY_LOCK_ACQUISITION_FAILED
2026-08-17 17:09:37.335 [http-nio-8081-exec-32] WARN  c.m.d.p.application.PaymentService [traceId=76d4ef63-e78e-49f5-af1c-e268f2aa7de5] - [PaymentService] 결제 완료 검증 실패: paymentId=MCJ-1-bf7b1f47cf7a499cabcb, userId=72, errorCode=GROUPBUY_LOCK_ACQUISITION_FAILED, elapsedMs=740
2026-08-17 17:09:37.335 [http-nio-8081-exec-1] WARN  c.m.d.p.application.PaymentService [traceId=eb64c334-0aac-477e-9fc4-74a26992c21e] - [PaymentService] 결제 완료 검증 실패: paymentId=MCJ-1-bfb78b4183f047e390c8, userId=22, errorCode=GROUPBUY_LOCK_ACQUISITION_FAILED, elapsedMs=738
2026-08-17 17:09:37.335 [http-nio-8081-exec-39] WARN  c.m.d.p.application.PaymentService [traceId=6c2cf031-6f56-414e-a860-1736724703d4] - [PaymentService] 결제 완료 검증 실패: paymentId=MCJ-1-6ed72e89f7214c3daab7, userId=76, errorCode=GROUPBUY_LOCK_ACQUISITION_FAILED, elapsedMs=738
2026-08-17 17:09:37.335 [http-nio-8081-exec-34] WARN  c.m.d.p.application.PaymentService [traceId=9e5bc63c-3e87-40b3-bd83-84c57ff757cf] - [PaymentService] 결제 완료 검증 실패: paymentId=MCJ-1-240c7c7c5d954af0a70d, userId=74, errorCode=GROUPBUY_LOCK_ACQUISITION_FAILED, elapsedMs=741
2026-08-17 17:09:37.335 [http-nio-8081-exec-15] WARN  c.m.d.p.application.PaymentService [traceId=f0f6e66c-e065-40b4-80f6-0dd0ecd1743b] - [PaymentService] 결제 완료 검증 실패: paymentId=MCJ-1-a7c141b4788b4f7e84e6, userId=32, errorCode=GROUPBUY_LOCK_ACQUISITION_FAILED, elapsedMs=741
2026-08-17 17:09:37.335 [http-nio-8081-exec-40] WARN  c.m.d.p.application.PaymentService [traceId=50fb5407-3034-4a4b-9252-45a45b3c2ee3] - [PaymentService] 결제 완료 검증 실패: paymentId=MCJ-1-d2a7fbd862e6450e8318, userId=80, errorCode=GROUPBUY_LOCK_ACQUISITION_FAILED, elapsedMs=738
2026-08-17 17:09:37.335 [http-nio-8081-exec-46] WARN  c.m.d.p.application.PaymentService [traceId=aafe9f03-5e77-4557-ba7f-c76d378106b5] - [PaymentService] 결제 완료 검증 실패: paymentId=MCJ-1-b41965c6797b4fe18ab3, userId=94, errorCode=GROUPBUY_LOCK_ACQUISITION_FAILED, elapsedMs=740
2026-08-17 17:09:37.335 [http-nio-8081-exec-38] WARN  c.m.d.p.application.PaymentService [traceId=4e639bbd-8fb9-414f-8316-06c54cec711d] - [PaymentService] 결제 완료 검증 실패: paymentId=MCJ-1-31adebb8ea32438cb214, userId=66, errorCode=GROUPBUY_LOCK_ACQUISITION_FAILED, elapsedMs=741
2026-08-17 17:09:37.336 [http-nio-8081-exec-45] INFO  c.m.d.p.a.PaymentAuditLogService [traceId=33758fdc-c2bf-4356-b378-35bd5cb3d818] - [payment_audit] source=COMPLETE_API eventType=PAYMENT_FAILED result=failure orderId=MCJ-1-770ce5a9e27341978e94 pgPaymentId=null pgStatus=null previousOrderStatus=null currentOrderStatus=null reason=GROUPBUY_LOCK_ACQUISITION_FAILED
2026-08-17 17:09:37.337 [http-nio-8081-exec-23] WARN  c.m.d.p.application.PaymentService [traceId=132bbad7-7a32-43ed-bc1a-ab1b49574530] - [PaymentService] 결제 완료 검증 실패: paymentId=MCJ-1-d5abfcb22cb84f0394b0, userId=46, errorCode=GROUPBUY_LOCK_ACQUISITION_FAILED, elapsedMs=739
2026-08-17 17:09:37.337 [http-nio-8081-exec-30] INFO  c.m.d.p.a.PaymentAuditLogService [traceId=108a11f7-6569-472f-90dc-8f3ced71f18e] - [payment_audit] source=COMPLETE_API eventType=PAYMENT_FAILED result=failure orderId=MCJ-1-dd2bb138715e4ee5834a pgPaymentId=null pgStatus=null previousOrderStatus=null currentOrderStatus=null reason=GROUPBUY_LOCK_ACQUISITION_FAILED
2026-08-17 17:09:37.337 [http-nio-8081-exec-10] INFO  c.m.d.p.a.PaymentAuditLogService [traceId=cb547b4d-b606-49f6-8c20-35eaef9d72e7] - [payment_audit] source=COMPLETE_API eventType=PAYMENT_FAILED result=failure orderId=MCJ-1-7354dca1510f420b9e02 pgPaymentId=null pgStatus=null previousOrderStatus=null currentOrderStatus=null reason=GROUPBUY_LOCK_ACQUISITION_FAILED
2026-08-17 17:09:37.338 [http-nio-8081-exec-47] WARN  c.m.d.p.application.PaymentService [traceId=70acc397-0d88-41c2-91f3-d377cfa99291] - [PaymentService] 결제 완료 검증 실패: paymentId=MCJ-1-3a1ebde5b46c48f399df, userId=96, errorCode=GROUPBUY_LOCK_ACQUISITION_FAILED, elapsedMs=741
2026-08-17 17:09:37.340 [http-nio-8081-exec-49] INFO  c.m.d.p.a.PaymentAuditLogService [traceId=a953799c-0dca-423c-b818-cc69fbfc7e73] - [payment_audit] source=COMPLETE_API eventType=PAYMENT_FAILED result=failure orderId=MCJ-1-5fa25d5ab15242a1a951 pgPaymentId=null pgStatus=null previousOrderStatus=null currentOrderStatus=null reason=GROUPBUY_LOCK_ACQUISITION_FAILED
2026-08-17 17:09:37.362 [http-nio-8081-exec-1] INFO  c.m.d.p.a.PaymentAuditLogService [traceId=eb64c334-0aac-477e-9fc4-74a26992c21e] - [payment_audit] source=COMPLETE_API eventType=PAYMENT_FAILED result=failure orderId=MCJ-1-bfb78b4183f047e390c8 pgPaymentId=null pgStatus=null previousOrderStatus=null currentOrderStatus=null reason=GROUPBUY_LOCK_ACQUISITION_FAILED
2026-08-17 17:09:37.367 [http-nio-8081-exec-18] WARN  c.m.d.p.application.PaymentService [traceId=6afc6215-3595-48a0-a3e1-7197a26bf93c] - [PaymentService] 결제 완료 검증 실패: paymentId=MCJ-1-2a31fd817dbb4a5bb0c4, userId=30, errorCode=GROUPBUY_LOCK_ACQUISITION_FAILED, elapsedMs=770
2026-08-17 17:09:37.369 [http-nio-8081-exec-39] INFO  c.m.d.p.a.PaymentAuditLogService [traceId=6c2cf031-6f56-414e-a860-1736724703d4] - [payment_audit] source=COMPLETE_API eventType=PAYMENT_FAILED result=failure orderId=MCJ-1-6ed72e89f7214c3daab7 pgPaymentId=null pgStatus=null previousOrderStatus=null currentOrderStatus=null reason=GROUPBUY_LOCK_ACQUISITION_FAILED
2026-08-17 17:09:37.370 [http-nio-8081-exec-40] INFO  c.m.d.p.a.PaymentAuditLogService [traceId=50fb5407-3034-4a4b-9252-45a45b3c2ee3] - [payment_audit] source=COMPLETE_API eventType=PAYMENT_FAILED result=failure orderId=MCJ-1-d2a7fbd862e6450e8318 pgPaymentId=null pgStatus=null previousOrderStatus=null currentOrderStatus=null reason=GROUPBUY_LOCK_ACQUISITION_FAILED
2026-08-17 17:09:37.370 [http-nio-8081-exec-15] INFO  c.m.d.p.a.PaymentAuditLogService [traceId=f0f6e66c-e065-40b4-80f6-0dd0ecd1743b] - [payment_audit] source=COMPLETE_API eventType=PAYMENT_FAILED result=failure orderId=MCJ-1-a7c141b4788b4f7e84e6 pgPaymentId=null pgStatus=null previousOrderStatus=null currentOrderStatus=null reason=GROUPBUY_LOCK_ACQUISITION_FAILED
2026-08-17 17:09:37.370 [http-nio-8081-exec-23] INFO  c.m.d.p.a.PaymentAuditLogService [traceId=132bbad7-7a32-43ed-bc1a-ab1b49574530] - [payment_audit] source=COMPLETE_API eventType=PAYMENT_FAILED result=failure orderId=MCJ-1-d5abfcb22cb84f0394b0 pgPaymentId=null pgStatus=null previousOrderStatus=null currentOrderStatus=null reason=GROUPBUY_LOCK_ACQUISITION_FAILED
2026-08-17 17:09:37.370 [http-nio-8081-exec-38] INFO  c.m.d.p.a.PaymentAuditLogService [traceId=4e639bbd-8fb9-414f-8316-06c54cec711d] - [payment_audit] source=COMPLETE_API eventType=PAYMENT_FAILED result=failure orderId=MCJ-1-31adebb8ea32438cb214 pgPaymentId=null pgStatus=null previousOrderStatus=null currentOrderStatus=null reason=GROUPBUY_LOCK_ACQUISITION_FAILED
2026-08-17 17:09:37.375 [http-nio-8081-exec-50] WARN  c.m.d.p.application.PaymentService [traceId=5f0bcf6b-d0f6-4ed7-a0c9-2dce3911ed4e] - [PaymentService] 결제 완료 검증 실패: paymentId=MCJ-1-5bf1872b9b5b473b9c5c, userId=84, errorCode=GROUPBUY_LOCK_ACQUISITION_FAILED, elapsedMs=780
2026-08-17 17:09:37.375 [http-nio-8081-exec-36] WARN  c.m.d.p.application.PaymentService [traceId=91e36891-5785-47d1-a7db-aba1a6f2cd9a] - [PaymentService] 결제 완료 검증 실패: paymentId=MCJ-1-bd347193bbf6482d80d9, userId=70, errorCode=GROUPBUY_LOCK_ACQUISITION_FAILED, elapsedMs=781
2026-08-17 17:09:37.376 [http-nio-8081-exec-31] WARN  c.m.d.p.application.PaymentService [traceId=dbde7a05-dcdb-4e53-bb94-8e9fe6cf7b42] - [PaymentService] 결제 완료 검증 실패: paymentId=MCJ-1-ed76c28f55bb4e8ebfc8, userId=64, errorCode=GROUPBUY_LOCK_ACQUISITION_FAILED, elapsedMs=781
2026-08-17 17:09:37.376 [http-nio-8081-exec-6] WARN  c.m.d.p.application.PaymentService [traceId=eff3a284-f677-42eb-9dd7-f650e702e2b3] - [PaymentService] 결제 완료 검증 실패: paymentId=MCJ-1-b736229deb2d4dc79e2d, userId=6, errorCode=GROUPBUY_LOCK_ACQUISITION_FAILED, elapsedMs=781
2026-08-17 17:09:37.376 [http-nio-8081-exec-44] WARN  c.m.d.p.application.PaymentService [traceId=3d9fdc87-d6f1-4015-9822-f880a17bd812] - [PaymentService] 결제 완료 검증 실패: paymentId=MCJ-1-e06461a437cb4b27823a, userId=90, errorCode=GROUPBUY_LOCK_ACQUISITION_FAILED, elapsedMs=782
2026-08-17 17:09:37.376 [http-nio-8081-exec-9] WARN  c.m.d.p.application.PaymentService [traceId=a0949a3d-a074-4de7-b433-fa0c462dfdd9] - [PaymentService] 결제 완료 검증 실패: paymentId=MCJ-1-8ce0d741dea74309a597, userId=24, errorCode=GROUPBUY_LOCK_ACQUISITION_FAILED, elapsedMs=782
2026-08-17 17:09:37.376 [http-nio-8081-exec-28] WARN  c.m.d.p.application.PaymentService [traceId=f7d0ecfb-9ae7-45b1-92e2-4ad2e0977aa0] - [PaymentService] 결제 완료 검증 실패: paymentId=MCJ-1-201258dff0c146b5bb6e, userId=44, errorCode=GROUPBUY_LOCK_ACQUISITION_FAILED, elapsedMs=782
2026-08-17 17:09:37.377 [http-nio-8081-exec-46] INFO  c.m.d.p.a.PaymentAuditLogService [traceId=aafe9f03-5e77-4557-ba7f-c76d378106b5] - [payment_audit] source=COMPLETE_API eventType=PAYMENT_FAILED result=failure orderId=MCJ-1-b41965c6797b4fe18ab3 pgPaymentId=null pgStatus=null previousOrderStatus=null currentOrderStatus=null reason=GROUPBUY_LOCK_ACQUISITION_FAILED
2026-08-17 17:09:37.376 [http-nio-8081-exec-17] WARN  c.m.d.p.application.PaymentService [traceId=f4c4b592-4b98-4a23-a824-2301afe5b0ae] - [PaymentService] 결제 완료 검증 실패: paymentId=MCJ-1-059ec7a9377247bd8038, userId=34, errorCode=GROUPBUY_LOCK_ACQUISITION_FAILED, elapsedMs=781
2026-08-17 17:09:37.376 [http-nio-8081-exec-2] WARN  c.m.d.p.application.PaymentService [traceId=aa85fb1e-31f0-4c2e-acb2-92af95d98e79] - [PaymentService] 결제 완료 검증 실패: paymentId=MCJ-1-fc8948cac0e54c859ede, userId=26, errorCode=GROUPBUY_LOCK_ACQUISITION_FAILED, elapsedMs=780
2026-08-17 17:09:37.377 [http-nio-8081-exec-34] INFO  c.m.d.p.a.PaymentAuditLogService [traceId=9e5bc63c-3e87-40b3-bd83-84c57ff757cf] - [payment_audit] source=COMPLETE_API eventType=PAYMENT_FAILED result=failure orderId=MCJ-1-240c7c7c5d954af0a70d pgPaymentId=null pgStatus=null previousOrderStatus=null currentOrderStatus=null reason=GROUPBUY_LOCK_ACQUISITION_FAILED
2026-08-17 17:09:37.379 [http-nio-8081-exec-32] INFO  c.m.d.p.a.PaymentAuditLogService [traceId=76d4ef63-e78e-49f5-af1c-e268f2aa7de5] - [payment_audit] source=COMPLETE_API eventType=PAYMENT_FAILED result=failure orderId=MCJ-1-bf7b1f47cf7a499cabcb pgPaymentId=null pgStatus=null previousOrderStatus=null currentOrderStatus=null reason=GROUPBUY_LOCK_ACQUISITION_FAILED
2026-08-17 17:09:37.402 [http-nio-8081-exec-48] WARN  c.m.d.p.application.PaymentService [traceId=87048ecc-2451-4fc0-9c2d-4b34de0bcbfb] - [PaymentService] 결제 완료 검증 실패: paymentId=MCJ-1-17ed8e1c725741d7a540, userId=92, errorCode=GROUPBUY_LOCK_ACQUISITION_FAILED, elapsedMs=808
2026-08-17 17:09:37.404 [http-nio-8081-exec-31] INFO  c.m.d.p.a.PaymentAuditLogService [traceId=dbde7a05-dcdb-4e53-bb94-8e9fe6cf7b42] - [payment_audit] source=COMPLETE_API eventType=PAYMENT_FAILED result=failure orderId=MCJ-1-ed76c28f55bb4e8ebfc8 pgPaymentId=null pgStatus=null previousOrderStatus=null currentOrderStatus=null reason=GROUPBUY_LOCK_ACQUISITION_FAILED
2026-08-17 17:09:37.404 [http-nio-8081-exec-6] INFO  c.m.d.p.a.PaymentAuditLogService [traceId=eff3a284-f677-42eb-9dd7-f650e702e2b3] - [payment_audit] source=COMPLETE_API eventType=PAYMENT_FAILED result=failure orderId=MCJ-1-b736229deb2d4dc79e2d pgPaymentId=null pgStatus=null previousOrderStatus=null currentOrderStatus=null reason=GROUPBUY_LOCK_ACQUISITION_FAILED
2026-08-17 17:09:37.404 [http-nio-8081-exec-47] INFO  c.m.d.p.a.PaymentAuditLogService [traceId=70acc397-0d88-41c2-91f3-d377cfa99291] - [payment_audit] source=COMPLETE_API eventType=PAYMENT_FAILED result=failure orderId=MCJ-1-3a1ebde5b46c48f399df pgPaymentId=null pgStatus=null previousOrderStatus=null currentOrderStatus=null reason=GROUPBUY_LOCK_ACQUISITION_FAILED
2026-08-17 17:09:37.405 [http-nio-8081-exec-18] INFO  c.m.d.p.a.PaymentAuditLogService [traceId=6afc6215-3595-48a0-a3e1-7197a26bf93c] - [payment_audit] source=COMPLETE_API eventType=PAYMENT_FAILED result=failure orderId=MCJ-1-2a31fd817dbb4a5bb0c4 pgPaymentId=null pgStatus=null previousOrderStatus=null currentOrderStatus=null reason=GROUPBUY_LOCK_ACQUISITION_FAILED
2026-08-17 17:09:37.406 [http-nio-8081-exec-24] WARN  c.m.d.p.application.PaymentService [traceId=52b76d7a-9c67-4699-9229-b0442db8c085] - [PaymentService] 결제 완료 검증 실패: paymentId=MCJ-1-aadbfd59c81e4c9c977d, userId=54, errorCode=GROUPBUY_LOCK_ACQUISITION_FAILED, elapsedMs=811
2026-08-17 17:09:37.406 [http-nio-8081-exec-22] WARN  c.m.d.p.application.PaymentService [traceId=66bccc9a-4f6d-4000-beb8-2c8cbc9bf41d] - [PaymentService] 결제 완료 검증 실패: paymentId=MCJ-1-4e8c458468f4471d9193, userId=56, errorCode=GROUPBUY_LOCK_ACQUISITION_FAILED, elapsedMs=809
2026-08-17 17:09:37.407 [http-nio-8081-exec-42] WARN  c.m.d.p.application.PaymentService [traceId=3470c04a-d019-4f84-9745-bc180301d981] - [PaymentService] 결제 완료 검증 실패: paymentId=MCJ-1-ddf80d3f6ef146d5abd7, userId=82, errorCode=GROUPBUY_LOCK_ACQUISITION_FAILED, elapsedMs=810
2026-08-17 17:09:37.416 [http-nio-8081-exec-36] INFO  c.m.d.p.a.PaymentAuditLogService [traceId=91e36891-5785-47d1-a7db-aba1a6f2cd9a] - [payment_audit] source=COMPLETE_API eventType=PAYMENT_FAILED result=failure orderId=MCJ-1-bd347193bbf6482d80d9 pgPaymentId=null pgStatus=null previousOrderStatus=null currentOrderStatus=null reason=GROUPBUY_LOCK_ACQUISITION_FAILED
2026-08-17 17:09:37.416 [http-nio-8081-exec-50] INFO  c.m.d.p.a.PaymentAuditLogService [traceId=5f0bcf6b-d0f6-4ed7-a0c9-2dce3911ed4e] - [payment_audit] source=COMPLETE_API eventType=PAYMENT_FAILED result=failure orderId=MCJ-1-5bf1872b9b5b473b9c5c pgPaymentId=null pgStatus=null previousOrderStatus=null currentOrderStatus=null reason=GROUPBUY_LOCK_ACQUISITION_FAILED
2026-08-17 17:09:37.416 [http-nio-8081-exec-44] INFO  c.m.d.p.a.PaymentAuditLogService [traceId=3d9fdc87-d6f1-4015-9822-f880a17bd812] - [payment_audit] source=COMPLETE_API eventType=PAYMENT_FAILED result=failure orderId=MCJ-1-e06461a437cb4b27823a pgPaymentId=null pgStatus=null previousOrderStatus=null currentOrderStatus=null reason=GROUPBUY_LOCK_ACQUISITION_FAILED
2026-08-17 17:09:37.417 [http-nio-8081-exec-9] INFO  c.m.d.p.a.PaymentAuditLogService [traceId=a0949a3d-a074-4de7-b433-fa0c462dfdd9] - [payment_audit] source=COMPLETE_API eventType=PAYMENT_FAILED result=failure orderId=MCJ-1-8ce0d741dea74309a597 pgPaymentId=null pgStatus=null previousOrderStatus=null currentOrderStatus=null reason=GROUPBUY_LOCK_ACQUISITION_FAILED
2026-08-17 17:09:37.433 [http-nio-8081-exec-5] INFO  c.m.d.p.application.PaymentService [traceId=1fd125eb-a3e6-43e6-87f3-bdb7f746147b] - [PaymentService] 결제 완료 검증 성공: paymentId=MCJ-1-e41d33ca5adc4dcaa713, userId=8, participationId=232, elapsedMs=839
2026-08-17 17:09:37.436 [http-nio-8081-exec-4] WARN  c.m.d.p.application.PaymentService [traceId=19f6be3c-3233-41cb-b39d-76e68b26b7b3] - [PaymentService] 결제 완료 검증 실패: paymentId=MCJ-1-f16444bc956548efadc9, userId=4, errorCode=GROUPBUY_LOCK_ACQUISITION_FAILED, elapsedMs=842
2026-08-17 17:09:37.437 [http-nio-8081-exec-12] WARN  c.m.d.p.application.PaymentService [traceId=27ffb185-60d2-4881-9bf9-06587f52bdaa] - [PaymentService] 결제 완료 검증 실패: paymentId=MCJ-1-df8352c871a940ffa248, userId=18, errorCode=GROUPBUY_LOCK_ACQUISITION_FAILED, elapsedMs=842
2026-08-17 17:09:37.437 [http-nio-8081-exec-35] WARN  c.m.d.p.application.PaymentService [traceId=019b6d86-40ca-44d6-be02-5a8f318b37aa] - [PaymentService] 결제 완료 검증 실패: paymentId=MCJ-1-3d900d56a10f4748bd18, userId=60, errorCode=GROUPBUY_LOCK_ACQUISITION_FAILED, elapsedMs=842
2026-08-17 17:09:37.439 [http-nio-8081-exec-8] WARN  c.m.d.p.application.PaymentService [traceId=c77856a3-55f4-418d-a75d-019a21375aa6] - [PaymentService] 결제 완료 검증 실패: paymentId=MCJ-1-672a3078bde3431086e8, userId=10, errorCode=GROUPBUY_LOCK_ACQUISITION_FAILED, elapsedMs=842
2026-08-17 17:09:37.439 [http-nio-8081-exec-28] INFO  c.m.d.p.a.PaymentAuditLogService [traceId=f7d0ecfb-9ae7-45b1-92e2-4ad2e0977aa0] - [payment_audit] source=COMPLETE_API eventType=PAYMENT_FAILED result=failure orderId=MCJ-1-201258dff0c146b5bb6e pgPaymentId=null pgStatus=null previousOrderStatus=null currentOrderStatus=null reason=GROUPBUY_LOCK_ACQUISITION_FAILED
2026-08-17 17:09:37.444 [http-nio-8081-exec-22] INFO  c.m.d.p.a.PaymentAuditLogService [traceId=66bccc9a-4f6d-4000-beb8-2c8cbc9bf41d] - [payment_audit] source=COMPLETE_API eventType=PAYMENT_FAILED result=failure orderId=MCJ-1-4e8c458468f4471d9193 pgPaymentId=null pgStatus=null previousOrderStatus=null currentOrderStatus=null reason=GROUPBUY_LOCK_ACQUISITION_FAILED
2026-08-17 17:09:37.444 [http-nio-8081-exec-17] INFO  c.m.d.p.a.PaymentAuditLogService [traceId=f4c4b592-4b98-4a23-a824-2301afe5b0ae] - [payment_audit] source=COMPLETE_API eventType=PAYMENT_FAILED result=failure orderId=MCJ-1-059ec7a9377247bd8038 pgPaymentId=null pgStatus=null previousOrderStatus=null currentOrderStatus=null reason=GROUPBUY_LOCK_ACQUISITION_FAILED
2026-08-17 17:09:37.444 [http-nio-8081-exec-48] INFO  c.m.d.p.a.PaymentAuditLogService [traceId=87048ecc-2451-4fc0-9c2d-4b34de0bcbfb] - [payment_audit] source=COMPLETE_API eventType=PAYMENT_FAILED result=failure orderId=MCJ-1-17ed8e1c725741d7a540 pgPaymentId=null pgStatus=null previousOrderStatus=null currentOrderStatus=null reason=GROUPBUY_LOCK_ACQUISITION_FAILED
2026-08-17 17:09:37.444 [http-nio-8081-exec-24] INFO  c.m.d.p.a.PaymentAuditLogService [traceId=52b76d7a-9c67-4699-9229-b0442db8c085] - [payment_audit] source=COMPLETE_API eventType=PAYMENT_FAILED result=failure orderId=MCJ-1-aadbfd59c81e4c9c977d pgPaymentId=null pgStatus=null previousOrderStatus=null currentOrderStatus=null reason=GROUPBUY_LOCK_ACQUISITION_FAILED
2026-08-17 17:09:37.444 [http-nio-8081-exec-2] INFO  c.m.d.p.a.PaymentAuditLogService [traceId=aa85fb1e-31f0-4c2e-acb2-92af95d98e79] - [payment_audit] source=COMPLETE_API eventType=PAYMENT_FAILED result=failure orderId=MCJ-1-fc8948cac0e54c859ede pgPaymentId=null pgStatus=null previousOrderStatus=null currentOrderStatus=null reason=GROUPBUY_LOCK_ACQUISITION_FAILED
2026-08-17 17:09:37.445 [http-nio-8081-exec-42] INFO  c.m.d.p.a.PaymentAuditLogService [traceId=3470c04a-d019-4f84-9745-bc180301d981] - [payment_audit] source=COMPLETE_API eventType=PAYMENT_FAILED result=failure orderId=MCJ-1-ddf80d3f6ef146d5abd7 pgPaymentId=null pgStatus=null previousOrderStatus=null currentOrderStatus=null reason=GROUPBUY_LOCK_ACQUISITION_FAILED
2026-08-17 17:09:37.450 [http-nio-8081-exec-4] INFO  c.m.d.p.a.PaymentAuditLogService [traceId=19f6be3c-3233-41cb-b39d-76e68b26b7b3] - [payment_audit] source=COMPLETE_API eventType=PAYMENT_FAILED result=failure orderId=MCJ-1-f16444bc956548efadc9 pgPaymentId=null pgStatus=null previousOrderStatus=null currentOrderStatus=null reason=GROUPBUY_LOCK_ACQUISITION_FAILED
2026-08-17 17:09:37.454 [http-nio-8081-exec-8] INFO  c.m.d.p.a.PaymentAuditLogService [traceId=c77856a3-55f4-418d-a75d-019a21375aa6] - [payment_audit] source=COMPLETE_API eventType=PAYMENT_FAILED result=failure orderId=MCJ-1-672a3078bde3431086e8 pgPaymentId=null pgStatus=null previousOrderStatus=null currentOrderStatus=null reason=GROUPBUY_LOCK_ACQUISITION_FAILED
2026-08-17 17:09:37.454 [http-nio-8081-exec-12] INFO  c.m.d.p.a.PaymentAuditLogService [traceId=27ffb185-60d2-4881-9bf9-06587f52bdaa] - [payment_audit] source=COMPLETE_API eventType=PAYMENT_FAILED result=failure orderId=MCJ-1-df8352c871a940ffa248 pgPaymentId=null pgStatus=null previousOrderStatus=null currentOrderStatus=null reason=GROUPBUY_LOCK_ACQUISITION_FAILED
2026-08-17 17:09:37.456 [http-nio-8081-exec-35] INFO  c.m.d.p.a.PaymentAuditLogService [traceId=019b6d86-40ca-44d6-be02-5a8f318b37aa] - [payment_audit] source=COMPLETE_API eventType=PAYMENT_FAILED result=failure orderId=MCJ-1-3d900d56a10f4748bd18 pgPaymentId=null pgStatus=null previousOrderStatus=null currentOrderStatus=null reason=GROUPBUY_LOCK_ACQUISITION_FAILED
2026-08-17 17:09:37.752 [http-nio-8082-exec-35] WARN  c.m.d.p.application.PaymentService [traceId=d46fbc4d-4ddc-4928-9fc1-58ebbff2fa39] - [PaymentService][Experiment] fake PG payment result used: scenario=distributed-lock-only-100, paymentId=MCJ-1-7a8e43345a0a41cfbf40, status=PAID
2026-08-17 17:09:37.755 [http-nio-8082-exec-25] WARN  c.m.d.p.application.PaymentService [traceId=2a6e1c63-bf3a-468a-95d7-98a1d0828e58] - [PaymentService][Experiment] fake PG payment result used: scenario=distributed-lock-only-100, paymentId=MCJ-1-a8104e44cfb04db899d0, status=PAID
2026-08-17 17:09:37.757 [http-nio-8082-exec-49] WARN  c.m.d.p.application.PaymentService [traceId=10a576c5-7614-4e34-bb40-e17000af3ac2] - [PaymentService][Experiment] fake PG payment result used: scenario=distributed-lock-only-100, paymentId=MCJ-1-e1090c5fcb214108a4d6, status=PAID
2026-08-17 17:09:37.758 [http-nio-8082-exec-29] WARN  c.m.d.p.application.PaymentService [traceId=168b593d-cb2b-4e2b-95ca-10c5f38b873b] - [PaymentService][Experiment] fake PG payment result used: scenario=distributed-lock-only-100, paymentId=MCJ-1-681d0247837949849849, status=PAID
2026-08-17 17:09:37.760 [http-nio-8082-exec-7] WARN  c.m.d.p.application.PaymentService [traceId=3a1fb92d-4f85-43a1-89ca-b8f30c327e2f] - [PaymentService][Experiment] fake PG payment result used: scenario=distributed-lock-only-100, paymentId=MCJ-1-ab63d87d24bb4e8fb8ac, status=PAID
2026-08-17 17:09:37.761 [http-nio-8082-exec-50] WARN  c.m.d.p.application.PaymentService [traceId=7208d70b-585b-4ede-b415-51c577ee4b14] - [PaymentService][Experiment] fake PG payment result used: scenario=distributed-lock-only-100, paymentId=MCJ-1-b6c27f5727a149e790c0, status=PAID
2026-08-17 17:09:37.763 [http-nio-8082-exec-43] WARN  c.m.d.p.application.PaymentService [traceId=2880be18-78d3-44c0-b772-5e21b7d31204] - [PaymentService][Experiment] fake PG payment result used: scenario=distributed-lock-only-100, paymentId=MCJ-1-696d6f86eaec41c59b99, status=PAID
2026-08-17 17:09:37.763 [http-nio-8082-exec-8] WARN  c.m.d.p.application.PaymentService [traceId=54cfcf24-14b5-4aa9-b646-934c259996da] - [PaymentService][Experiment] fake PG payment result used: scenario=distributed-lock-only-100, paymentId=MCJ-1-a53eae62f7e14badb427, status=PAID
2026-08-17 17:09:37.765 [http-nio-8082-exec-5] WARN  c.m.d.p.application.PaymentService [traceId=f37cf3a9-7abd-4278-8752-eb6a8766b09e] - [PaymentService][Experiment] fake PG payment result used: scenario=distributed-lock-only-100, paymentId=MCJ-1-5e5b6f6d52ac42ec9ada, status=PAID
2026-08-17 17:09:37.768 [http-nio-8082-exec-36] WARN  c.m.d.p.application.PaymentService [traceId=c4745985-1a2b-4815-8916-137fdec7db12] - [PaymentService][Experiment] fake PG payment result used: scenario=distributed-lock-only-100, paymentId=MCJ-1-84199a53fd5c4f668651, status=PAID
2026-08-17 17:09:37.770 [http-nio-8082-exec-27] WARN  c.m.d.p.application.PaymentService [traceId=7f8b4d81-f2ad-49ad-a7e4-8c08ec2c70ad] - [PaymentService][Experiment] fake PG payment result used: scenario=distributed-lock-only-100, paymentId=MCJ-1-c7b357043c98432c87d5, status=PAID
2026-08-17 17:09:37.770 [http-nio-8082-exec-38] WARN  c.m.d.p.application.PaymentService [traceId=53e76b88-f7f9-422d-b719-7b2a3ee3c02f] - [PaymentService][Experiment] fake PG payment result used: scenario=distributed-lock-only-100, paymentId=MCJ-1-2e319aab1d824be2bff5, status=PAID
2026-08-17 17:09:37.771 [http-nio-8082-exec-26] WARN  c.m.d.p.application.PaymentService [traceId=ccd51e48-45e2-4615-bad2-2e7dfe49390a] - [PaymentService][Experiment] fake PG payment result used: scenario=distributed-lock-only-100, paymentId=MCJ-1-c01b2f99835b4151a3d7, status=PAID
2026-08-17 17:09:37.773 [http-nio-8082-exec-48] WARN  c.m.d.p.application.PaymentService [traceId=e235bca8-8029-45d1-8441-e72f000168d3] - [PaymentService][Experiment] fake PG payment result used: scenario=distributed-lock-only-100, paymentId=MCJ-1-ecf439e6492a4057ba8a, status=PAID
2026-08-17 17:09:37.775 [http-nio-8082-exec-15] WARN  c.m.d.p.application.PaymentService [traceId=79a1b79b-799f-41a3-a2ae-8f668c64c469] - [PaymentService][Experiment] fake PG payment result used: scenario=distributed-lock-only-100, paymentId=MCJ-1-c277bed40ed045feb329, status=PAID
2026-08-17 17:09:37.776 [http-nio-8082-exec-11] WARN  c.m.d.p.application.PaymentService [traceId=ae50439f-b605-4f1e-a7fd-50d5d5f16546] - [PaymentService][Experiment] fake PG payment result used: scenario=distributed-lock-only-100, paymentId=MCJ-1-b409908d74e7419ab56e, status=PAID
2026-08-17 17:09:37.781 [http-nio-8082-exec-24] WARN  c.m.d.p.application.PaymentService [traceId=e79776fa-4a9b-494e-a19e-f23a269c021d] - [PaymentService][Experiment] fake PG payment result used: scenario=distributed-lock-only-100, paymentId=MCJ-1-456fed9ac198474e9a07, status=PAID
2026-08-17 17:09:37.781 [http-nio-8082-exec-20] WARN  c.m.d.p.application.PaymentService [traceId=bf856dc5-8f5b-4533-bebf-07393f60716b] - [PaymentService][Experiment] fake PG payment result used: scenario=distributed-lock-only-100, paymentId=MCJ-1-4c6af79f350b47bca656, status=PAID
2026-08-17 17:09:37.783 [http-nio-8082-exec-30] WARN  c.m.d.p.application.PaymentService [traceId=b4f5cc2c-3716-45ad-8559-a3bc77f2f6c1] - [PaymentService][Experiment] fake PG payment result used: scenario=distributed-lock-only-100, paymentId=MCJ-1-40587d5cb08c474aa9c9, status=PAID
2026-08-17 17:09:37.783 [http-nio-8082-exec-45] WARN  c.m.d.p.application.PaymentService [traceId=b4e71eb1-82f2-4b7c-a210-b6131417ab46] - [PaymentService][Experiment] fake PG payment result used: scenario=distributed-lock-only-100, paymentId=MCJ-1-32d69e47bb2a485b8319, status=PAID
2026-08-17 17:09:37.784 [http-nio-8082-exec-22] WARN  c.m.d.p.application.PaymentService [traceId=94e0dbc2-b0a3-43f8-830d-950b1f9508f9] - [PaymentService][Experiment] fake PG payment result used: scenario=distributed-lock-only-100, paymentId=MCJ-1-85dad039a6124947903f, status=PAID
2026-08-17 17:09:37.785 [http-nio-8082-exec-14] WARN  c.m.d.p.application.PaymentService [traceId=daa763a7-5c4f-493b-8c31-004116f5d719] - [PaymentService][Experiment] fake PG payment result used: scenario=distributed-lock-only-100, paymentId=MCJ-1-557259298ce547fc84fc, status=PAID
2026-08-17 17:09:37.786 [http-nio-8082-exec-19] WARN  c.m.d.p.application.PaymentService [traceId=2e410bbc-d526-4d4f-81cd-eb20ac1d5778] - [PaymentService][Experiment] fake PG payment result used: scenario=distributed-lock-only-100, paymentId=MCJ-1-de70826349fd435bac9b, status=PAID
2026-08-17 17:09:37.792 [http-nio-8082-exec-28] WARN  c.m.d.p.application.PaymentService [traceId=8e329232-2ed5-4a32-85b7-50ce886b2a83] - [PaymentService][Experiment] fake PG payment result used: scenario=distributed-lock-only-100, paymentId=MCJ-1-2bdf4a1af9544105981f, status=PAID
2026-08-17 17:09:37.792 [http-nio-8082-exec-34] WARN  c.m.d.p.application.PaymentService [traceId=6f2bb5ef-f4d5-4ee7-bf26-882b8ee18fee] - [PaymentService][Experiment] fake PG payment result used: scenario=distributed-lock-only-100, paymentId=MCJ-1-a4c8eb42e0f6483cb446, status=PAID
2026-08-17 17:09:37.794 [http-nio-8082-exec-32] WARN  c.m.d.p.application.PaymentService [traceId=2845a185-3328-48e3-ab1b-b814b0335c32] - [PaymentService][Experiment] fake PG payment result used: scenario=distributed-lock-only-100, paymentId=MCJ-1-3dbebc566de14f0aa36c, status=PAID
2026-08-17 17:09:37.795 [http-nio-8082-exec-31] WARN  c.m.d.p.application.PaymentService [traceId=4a9f1e0e-f821-4053-8af2-1179f51dc4ca] - [PaymentService][Experiment] fake PG payment result used: scenario=distributed-lock-only-100, paymentId=MCJ-1-30f4d8278d184968bab5, status=PAID
2026-08-17 17:09:37.797 [http-nio-8082-exec-37] WARN  c.m.d.p.application.PaymentService [traceId=0b470ffc-0b3b-4f27-bb35-945242f09e02] - [PaymentService][Experiment] fake PG payment result used: scenario=distributed-lock-only-100, paymentId=MCJ-1-30ba103cd326414db19d, status=PAID
2026-08-17 17:09:37.803 [http-nio-8082-exec-39] WARN  c.m.d.p.application.PaymentService [traceId=0149fbe2-edef-4817-847f-00197eebbc73] - [PaymentService][Experiment] fake PG payment result used: scenario=distributed-lock-only-100, paymentId=MCJ-1-01f17909c69c4c9ba45c, status=PAID
2026-08-17 17:09:37.806 [http-nio-8082-exec-23] WARN  c.m.d.p.application.PaymentService [traceId=7d71c5a0-0149-4d6e-8e14-046df91b236b] - [PaymentService][Experiment] fake PG payment result used: scenario=distributed-lock-only-100, paymentId=MCJ-1-b0ff9736954f43798261, status=PAID
2026-08-17 17:09:37.806 [http-nio-8082-exec-13] WARN  c.m.d.p.application.PaymentService [traceId=e76729ec-81ae-4cc7-978a-f5735450d56b] - [PaymentService][Experiment] fake PG payment result used: scenario=distributed-lock-only-100, paymentId=MCJ-1-db5ccb5d79774bbb904c, status=PAID
2026-08-17 17:09:37.808 [http-nio-8082-exec-12] WARN  c.m.d.p.application.PaymentService [traceId=b71a796c-c219-419a-9b39-de5642dfb988] - [PaymentService][Experiment] fake PG payment result used: scenario=distributed-lock-only-100, paymentId=MCJ-1-6bc99fcaa5fc41399586, status=PAID
2026-08-17 17:09:37.809 [http-nio-8082-exec-46] WARN  c.m.d.p.application.PaymentService [traceId=b7f0368f-a868-42cb-ac2e-cb432831819d] - [PaymentService][Experiment] fake PG payment result used: scenario=distributed-lock-only-100, paymentId=MCJ-1-cbb693a656b74cb481c9, status=PAID
2026-08-17 17:09:37.813 [http-nio-8082-exec-40] WARN  c.m.d.p.application.PaymentService [traceId=5003cbb0-cafe-41cb-b03f-fb8f3e8554a5] - [PaymentService][Experiment] fake PG payment result used: scenario=distributed-lock-only-100, paymentId=MCJ-1-27d501417b8749f8899c, status=PAID
2026-08-17 17:09:37.814 [http-nio-8082-exec-3] WARN  c.m.d.p.application.PaymentService [traceId=aea1cdba-b0ca-4345-95d3-e158af8d8796] - [PaymentService][Experiment] fake PG payment result used: scenario=distributed-lock-only-100, paymentId=MCJ-1-0c9419adc8e042ffa053, status=PAID
2026-08-17 17:09:37.814 [http-nio-8082-exec-17] WARN  c.m.d.p.application.PaymentService [traceId=8c95ba06-1190-4cba-a891-2b92dbf35eb4] - [PaymentService][Experiment] fake PG payment result used: scenario=distributed-lock-only-100, paymentId=MCJ-1-8be7ab0bccec49e5a133, status=PAID
2026-08-17 17:09:37.816 [http-nio-8082-exec-1] WARN  c.m.d.p.application.PaymentService [traceId=0b278c95-95a7-4df1-b5c8-80729b138970] - [PaymentService][Experiment] fake PG payment result used: scenario=distributed-lock-only-100, paymentId=MCJ-1-7ff4a960f54149afa2b9, status=PAID
2026-08-17 17:09:37.821 [http-nio-8082-exec-9] WARN  c.m.d.p.application.PaymentService [traceId=99b8bd37-832a-4df8-9287-ad680eb0a7c6] - [PaymentService][Experiment] fake PG payment result used: scenario=distributed-lock-only-100, paymentId=MCJ-1-3b9b1af39a6e49bc86a8, status=PAID
2026-08-17 17:09:37.826 [http-nio-8082-exec-41] WARN  c.m.d.p.application.PaymentService [traceId=c24f00f2-53ac-4ecc-9fca-cd6b920c2bb9] - [PaymentService][Experiment] fake PG payment result used: scenario=distributed-lock-only-100, paymentId=MCJ-1-13c59080b0844e7ab25e, status=PAID
2026-08-17 17:09:37.827 [http-nio-8082-exec-10] WARN  c.m.d.p.application.PaymentService [traceId=063bf64d-c80c-4880-95e0-7d7b257ad733] - [PaymentService][Experiment] fake PG payment result used: scenario=distributed-lock-only-100, paymentId=MCJ-1-3b9d84364ec44efd837e, status=PAID
2026-08-17 17:09:37.837 [http-nio-8082-exec-4] WARN  c.m.d.p.application.PaymentService [traceId=44f6a573-fc99-4c43-9b1e-b3659e2133d3] - [PaymentService][Experiment] fake PG payment result used: scenario=distributed-lock-only-100, paymentId=MCJ-1-2efeff5e12ff496cba17, status=PAID
2026-08-17 17:09:37.841 [http-nio-8082-exec-6] WARN  c.m.d.p.application.PaymentService [traceId=a578b1ae-3b14-4990-9836-51b7c32227bd] - [PaymentService][Experiment] fake PG payment result used: scenario=distributed-lock-only-100, paymentId=MCJ-1-8c09af0174cc4e2f9777, status=PAID
2026-08-17 17:09:37.841 [http-nio-8082-exec-21] WARN  c.m.d.p.application.PaymentService [traceId=bc03c15a-f1c1-4094-812d-29a068109f2b] - [PaymentService][Experiment] fake PG payment result used: scenario=distributed-lock-only-100, paymentId=MCJ-1-7a52b61d71544ec7b81e, status=PAID
2026-08-17 17:09:37.841 [http-nio-8082-exec-33] WARN  c.m.d.p.application.PaymentService [traceId=921db6ec-cbd6-44e2-b73b-e2bed1b4ac8e] - [PaymentService][Experiment] fake PG payment result used: scenario=distributed-lock-only-100, paymentId=MCJ-1-fcda95969b9e4285b852, status=PAID
2026-08-17 17:09:37.845 [http-nio-8082-exec-47] WARN  c.m.d.p.application.PaymentService [traceId=0e45b954-6815-4ae1-ad82-8662154ea46e] - [PaymentService][Experiment] fake PG payment result used: scenario=distributed-lock-only-100, paymentId=MCJ-1-4169221ccb39462391c9, status=PAID
2026-08-17 17:09:37.851 [http-nio-8082-exec-16] WARN  c.m.d.p.application.PaymentService [traceId=2d6439e7-0fce-4ae8-8a25-e9651032c078] - [PaymentService][Experiment] fake PG payment result used: scenario=distributed-lock-only-100, paymentId=MCJ-1-434188b48f61404dacd8, status=PAID
2026-08-17 17:09:37.858 [http-nio-8082-exec-42] WARN  c.m.d.p.application.PaymentService [traceId=4ed35e21-ace0-4983-b7f8-460d18ae05f9] - [PaymentService][Experiment] fake PG payment result used: scenario=distributed-lock-only-100, paymentId=MCJ-1-c016744c96bc4da3b823, status=PAID
2026-08-17 17:09:37.869 [http-nio-8082-exec-2] WARN  c.m.d.p.application.PaymentService [traceId=0bf20e36-a3b1-4de7-8c9c-8aeeb7660591] - [PaymentService][Experiment] fake PG payment result used: scenario=distributed-lock-only-100, paymentId=MCJ-1-f904b49a1b8244a4baff, status=PAID
2026-08-17 17:09:37.872 [http-nio-8082-exec-44] WARN  c.m.d.p.application.PaymentService [traceId=2bad3be0-5124-40b7-be12-3f5f16d06bad] - [PaymentService][Experiment] fake PG payment result used: scenario=distributed-lock-only-100, paymentId=MCJ-1-b9d65d47298948c59524, status=PAID
2026-08-17 17:09:37.880 [http-nio-8082-exec-18] WARN  c.m.d.p.application.PaymentService [traceId=43665c7d-8660-4de3-bab6-0daaa7874824] - [PaymentService][Experiment] fake PG payment result used: scenario=distributed-lock-only-100, paymentId=MCJ-1-00831060f73d42c08588, status=PAID
2026-08-17 17:09:37.925 [http-nio-8082-exec-35] INFO  c.m.d.p.application.PaymentService [traceId=d46fbc4d-4ddc-4928-9fc1-58ebbff2fa39] - [PaymentService] 결제 완료 검증 성공: paymentId=MCJ-1-7a8e43345a0a41cfbf40, userId=55, participationId=233, elapsedMs=476
2026-08-17 17:09:37.951 [http-nio-8082-exec-48] INFO  c.m.d.p.application.PaymentService [traceId=e235bca8-8029-45d1-8441-e72f000168d3] - [PaymentService] 결제 완료 검증 성공: paymentId=MCJ-1-ecf439e6492a4057ba8a, userId=77, participationId=234, elapsedMs=502
2026-08-17 17:09:37.980 [http-nio-8082-exec-34] INFO  c.m.d.p.application.PaymentService [traceId=6f2bb5ef-f4d5-4ee7-bf26-882b8ee18fee] - [PaymentService] 결제 완료 검증 성공: paymentId=MCJ-1-a4c8eb42e0f6483cb446, userId=71, participationId=235, elapsedMs=531
2026-08-17 17:09:37.999 [http-nio-8082-exec-12] INFO  c.m.d.p.application.PaymentService [traceId=b71a796c-c219-419a-9b39-de5642dfb988] - [PaymentService] 결제 완료 검증 성공: paymentId=MCJ-1-6bc99fcaa5fc41399586, userId=33, participationId=236, elapsedMs=550
2026-08-17 17:09:38.027 [http-nio-8082-exec-3] INFO  c.m.d.p.application.PaymentService [traceId=aea1cdba-b0ca-4345-95d3-e158af8d8796] - [PaymentService] 결제 완료 검증 성공: paymentId=MCJ-1-0c9419adc8e042ffa053, userId=3, participationId=237, elapsedMs=578
2026-08-17 17:09:38.056 [http-nio-8082-exec-23] INFO  c.m.d.p.application.PaymentService [traceId=7d71c5a0-0149-4d6e-8e14-046df91b236b] - [PaymentService] 결제 완료 검증 성공: paymentId=MCJ-1-b0ff9736954f43798261, userId=49, participationId=238, elapsedMs=606
2026-08-17 17:09:38.117 [http-nio-8082-exec-18] INFO  c.m.d.p.application.PaymentService [traceId=43665c7d-8660-4de3-bab6-0daaa7874824] - [PaymentService] 결제 완료 검증 성공: paymentId=MCJ-1-00831060f73d42c08588, userId=37, participationId=239, elapsedMs=668
2026-08-17 17:09:38.146 [http-nio-8082-exec-32] INFO  c.m.d.p.application.PaymentService [traceId=2845a185-3328-48e3-ab1b-b814b0335c32] - [PaymentService] 결제 완료 검증 성공: paymentId=MCJ-1-3dbebc566de14f0aa36c, userId=63, participationId=240, elapsedMs=697
2026-08-17 17:09:38.184 [http-nio-8082-exec-47] INFO  c.m.d.p.application.PaymentService [traceId=0e45b954-6815-4ae1-ad82-8662154ea46e] - [PaymentService] 결제 완료 검증 성공: paymentId=MCJ-1-4169221ccb39462391c9, userId=97, participationId=241, elapsedMs=735
2026-08-17 17:09:38.236 [http-nio-8082-exec-13] INFO  c.m.d.p.application.PaymentService [traceId=e76729ec-81ae-4cc7-978a-f5735450d56b] - [PaymentService] 결제 완료 검증 성공: paymentId=MCJ-1-db5ccb5d79774bbb904c, userId=17, participationId=242, elapsedMs=787
2026-08-17 17:09:38.282 [http-nio-8082-exec-27] WARN  c.m.d.p.application.PaymentService [traceId=7f8b4d81-f2ad-49ad-a7e4-8c08ec2c70ad] - [PaymentService] 결제 완료 검증 실패: paymentId=MCJ-1-c7b357043c98432c87d5, userId=59, errorCode=GROUPBUY_LOCK_ACQUISITION_FAILED, elapsedMs=833
2026-08-17 17:09:38.289 [http-nio-8082-exec-27] INFO  c.m.d.p.a.PaymentAuditLogService [traceId=7f8b4d81-f2ad-49ad-a7e4-8c08ec2c70ad] - [payment_audit] source=COMPLETE_API eventType=PAYMENT_FAILED result=failure orderId=MCJ-1-c7b357043c98432c87d5 pgPaymentId=null pgStatus=null previousOrderStatus=null currentOrderStatus=null reason=GROUPBUY_LOCK_ACQUISITION_FAILED
2026-08-17 17:09:38.301 [http-nio-8082-exec-43] WARN  c.m.d.p.application.PaymentService [traceId=2880be18-78d3-44c0-b772-5e21b7d31204] - [PaymentService] 결제 완료 검증 실패: paymentId=MCJ-1-696d6f86eaec41c59b99, userId=95, errorCode=GROUPBUY_LOCK_ACQUISITION_FAILED, elapsedMs=852
2026-08-17 17:09:38.302 [http-nio-8082-exec-15] WARN  c.m.d.p.application.PaymentService [traceId=79a1b79b-799f-41a3-a2ae-8f668c64c469] - [PaymentService] 결제 완료 검증 실패: paymentId=MCJ-1-c277bed40ed045feb329, userId=31, errorCode=GROUPBUY_LOCK_ACQUISITION_FAILED, elapsedMs=853
2026-08-17 17:09:38.308 [http-nio-8082-exec-8] WARN  c.m.d.p.application.PaymentService [traceId=54cfcf24-14b5-4aa9-b646-934c259996da] - [PaymentService] 결제 완료 검증 실패: paymentId=MCJ-1-a53eae62f7e14badb427, userId=21, errorCode=GROUPBUY_LOCK_ACQUISITION_FAILED, elapsedMs=859
2026-08-17 17:09:38.308 [http-nio-8082-exec-25] WARN  c.m.d.p.application.PaymentService [traceId=2a6e1c63-bf3a-468a-95d7-98a1d0828e58] - [PaymentService] 결제 완료 검증 실패: paymentId=MCJ-1-a8104e44cfb04db899d0, userId=41, errorCode=GROUPBUY_LOCK_ACQUISITION_FAILED, elapsedMs=859
2026-08-17 17:09:38.308 [http-nio-8082-exec-5] WARN  c.m.d.p.application.PaymentService [traceId=f37cf3a9-7abd-4278-8752-eb6a8766b09e] - [PaymentService] 결제 완료 검증 실패: paymentId=MCJ-1-5e5b6f6d52ac42ec9ada, userId=23, errorCode=GROUPBUY_LOCK_ACQUISITION_FAILED, elapsedMs=859
2026-08-17 17:09:38.308 [http-nio-8082-exec-11] WARN  c.m.d.p.application.PaymentService [traceId=ae50439f-b605-4f1e-a7fd-50d5d5f16546] - [PaymentService] 결제 완료 검증 실패: paymentId=MCJ-1-b409908d74e7419ab56e, userId=13, errorCode=GROUPBUY_LOCK_ACQUISITION_FAILED, elapsedMs=859
2026-08-17 17:09:38.308 [http-nio-8082-exec-36] WARN  c.m.d.p.application.PaymentService [traceId=c4745985-1a2b-4815-8916-137fdec7db12] - [PaymentService] 결제 완료 검증 실패: paymentId=MCJ-1-84199a53fd5c4f668651, userId=87, errorCode=GROUPBUY_LOCK_ACQUISITION_FAILED, elapsedMs=859
2026-08-17 17:09:38.308 [http-nio-8082-exec-38] WARN  c.m.d.p.application.PaymentService [traceId=53e76b88-f7f9-422d-b719-7b2a3ee3c02f] - [PaymentService] 결제 완료 검증 실패: paymentId=MCJ-1-2e319aab1d824be2bff5, userId=91, errorCode=GROUPBUY_LOCK_ACQUISITION_FAILED, elapsedMs=859
2026-08-17 17:09:38.310 [http-nio-8082-exec-19] WARN  c.m.d.p.application.PaymentService [traceId=2e410bbc-d526-4d4f-81cd-eb20ac1d5778] - [PaymentService] 결제 완료 검증 실패: paymentId=MCJ-1-de70826349fd435bac9b, userId=53, errorCode=GROUPBUY_LOCK_ACQUISITION_FAILED, elapsedMs=861
2026-08-17 17:09:38.310 [http-nio-8082-exec-7] WARN  c.m.d.p.application.PaymentService [traceId=3a1fb92d-4f85-43a1-89ca-b8f30c327e2f] - [PaymentService] 결제 완료 검증 실패: paymentId=MCJ-1-ab63d87d24bb4e8fb8ac, userId=11, errorCode=GROUPBUY_LOCK_ACQUISITION_FAILED, elapsedMs=862
2026-08-17 17:09:38.311 [http-nio-8082-exec-49] WARN  c.m.d.p.application.PaymentService [traceId=10a576c5-7614-4e34-bb40-e17000af3ac2] - [PaymentService] 결제 완료 검증 실패: paymentId=MCJ-1-e1090c5fcb214108a4d6, userId=81, errorCode=GROUPBUY_LOCK_ACQUISITION_FAILED, elapsedMs=862
2026-08-17 17:09:38.311 [http-nio-8082-exec-31] WARN  c.m.d.p.application.PaymentService [traceId=4a9f1e0e-f821-4053-8af2-1179f51dc4ca] - [PaymentService] 결제 완료 검증 실패: paymentId=MCJ-1-30f4d8278d184968bab5, userId=65, errorCode=GROUPBUY_LOCK_ACQUISITION_FAILED, elapsedMs=862
2026-08-17 17:09:38.311 [http-nio-8082-exec-20] INFO  c.m.d.p.application.PaymentService [traceId=bf856dc5-8f5b-4533-bebf-07393f60716b] - [PaymentService] 결제 완료 검증 성공: paymentId=MCJ-1-4c6af79f350b47bca656, userId=45, participationId=243, elapsedMs=862
2026-08-17 17:09:38.311 [http-nio-8082-exec-22] WARN  c.m.d.p.application.PaymentService [traceId=94e0dbc2-b0a3-43f8-830d-950b1f9508f9] - [PaymentService] 결제 완료 검증 실패: paymentId=MCJ-1-85dad039a6124947903f, userId=47, errorCode=GROUPBUY_LOCK_ACQUISITION_FAILED, elapsedMs=862
2026-08-17 17:09:38.315 [http-nio-8082-exec-30] WARN  c.m.d.p.application.PaymentService [traceId=b4f5cc2c-3716-45ad-8559-a3bc77f2f6c1] - [PaymentService] 결제 완료 검증 실패: paymentId=MCJ-1-40587d5cb08c474aa9c9, userId=69, errorCode=GROUPBUY_LOCK_ACQUISITION_FAILED, elapsedMs=866
2026-08-17 17:09:38.322 [http-nio-8082-exec-14] WARN  c.m.d.p.application.PaymentService [traceId=daa763a7-5c4f-493b-8c31-004116f5d719] - [PaymentService] 결제 완료 검증 실패: paymentId=MCJ-1-557259298ce547fc84fc, userId=15, errorCode=GROUPBUY_LOCK_ACQUISITION_FAILED, elapsedMs=872
2026-08-17 17:09:38.323 [http-nio-8082-exec-50] WARN  c.m.d.p.application.PaymentService [traceId=7208d70b-585b-4ede-b415-51c577ee4b14] - [PaymentService] 결제 완료 검증 실패: paymentId=MCJ-1-b6c27f5727a149e790c0, userId=101, errorCode=GROUPBUY_LOCK_ACQUISITION_FAILED, elapsedMs=874
2026-08-17 17:09:38.338 [http-nio-8082-exec-11] INFO  c.m.d.p.a.PaymentAuditLogService [traceId=ae50439f-b605-4f1e-a7fd-50d5d5f16546] - [payment_audit] source=COMPLETE_API eventType=PAYMENT_FAILED result=failure orderId=MCJ-1-b409908d74e7419ab56e pgPaymentId=null pgStatus=null previousOrderStatus=null currentOrderStatus=null reason=GROUPBUY_LOCK_ACQUISITION_FAILED
2026-08-17 17:09:38.339 [http-nio-8082-exec-24] WARN  c.m.d.p.application.PaymentService [traceId=e79776fa-4a9b-494e-a19e-f23a269c021d] - [PaymentService] 결제 완료 검증 실패: paymentId=MCJ-1-456fed9ac198474e9a07, userId=39, errorCode=GROUPBUY_LOCK_ACQUISITION_FAILED, elapsedMs=890
2026-08-17 17:09:38.344 [http-nio-8082-exec-15] INFO  c.m.d.p.a.PaymentAuditLogService [traceId=79a1b79b-799f-41a3-a2ae-8f668c64c469] - [payment_audit] source=COMPLETE_API eventType=PAYMENT_FAILED result=failure orderId=MCJ-1-c277bed40ed045feb329 pgPaymentId=null pgStatus=null previousOrderStatus=null currentOrderStatus=null reason=GROUPBUY_LOCK_ACQUISITION_FAILED
2026-08-17 17:09:38.344 [http-nio-8082-exec-19] INFO  c.m.d.p.a.PaymentAuditLogService [traceId=2e410bbc-d526-4d4f-81cd-eb20ac1d5778] - [payment_audit] source=COMPLETE_API eventType=PAYMENT_FAILED result=failure orderId=MCJ-1-de70826349fd435bac9b pgPaymentId=null pgStatus=null previousOrderStatus=null currentOrderStatus=null reason=GROUPBUY_LOCK_ACQUISITION_FAILED
2026-08-17 17:09:38.344 [http-nio-8082-exec-36] INFO  c.m.d.p.a.PaymentAuditLogService [traceId=c4745985-1a2b-4815-8916-137fdec7db12] - [payment_audit] source=COMPLETE_API eventType=PAYMENT_FAILED result=failure orderId=MCJ-1-84199a53fd5c4f668651 pgPaymentId=null pgStatus=null previousOrderStatus=null currentOrderStatus=null reason=GROUPBUY_LOCK_ACQUISITION_FAILED
2026-08-17 17:09:38.345 [http-nio-8082-exec-43] INFO  c.m.d.p.a.PaymentAuditLogService [traceId=2880be18-78d3-44c0-b772-5e21b7d31204] - [payment_audit] source=COMPLETE_API eventType=PAYMENT_FAILED result=failure orderId=MCJ-1-696d6f86eaec41c59b99 pgPaymentId=null pgStatus=null previousOrderStatus=null currentOrderStatus=null reason=GROUPBUY_LOCK_ACQUISITION_FAILED
2026-08-17 17:09:38.344 [http-nio-8082-exec-38] INFO  c.m.d.p.a.PaymentAuditLogService [traceId=53e76b88-f7f9-422d-b719-7b2a3ee3c02f] - [payment_audit] source=COMPLETE_API eventType=PAYMENT_FAILED result=failure orderId=MCJ-1-2e319aab1d824be2bff5 pgPaymentId=null pgStatus=null previousOrderStatus=null currentOrderStatus=null reason=GROUPBUY_LOCK_ACQUISITION_FAILED
2026-08-17 17:09:38.344 [http-nio-8082-exec-5] INFO  c.m.d.p.a.PaymentAuditLogService [traceId=f37cf3a9-7abd-4278-8752-eb6a8766b09e] - [payment_audit] source=COMPLETE_API eventType=PAYMENT_FAILED result=failure orderId=MCJ-1-5e5b6f6d52ac42ec9ada pgPaymentId=null pgStatus=null previousOrderStatus=null currentOrderStatus=null reason=GROUPBUY_LOCK_ACQUISITION_FAILED
2026-08-17 17:09:38.345 [http-nio-8082-exec-8] INFO  c.m.d.p.a.PaymentAuditLogService [traceId=54cfcf24-14b5-4aa9-b646-934c259996da] - [payment_audit] source=COMPLETE_API eventType=PAYMENT_FAILED result=failure orderId=MCJ-1-a53eae62f7e14badb427 pgPaymentId=null pgStatus=null previousOrderStatus=null currentOrderStatus=null reason=GROUPBUY_LOCK_ACQUISITION_FAILED
2026-08-17 17:09:38.345 [http-nio-8082-exec-25] INFO  c.m.d.p.a.PaymentAuditLogService [traceId=2a6e1c63-bf3a-468a-95d7-98a1d0828e58] - [payment_audit] source=COMPLETE_API eventType=PAYMENT_FAILED result=failure orderId=MCJ-1-a8104e44cfb04db899d0 pgPaymentId=null pgStatus=null previousOrderStatus=null currentOrderStatus=null reason=GROUPBUY_LOCK_ACQUISITION_FAILED
2026-08-17 17:09:38.355 [http-nio-8082-exec-7] INFO  c.m.d.p.a.PaymentAuditLogService [traceId=3a1fb92d-4f85-43a1-89ca-b8f30c327e2f] - [payment_audit] source=COMPLETE_API eventType=PAYMENT_FAILED result=failure orderId=MCJ-1-ab63d87d24bb4e8fb8ac pgPaymentId=null pgStatus=null previousOrderStatus=null currentOrderStatus=null reason=GROUPBUY_LOCK_ACQUISITION_FAILED
2026-08-17 17:09:38.356 [http-nio-8082-exec-22] INFO  c.m.d.p.a.PaymentAuditLogService [traceId=94e0dbc2-b0a3-43f8-830d-950b1f9508f9] - [payment_audit] source=COMPLETE_API eventType=PAYMENT_FAILED result=failure orderId=MCJ-1-85dad039a6124947903f pgPaymentId=null pgStatus=null previousOrderStatus=null currentOrderStatus=null reason=GROUPBUY_LOCK_ACQUISITION_FAILED
2026-08-17 17:09:38.359 [http-nio-8082-exec-30] INFO  c.m.d.p.a.PaymentAuditLogService [traceId=b4f5cc2c-3716-45ad-8559-a3bc77f2f6c1] - [payment_audit] source=COMPLETE_API eventType=PAYMENT_FAILED result=failure orderId=MCJ-1-40587d5cb08c474aa9c9 pgPaymentId=null pgStatus=null previousOrderStatus=null currentOrderStatus=null reason=GROUPBUY_LOCK_ACQUISITION_FAILED
2026-08-17 17:09:38.359 [http-nio-8082-exec-24] INFO  c.m.d.p.a.PaymentAuditLogService [traceId=e79776fa-4a9b-494e-a19e-f23a269c021d] - [payment_audit] source=COMPLETE_API eventType=PAYMENT_FAILED result=failure orderId=MCJ-1-456fed9ac198474e9a07 pgPaymentId=null pgStatus=null previousOrderStatus=null currentOrderStatus=null reason=GROUPBUY_LOCK_ACQUISITION_FAILED
2026-08-17 17:09:38.359 [http-nio-8082-exec-50] INFO  c.m.d.p.a.PaymentAuditLogService [traceId=7208d70b-585b-4ede-b415-51c577ee4b14] - [payment_audit] source=COMPLETE_API eventType=PAYMENT_FAILED result=failure orderId=MCJ-1-b6c27f5727a149e790c0 pgPaymentId=null pgStatus=null previousOrderStatus=null currentOrderStatus=null reason=GROUPBUY_LOCK_ACQUISITION_FAILED
2026-08-17 17:09:38.359 [http-nio-8082-exec-31] INFO  c.m.d.p.a.PaymentAuditLogService [traceId=4a9f1e0e-f821-4053-8af2-1179f51dc4ca] - [payment_audit] source=COMPLETE_API eventType=PAYMENT_FAILED result=failure orderId=MCJ-1-30f4d8278d184968bab5 pgPaymentId=null pgStatus=null previousOrderStatus=null currentOrderStatus=null reason=GROUPBUY_LOCK_ACQUISITION_FAILED
2026-08-17 17:09:38.359 [http-nio-8082-exec-14] INFO  c.m.d.p.a.PaymentAuditLogService [traceId=daa763a7-5c4f-493b-8c31-004116f5d719] - [payment_audit] source=COMPLETE_API eventType=PAYMENT_FAILED result=failure orderId=MCJ-1-557259298ce547fc84fc pgPaymentId=null pgStatus=null previousOrderStatus=null currentOrderStatus=null reason=GROUPBUY_LOCK_ACQUISITION_FAILED
2026-08-17 17:09:38.359 [http-nio-8082-exec-49] INFO  c.m.d.p.a.PaymentAuditLogService [traceId=10a576c5-7614-4e34-bb40-e17000af3ac2] - [payment_audit] source=COMPLETE_API eventType=PAYMENT_FAILED result=failure orderId=MCJ-1-e1090c5fcb214108a4d6 pgPaymentId=null pgStatus=null previousOrderStatus=null currentOrderStatus=null reason=GROUPBUY_LOCK_ACQUISITION_FAILED
2026-08-17 17:09:38.364 [http-nio-8082-exec-10] WARN  c.m.d.p.application.PaymentService [traceId=063bf64d-c80c-4880-95e0-7d7b257ad733] - [PaymentService] 결제 완료 검증 실패: paymentId=MCJ-1-3b9d84364ec44efd837e, userId=25, errorCode=GROUPBUY_LOCK_ACQUISITION_FAILED, elapsedMs=915
2026-08-17 17:09:38.364 [http-nio-8082-exec-41] WARN  c.m.d.p.application.PaymentService [traceId=c24f00f2-53ac-4ecc-9fca-cd6b920c2bb9] - [PaymentService] 결제 완료 검증 실패: paymentId=MCJ-1-13c59080b0844e7ab25e, userId=73, errorCode=GROUPBUY_LOCK_ACQUISITION_FAILED, elapsedMs=915
2026-08-17 17:09:38.369 [http-nio-8082-exec-41] INFO  c.m.d.p.a.PaymentAuditLogService [traceId=c24f00f2-53ac-4ecc-9fca-cd6b920c2bb9] - [payment_audit] source=COMPLETE_API eventType=PAYMENT_FAILED result=failure orderId=MCJ-1-13c59080b0844e7ab25e pgPaymentId=null pgStatus=null previousOrderStatus=null currentOrderStatus=null reason=GROUPBUY_LOCK_ACQUISITION_FAILED
2026-08-17 17:09:38.371 [http-nio-8082-exec-4] WARN  c.m.d.p.application.PaymentService [traceId=44f6a573-fc99-4c43-9b1e-b3659e2133d3] - [PaymentService] 결제 완료 검증 실패: paymentId=MCJ-1-2efeff5e12ff496cba17, userId=19, errorCode=GROUPBUY_LOCK_ACQUISITION_FAILED, elapsedMs=922
2026-08-17 17:09:38.371 [http-nio-8082-exec-33] WARN  c.m.d.p.application.PaymentService [traceId=921db6ec-cbd6-44e2-b73b-e2bed1b4ac8e] - [PaymentService] 결제 완료 검증 실패: paymentId=MCJ-1-fcda95969b9e4285b852, userId=61, errorCode=GROUPBUY_LOCK_ACQUISITION_FAILED, elapsedMs=922
2026-08-17 17:09:38.371 [http-nio-8082-exec-1] WARN  c.m.d.p.application.PaymentService [traceId=0b278c95-95a7-4df1-b5c8-80729b138970] - [PaymentService] 결제 완료 검증 실패: paymentId=MCJ-1-7ff4a960f54149afa2b9, userId=29, errorCode=GROUPBUY_LOCK_ACQUISITION_FAILED, elapsedMs=922
2026-08-17 17:09:38.372 [http-nio-8082-exec-10] INFO  c.m.d.p.a.PaymentAuditLogService [traceId=063bf64d-c80c-4880-95e0-7d7b257ad733] - [payment_audit] source=COMPLETE_API eventType=PAYMENT_FAILED result=failure orderId=MCJ-1-3b9d84364ec44efd837e pgPaymentId=null pgStatus=null previousOrderStatus=null currentOrderStatus=null reason=GROUPBUY_LOCK_ACQUISITION_FAILED
2026-08-17 17:09:38.373 [http-nio-8082-exec-39] WARN  c.m.d.p.application.PaymentService [traceId=0149fbe2-edef-4817-847f-00197eebbc73] - [PaymentService] 결제 완료 검증 실패: paymentId=MCJ-1-01f17909c69c4c9ba45c, userId=85, errorCode=GROUPBUY_LOCK_ACQUISITION_FAILED, elapsedMs=924
2026-08-17 17:09:38.373 [http-nio-8082-exec-26] WARN  c.m.d.p.application.PaymentService [traceId=ccd51e48-45e2-4615-bad2-2e7dfe49390a] - [PaymentService] 결제 완료 검증 실패: paymentId=MCJ-1-c01b2f99835b4151a3d7, userId=51, errorCode=GROUPBUY_LOCK_ACQUISITION_FAILED, elapsedMs=924
2026-08-17 17:09:38.373 [http-nio-8082-exec-29] WARN  c.m.d.p.application.PaymentService [traceId=168b593d-cb2b-4e2b-95ca-10c5f38b873b] - [PaymentService] 결제 완료 검증 실패: paymentId=MCJ-1-681d0247837949849849, userId=57, errorCode=GROUPBUY_LOCK_ACQUISITION_FAILED, elapsedMs=924
2026-08-17 17:09:38.375 [http-nio-8082-exec-9] WARN  c.m.d.p.application.PaymentService [traceId=99b8bd37-832a-4df8-9287-ad680eb0a7c6] - [PaymentService] 결제 완료 검증 실패: paymentId=MCJ-1-3b9b1af39a6e49bc86a8, userId=27, errorCode=GROUPBUY_LOCK_ACQUISITION_FAILED, elapsedMs=926
2026-08-17 17:09:38.376 [http-nio-8082-exec-42] WARN  c.m.d.p.application.PaymentService [traceId=4ed35e21-ace0-4983-b7f8-460d18ae05f9] - [PaymentService] 결제 완료 검증 실패: paymentId=MCJ-1-c016744c96bc4da3b823, userId=89, errorCode=GROUPBUY_LOCK_ACQUISITION_FAILED, elapsedMs=927
2026-08-17 17:09:38.376 [http-nio-8082-exec-28] WARN  c.m.d.p.application.PaymentService [traceId=8e329232-2ed5-4a32-85b7-50ce886b2a83] - [PaymentService] 결제 완료 검증 실패: paymentId=MCJ-1-2bdf4a1af9544105981f, userId=67, errorCode=GROUPBUY_LOCK_ACQUISITION_FAILED, elapsedMs=927
2026-08-17 17:09:38.378 [http-nio-8082-exec-4] INFO  c.m.d.p.a.PaymentAuditLogService [traceId=44f6a573-fc99-4c43-9b1e-b3659e2133d3] - [payment_audit] source=COMPLETE_API eventType=PAYMENT_FAILED result=failure orderId=MCJ-1-2efeff5e12ff496cba17 pgPaymentId=null pgStatus=null previousOrderStatus=null currentOrderStatus=null reason=GROUPBUY_LOCK_ACQUISITION_FAILED
2026-08-17 17:09:38.378 [http-nio-8082-exec-46] WARN  c.m.d.p.application.PaymentService [traceId=b7f0368f-a868-42cb-ac2e-cb432831819d] - [PaymentService] 결제 완료 검증 실패: paymentId=MCJ-1-cbb693a656b74cb481c9, userId=83, errorCode=GROUPBUY_LOCK_ACQUISITION_FAILED, elapsedMs=929
2026-08-17 17:09:38.380 [http-nio-8082-exec-1] INFO  c.m.d.p.a.PaymentAuditLogService [traceId=0b278c95-95a7-4df1-b5c8-80729b138970] - [payment_audit] source=COMPLETE_API eventType=PAYMENT_FAILED result=failure orderId=MCJ-1-7ff4a960f54149afa2b9 pgPaymentId=null pgStatus=null previousOrderStatus=null currentOrderStatus=null reason=GROUPBUY_LOCK_ACQUISITION_FAILED
2026-08-17 17:09:38.380 [http-nio-8082-exec-33] INFO  c.m.d.p.a.PaymentAuditLogService [traceId=921db6ec-cbd6-44e2-b73b-e2bed1b4ac8e] - [payment_audit] source=COMPLETE_API eventType=PAYMENT_FAILED result=failure orderId=MCJ-1-fcda95969b9e4285b852 pgPaymentId=null pgStatus=null previousOrderStatus=null currentOrderStatus=null reason=GROUPBUY_LOCK_ACQUISITION_FAILED
2026-08-17 17:09:38.381 [http-nio-8082-exec-40] WARN  c.m.d.p.application.PaymentService [traceId=5003cbb0-cafe-41cb-b03f-fb8f3e8554a5] - [PaymentService] 결제 완료 검증 실패: paymentId=MCJ-1-27d501417b8749f8899c, userId=99, errorCode=GROUPBUY_LOCK_ACQUISITION_FAILED, elapsedMs=932
2026-08-17 17:09:38.383 [http-nio-8082-exec-6] WARN  c.m.d.p.application.PaymentService [traceId=a578b1ae-3b14-4990-9836-51b7c32227bd] - [PaymentService] 결제 완료 검증 실패: paymentId=MCJ-1-8c09af0174cc4e2f9777, userId=9, errorCode=GROUPBUY_LOCK_ACQUISITION_FAILED, elapsedMs=934
2026-08-17 17:09:38.383 [http-nio-8082-exec-45] WARN  c.m.d.p.application.PaymentService [traceId=b4e71eb1-82f2-4b7c-a210-b6131417ab46] - [PaymentService] 결제 완료 검증 실패: paymentId=MCJ-1-32d69e47bb2a485b8319, userId=79, errorCode=GROUPBUY_LOCK_ACQUISITION_FAILED, elapsedMs=934
2026-08-17 17:09:38.384 [http-nio-8082-exec-9] INFO  c.m.d.p.a.PaymentAuditLogService [traceId=99b8bd37-832a-4df8-9287-ad680eb0a7c6] - [payment_audit] source=COMPLETE_API eventType=PAYMENT_FAILED result=failure orderId=MCJ-1-3b9b1af39a6e49bc86a8 pgPaymentId=null pgStatus=null previousOrderStatus=null currentOrderStatus=null reason=GROUPBUY_LOCK_ACQUISITION_FAILED
2026-08-17 17:09:38.384 [http-nio-8082-exec-39] INFO  c.m.d.p.a.PaymentAuditLogService [traceId=0149fbe2-edef-4817-847f-00197eebbc73] - [payment_audit] source=COMPLETE_API eventType=PAYMENT_FAILED result=failure orderId=MCJ-1-01f17909c69c4c9ba45c pgPaymentId=null pgStatus=null previousOrderStatus=null currentOrderStatus=null reason=GROUPBUY_LOCK_ACQUISITION_FAILED
2026-08-17 17:09:38.384 [http-nio-8082-exec-29] INFO  c.m.d.p.a.PaymentAuditLogService [traceId=168b593d-cb2b-4e2b-95ca-10c5f38b873b] - [payment_audit] source=COMPLETE_API eventType=PAYMENT_FAILED result=failure orderId=MCJ-1-681d0247837949849849 pgPaymentId=null pgStatus=null previousOrderStatus=null currentOrderStatus=null reason=GROUPBUY_LOCK_ACQUISITION_FAILED
2026-08-17 17:09:38.385 [http-nio-8082-exec-37] WARN  c.m.d.p.application.PaymentService [traceId=0b470ffc-0b3b-4f27-bb35-945242f09e02] - [PaymentService] 결제 완료 검증 실패: paymentId=MCJ-1-30ba103cd326414db19d, userId=93, errorCode=GROUPBUY_LOCK_ACQUISITION_FAILED, elapsedMs=936
2026-08-17 17:09:38.387 [http-nio-8082-exec-42] INFO  c.m.d.p.a.PaymentAuditLogService [traceId=4ed35e21-ace0-4983-b7f8-460d18ae05f9] - [payment_audit] source=COMPLETE_API eventType=PAYMENT_FAILED result=failure orderId=MCJ-1-c016744c96bc4da3b823 pgPaymentId=null pgStatus=null previousOrderStatus=null currentOrderStatus=null reason=GROUPBUY_LOCK_ACQUISITION_FAILED
2026-08-17 17:09:38.388 [http-nio-8082-exec-26] INFO  c.m.d.p.a.PaymentAuditLogService [traceId=ccd51e48-45e2-4615-bad2-2e7dfe49390a] - [payment_audit] source=COMPLETE_API eventType=PAYMENT_FAILED result=failure orderId=MCJ-1-c01b2f99835b4151a3d7 pgPaymentId=null pgStatus=null previousOrderStatus=null currentOrderStatus=null reason=GROUPBUY_LOCK_ACQUISITION_FAILED
2026-08-17 17:09:38.388 [http-nio-8082-exec-28] INFO  c.m.d.p.a.PaymentAuditLogService [traceId=8e329232-2ed5-4a32-85b7-50ce886b2a83] - [payment_audit] source=COMPLETE_API eventType=PAYMENT_FAILED result=failure orderId=MCJ-1-2bdf4a1af9544105981f pgPaymentId=null pgStatus=null previousOrderStatus=null currentOrderStatus=null reason=GROUPBUY_LOCK_ACQUISITION_FAILED
2026-08-17 17:09:38.390 [http-nio-8082-exec-17] INFO  c.m.d.p.application.PaymentService [traceId=8c95ba06-1190-4cba-a891-2b92dbf35eb4] - [PaymentService] 결제 완료 검증 성공: paymentId=MCJ-1-8be7ab0bccec49e5a133, userId=35, participationId=244, elapsedMs=941
2026-08-17 17:09:38.392 [http-nio-8082-exec-46] INFO  c.m.d.p.a.PaymentAuditLogService [traceId=b7f0368f-a868-42cb-ac2e-cb432831819d] - [payment_audit] source=COMPLETE_API eventType=PAYMENT_FAILED result=failure orderId=MCJ-1-cbb693a656b74cb481c9 pgPaymentId=null pgStatus=null previousOrderStatus=null currentOrderStatus=null reason=GROUPBUY_LOCK_ACQUISITION_FAILED
2026-08-17 17:09:38.394 [http-nio-8082-exec-40] INFO  c.m.d.p.a.PaymentAuditLogService [traceId=5003cbb0-cafe-41cb-b03f-fb8f3e8554a5] - [payment_audit] source=COMPLETE_API eventType=PAYMENT_FAILED result=failure orderId=MCJ-1-27d501417b8749f8899c pgPaymentId=null pgStatus=null previousOrderStatus=null currentOrderStatus=null reason=GROUPBUY_LOCK_ACQUISITION_FAILED
2026-08-17 17:09:38.398 [http-nio-8082-exec-6] INFO  c.m.d.p.a.PaymentAuditLogService [traceId=a578b1ae-3b14-4990-9836-51b7c32227bd] - [payment_audit] source=COMPLETE_API eventType=PAYMENT_FAILED result=failure orderId=MCJ-1-8c09af0174cc4e2f9777 pgPaymentId=null pgStatus=null previousOrderStatus=null currentOrderStatus=null reason=GROUPBUY_LOCK_ACQUISITION_FAILED
2026-08-17 17:09:38.398 [http-nio-8082-exec-45] INFO  c.m.d.p.a.PaymentAuditLogService [traceId=b4e71eb1-82f2-4b7c-a210-b6131417ab46] - [payment_audit] source=COMPLETE_API eventType=PAYMENT_FAILED result=failure orderId=MCJ-1-32d69e47bb2a485b8319 pgPaymentId=null pgStatus=null previousOrderStatus=null currentOrderStatus=null reason=GROUPBUY_LOCK_ACQUISITION_FAILED
2026-08-17 17:09:38.398 [http-nio-8082-exec-37] INFO  c.m.d.p.a.PaymentAuditLogService [traceId=0b470ffc-0b3b-4f27-bb35-945242f09e02] - [payment_audit] source=COMPLETE_API eventType=PAYMENT_FAILED result=failure orderId=MCJ-1-30ba103cd326414db19d pgPaymentId=null pgStatus=null previousOrderStatus=null currentOrderStatus=null reason=GROUPBUY_LOCK_ACQUISITION_FAILED
2026-08-17 17:09:38.425 [http-nio-8082-exec-21] WARN  c.m.d.p.application.PaymentService [traceId=bc03c15a-f1c1-4094-812d-29a068109f2b] - [PaymentService] 결제 완료 검증 실패: paymentId=MCJ-1-7a52b61d71544ec7b81e, userId=43, errorCode=GROUPBUY_LOCK_ACQUISITION_FAILED, elapsedMs=976
2026-08-17 17:09:38.429 [http-nio-8082-exec-2] WARN  c.m.d.p.application.PaymentService [traceId=0bf20e36-a3b1-4de7-8c9c-8aeeb7660591] - [PaymentService] 결제 완료 검증 실패: paymentId=MCJ-1-f904b49a1b8244a4baff, userId=7, errorCode=GROUPBUY_LOCK_ACQUISITION_FAILED, elapsedMs=980
2026-08-17 17:09:38.430 [http-nio-8082-exec-21] INFO  c.m.d.p.a.PaymentAuditLogService [traceId=bc03c15a-f1c1-4094-812d-29a068109f2b] - [payment_audit] source=COMPLETE_API eventType=PAYMENT_FAILED result=failure orderId=MCJ-1-7a52b61d71544ec7b81e pgPaymentId=null pgStatus=null previousOrderStatus=null currentOrderStatus=null reason=GROUPBUY_LOCK_ACQUISITION_FAILED
2026-08-17 17:09:38.431 [http-nio-8082-exec-44] WARN  c.m.d.p.application.PaymentService [traceId=2bad3be0-5124-40b7-be12-3f5f16d06bad] - [PaymentService] 결제 완료 검증 실패: paymentId=MCJ-1-b9d65d47298948c59524, userId=75, errorCode=GROUPBUY_LOCK_ACQUISITION_FAILED, elapsedMs=982
2026-08-17 17:09:38.431 [http-nio-8082-exec-16] WARN  c.m.d.p.application.PaymentService [traceId=2d6439e7-0fce-4ae8-8a25-e9651032c078] - [PaymentService] 결제 완료 검증 실패: paymentId=MCJ-1-434188b48f61404dacd8, userId=5, errorCode=GROUPBUY_LOCK_ACQUISITION_FAILED, elapsedMs=982
2026-08-17 17:09:38.433 [http-nio-8082-exec-2] INFO  c.m.d.p.a.PaymentAuditLogService [traceId=0bf20e36-a3b1-4de7-8c9c-8aeeb7660591] - [payment_audit] source=COMPLETE_API eventType=PAYMENT_FAILED result=failure orderId=MCJ-1-f904b49a1b8244a4baff pgPaymentId=null pgStatus=null previousOrderStatus=null currentOrderStatus=null reason=GROUPBUY_LOCK_ACQUISITION_FAILED
2026-08-17 17:09:38.435 [http-nio-8082-exec-16] INFO  c.m.d.p.a.PaymentAuditLogService [traceId=2d6439e7-0fce-4ae8-8a25-e9651032c078] - [payment_audit] source=COMPLETE_API eventType=PAYMENT_FAILED result=failure orderId=MCJ-1-434188b48f61404dacd8 pgPaymentId=null pgStatus=null previousOrderStatus=null currentOrderStatus=null reason=GROUPBUY_LOCK_ACQUISITION_FAILED
2026-08-17 17:09:38.435 [http-nio-8082-exec-44] INFO  c.m.d.p.a.PaymentAuditLogService [traceId=2bad3be0-5124-40b7-be12-3f5f16d06bad] - [payment_audit] source=COMPLETE_API eventType=PAYMENT_FAILED result=failure orderId=MCJ-1-b9d65d47298948c59524 pgPaymentId=null pgStatus=null previousOrderStatus=null currentOrderStatus=null reason=GROUPBUY_LOCK_ACQUISITION_FAILED
