2026-08-17 15:05:08.006 [http-nio-8081-exec-1] WARN  c.m.d.p.application.PaymentService [traceId=d106de02-282f-42d3-9c89-451223dcb80f] - [PaymentService][Experiment] fake PG payment result used: scenario=full-protection, paymentId=MCJ-1-703d5755d00644ea9450, status=PAID
2026-08-17 15:05:08.007 [http-nio-8081-exec-10] WARN  c.m.d.p.application.PaymentService [traceId=e265983b-32c8-47f5-8d04-3daf127b888d] - [PaymentService][Experiment] fake PG payment result used: scenario=full-protection, paymentId=MCJ-1-5f7fdfee867246869025, status=PAID
2026-08-17 15:05:08.007 [http-nio-8081-exec-9] WARN  c.m.d.p.application.PaymentService [traceId=69cd2048-22d1-46e7-9539-b8daeaee36d4] - [PaymentService][Experiment] fake PG payment result used: scenario=full-protection, paymentId=MCJ-1-0440613c64f54795968b, status=PAID
2026-08-17 15:05:08.008 [http-nio-8081-exec-6] WARN  c.m.d.p.application.PaymentService [traceId=55255b05-5a4a-4f2a-86f9-3fef45262d0f] - [PaymentService][Experiment] fake PG payment result used: scenario=full-protection, paymentId=MCJ-1-6091326e3108438692d7, status=PAID
2026-08-17 15:05:08.009 [http-nio-8081-exec-2] WARN  c.m.d.p.application.PaymentService [traceId=b160645f-c4a4-4b84-88bb-9d4774bd550d] - [PaymentService][Experiment] fake PG payment result used: scenario=full-protection, paymentId=MCJ-1-73a06d4a43234c3b8641, status=PAID
2026-08-17 15:05:08.010 [http-nio-8081-exec-7] WARN  c.m.d.p.application.PaymentService [traceId=9d0175fa-3e4b-4f88-bf63-b303a5bf3f71] - [PaymentService][Experiment] fake PG payment result used: scenario=full-protection, paymentId=MCJ-1-b54efb4219364b258c41, status=PAID
2026-08-17 15:05:08.010 [http-nio-8081-exec-5] WARN  c.m.d.p.application.PaymentService [traceId=acd56328-2c49-414a-b3ab-c0ad80c90576] - [PaymentService][Experiment] fake PG payment result used: scenario=full-protection, paymentId=MCJ-1-d5995b8862a142b4a2a4, status=PAID
2026-08-17 15:05:08.011 [http-nio-8081-exec-8] WARN  c.m.d.p.application.PaymentService [traceId=cfad778d-dd10-4fe8-85a5-f27c61e37982] - [PaymentService][Experiment] fake PG payment result used: scenario=full-protection, paymentId=MCJ-1-352266793bdb4775a87a, status=PAID
2026-08-17 15:05:08.012 [http-nio-8081-exec-3] WARN  c.m.d.p.application.PaymentService [traceId=21084d2c-7cfa-4d53-affd-f38eb6d0b02c] - [PaymentService][Experiment] fake PG payment result used: scenario=full-protection, paymentId=MCJ-1-dcdf533e342c434495a9, status=PAID
2026-08-17 15:05:08.012 [http-nio-8081-exec-4] WARN  c.m.d.p.application.PaymentService [traceId=79d0eb38-86c6-461a-89fe-40b12e1687b2] - [PaymentService][Experiment] fake PG payment result used: scenario=full-protection, paymentId=MCJ-1-82e1b3a4e24d44509110, status=PAID
2026-08-17 15:05:08.166 [http-nio-8081-exec-1] INFO  c.m.d.p.application.PaymentService [traceId=d106de02-282f-42d3-9c89-451223dcb80f] - [PaymentService] 결제 완료 검증 성공: paymentId=MCJ-1-703d5755d00644ea9450, userId=14, participationId=46, elapsedMs=262
2026-08-17 15:05:08.208 [http-nio-8081-exec-9] INFO  c.m.d.p.application.PaymentService [traceId=69cd2048-22d1-46e7-9539-b8daeaee36d4] - [PaymentService] 결제 완료 검증 성공: paymentId=MCJ-1-0440613c64f54795968b, userId=2, participationId=47, elapsedMs=305
2026-08-17 15:05:08.248 [http-nio-8081-exec-5] INFO  c.m.d.p.application.PaymentService [traceId=acd56328-2c49-414a-b3ab-c0ad80c90576] - [PaymentService] 결제 완료 검증 성공: paymentId=MCJ-1-d5995b8862a142b4a2a4, userId=18, participationId=48, elapsedMs=344
2026-08-17 15:05:08.306 [http-nio-8081-exec-10] INFO  c.m.d.p.application.PaymentService [traceId=e265983b-32c8-47f5-8d04-3daf127b888d] - [PaymentService] 결제 완료 검증 성공: paymentId=MCJ-1-5f7fdfee867246869025, userId=12, participationId=49, elapsedMs=402
2026-08-17 15:05:08.360 [http-nio-8081-exec-3] INFO  c.m.d.p.application.PaymentService [traceId=21084d2c-7cfa-4d53-affd-f38eb6d0b02c] - [PaymentService] 결제 완료 검증 성공: paymentId=MCJ-1-dcdf533e342c434495a9, userId=16, participationId=50, elapsedMs=456
2026-08-17 15:05:08.419 [http-nio-8081-exec-6] INFO  c.m.d.p.application.PaymentService [traceId=55255b05-5a4a-4f2a-86f9-3fef45262d0f] - [PaymentService] 결제 완료 검증 성공: paymentId=MCJ-1-6091326e3108438692d7, userId=10, participationId=51, elapsedMs=515
2026-08-17 15:05:08.465 [http-nio-8081-exec-4] INFO  c.m.d.p.application.PaymentService [traceId=79d0eb38-86c6-461a-89fe-40b12e1687b2] - [PaymentService] 결제 완료 검증 성공: paymentId=MCJ-1-82e1b3a4e24d44509110, userId=8, participationId=52, elapsedMs=561
2026-08-17 15:05:08.545 [http-nio-8081-exec-7] WARN  c.m.d.p.application.PaymentService [traceId=9d0175fa-3e4b-4f88-bf63-b303a5bf3f71] - [PaymentService] 결제 완료 검증 실패: paymentId=MCJ-1-b54efb4219364b258c41, userId=20, errorCode=GROUPBUY_LOCK_ACQUISITION_FAILED, elapsedMs=642
2026-08-17 15:05:08.547 [http-nio-8081-exec-2] WARN  c.m.d.p.application.PaymentService [traceId=b160645f-c4a4-4b84-88bb-9d4774bd550d] - [PaymentService] 결제 완료 검증 실패: paymentId=MCJ-1-73a06d4a43234c3b8641, userId=6, errorCode=GROUPBUY_LOCK_ACQUISITION_FAILED, elapsedMs=643
2026-08-17 15:05:08.547 [http-nio-8081-exec-8] WARN  c.m.d.p.application.PaymentService [traceId=cfad778d-dd10-4fe8-85a5-f27c61e37982] - [PaymentService] 결제 완료 검증 실패: paymentId=MCJ-1-352266793bdb4775a87a, userId=4, errorCode=GROUPBUY_LOCK_ACQUISITION_FAILED, elapsedMs=643
2026-08-17 15:05:08.557 [http-nio-8081-exec-2] INFO  c.m.d.p.a.PaymentAuditLogService [traceId=b160645f-c4a4-4b84-88bb-9d4774bd550d] - [payment_audit] source=COMPLETE_API eventType=PAYMENT_FAILED result=failure orderId=MCJ-1-73a06d4a43234c3b8641 pgPaymentId=null pgStatus=null previousOrderStatus=null currentOrderStatus=null reason=GROUPBUY_LOCK_ACQUISITION_FAILED
2026-08-17 15:05:08.557 [http-nio-8081-exec-7] INFO  c.m.d.p.a.PaymentAuditLogService [traceId=9d0175fa-3e4b-4f88-bf63-b303a5bf3f71] - [payment_audit] source=COMPLETE_API eventType=PAYMENT_FAILED result=failure orderId=MCJ-1-b54efb4219364b258c41 pgPaymentId=null pgStatus=null previousOrderStatus=null currentOrderStatus=null reason=GROUPBUY_LOCK_ACQUISITION_FAILED
2026-08-17 15:05:08.558 [http-nio-8081-exec-8] INFO  c.m.d.p.a.PaymentAuditLogService [traceId=cfad778d-dd10-4fe8-85a5-f27c61e37982] - [payment_audit] source=COMPLETE_API eventType=PAYMENT_FAILED result=failure orderId=MCJ-1-352266793bdb4775a87a pgPaymentId=null pgStatus=null previousOrderStatus=null currentOrderStatus=null reason=GROUPBUY_LOCK_ACQUISITION_FAILED
2026-08-17 15:05:08.451 [http-nio-8082-exec-1] WARN  c.m.d.p.application.PaymentService [traceId=32823b27-bb2f-4ff7-b07d-8d1d0b729d86] - [PaymentService][Experiment] fake PG payment result used: scenario=full-protection, paymentId=MCJ-1-eba46a35e3b949b6a1a8, status=PAID
2026-08-17 15:05:08.451 [http-nio-8082-exec-2] WARN  c.m.d.p.application.PaymentService [traceId=589c69d8-d975-4c6b-9ff9-c59acec68dcd] - [PaymentService][Experiment] fake PG payment result used: scenario=full-protection, paymentId=MCJ-1-15443d150ce54247add0, status=PAID
2026-08-17 15:05:08.451 [http-nio-8082-exec-10] WARN  c.m.d.p.application.PaymentService [traceId=fbcbc844-0a1e-4174-9b65-fa376ec80ba4] - [PaymentService][Experiment] fake PG payment result used: scenario=full-protection, paymentId=MCJ-1-d1cb8ed1c99349dcb67e, status=PAID
2026-08-17 15:05:08.451 [http-nio-8082-exec-4] WARN  c.m.d.p.application.PaymentService [traceId=6168835e-a1ed-40fe-b342-2c78b6cf807f] - [PaymentService][Experiment] fake PG payment result used: scenario=full-protection, paymentId=MCJ-1-80502d087d72458796ac, status=PAID
2026-08-17 15:05:08.451 [http-nio-8082-exec-5] WARN  c.m.d.p.application.PaymentService [traceId=68a5d096-13b7-42b2-bc6c-da64e625bbd9] - [PaymentService][Experiment] fake PG payment result used: scenario=full-protection, paymentId=MCJ-1-895256a01a524ba9b4d4, status=PAID
2026-08-17 15:05:08.452 [http-nio-8082-exec-3] WARN  c.m.d.p.application.PaymentService [traceId=70b2b881-a766-4b66-a399-3e351383f6c6] - [PaymentService][Experiment] fake PG payment result used: scenario=full-protection, paymentId=MCJ-1-1409eea7e5b84af39743, status=PAID
2026-08-17 15:05:08.452 [http-nio-8082-exec-6] WARN  c.m.d.p.application.PaymentService [traceId=511c7284-f24a-4fa9-b021-2977b712da42] - [PaymentService][Experiment] fake PG payment result used: scenario=full-protection, paymentId=MCJ-1-1ba4cb1ba45b46c9a49f, status=PAID
2026-08-17 15:05:08.452 [http-nio-8082-exec-8] WARN  c.m.d.p.application.PaymentService [traceId=d3faedf2-6a64-4fd3-b7a3-20d795b727e1] - [PaymentService][Experiment] fake PG payment result used: scenario=full-protection, paymentId=MCJ-1-e361b9bf570a455b8b89, status=PAID
2026-08-17 15:05:08.452 [http-nio-8082-exec-9] WARN  c.m.d.p.application.PaymentService [traceId=7453a7e0-2dd8-4486-8b77-ee9cf689983b] - [PaymentService][Experiment] fake PG payment result used: scenario=full-protection, paymentId=MCJ-1-79087afb5faf4e28a64e, status=PAID
2026-08-17 15:05:08.453 [http-nio-8082-exec-7] WARN  c.m.d.p.application.PaymentService [traceId=191d0db2-29e7-4a64-b8af-9a91fe6b9035] - [PaymentService][Experiment] fake PG payment result used: scenario=full-protection, paymentId=MCJ-1-c3328a27a61549afaff6, status=PAID
2026-08-17 15:05:08.581 [http-nio-8082-exec-7] INFO  c.m.d.p.application.PaymentService [traceId=191d0db2-29e7-4a64-b8af-9a91fe6b9035] - [PaymentService] 결제 완료 검증 성공: paymentId=MCJ-1-c3328a27a61549afaff6, userId=9, participationId=53, elapsedMs=283
2026-08-17 15:05:08.681 [http-nio-8082-exec-8] INFO  c.m.d.p.application.PaymentService [traceId=d3faedf2-6a64-4fd3-b7a3-20d795b727e1] - [PaymentService] 결제 완료 검증 성공: paymentId=MCJ-1-e361b9bf570a455b8b89, userId=5, participationId=54, elapsedMs=383
2026-08-17 15:05:08.744 [http-nio-8082-exec-10] INFO  c.m.d.p.application.PaymentService [traceId=fbcbc844-0a1e-4174-9b65-fa376ec80ba4] - [PaymentService] 결제 완료 검증 성공: paymentId=MCJ-1-d1cb8ed1c99349dcb67e, userId=3, participationId=55, elapsedMs=445
2026-08-17 15:05:08.777 [http-nio-8082-exec-6] INFO  c.m.d.p.application.PaymentService [traceId=511c7284-f24a-4fa9-b021-2977b712da42] - [PaymentService] 결제 완료 검증 성공: paymentId=MCJ-1-1ba4cb1ba45b46c9a49f, userId=7, participationId=56, elapsedMs=481
2026-08-17 15:05:08.832 [http-nio-8082-exec-9] INFO  c.m.d.p.application.PaymentService [traceId=7453a7e0-2dd8-4486-8b77-ee9cf689983b] - [PaymentService] 결제 완료 검증 성공: paymentId=MCJ-1-79087afb5faf4e28a64e, userId=15, participationId=57, elapsedMs=535
2026-08-17 15:05:08.878 [http-nio-8082-exec-4] INFO  c.m.d.p.application.PaymentService [traceId=6168835e-a1ed-40fe-b342-2c78b6cf807f] - [PaymentService] 결제 완료 검증 성공: paymentId=MCJ-1-80502d087d72458796ac, userId=11, participationId=58, elapsedMs=580
2026-08-17 15:05:08.927 [http-nio-8082-exec-2] INFO  c.m.d.p.application.PaymentService [traceId=589c69d8-d975-4c6b-9ff9-c59acec68dcd] - [PaymentService] 결제 완료 검증 성공: paymentId=MCJ-1-15443d150ce54247add0, userId=19, participationId=59, elapsedMs=631
2026-08-17 15:05:08.965 [http-nio-8082-exec-5] WARN  c.m.d.p.application.PaymentService [traceId=68a5d096-13b7-42b2-bc6c-da64e625bbd9] - [PaymentService] 결제 완료 검증 실패: paymentId=MCJ-1-895256a01a524ba9b4d4, userId=13, errorCode=GROUPBUY_LOCK_ACQUISITION_FAILED, elapsedMs=669
2026-08-17 15:05:08.967 [http-nio-8082-exec-3] WARN  c.m.d.p.application.PaymentService [traceId=70b2b881-a766-4b66-a399-3e351383f6c6] - [PaymentService] 결제 완료 검증 실패: paymentId=MCJ-1-1409eea7e5b84af39743, userId=21, errorCode=GROUPBUY_LOCK_ACQUISITION_FAILED, elapsedMs=670
2026-08-17 15:05:08.967 [http-nio-8082-exec-1] WARN  c.m.d.p.application.PaymentService [traceId=32823b27-bb2f-4ff7-b07d-8d1d0b729d86] - [PaymentService] 결제 완료 검증 실패: paymentId=MCJ-1-eba46a35e3b949b6a1a8, userId=17, errorCode=GROUPBUY_LOCK_ACQUISITION_FAILED, elapsedMs=669
2026-08-17 15:05:08.979 [http-nio-8082-exec-3] INFO  c.m.d.p.a.PaymentAuditLogService [traceId=70b2b881-a766-4b66-a399-3e351383f6c6] - [payment_audit] source=COMPLETE_API eventType=PAYMENT_FAILED result=failure orderId=MCJ-1-1409eea7e5b84af39743 pgPaymentId=null pgStatus=null previousOrderStatus=null currentOrderStatus=null reason=GROUPBUY_LOCK_ACQUISITION_FAILED
2026-08-17 15:05:08.980 [http-nio-8082-exec-1] INFO  c.m.d.p.a.PaymentAuditLogService [traceId=32823b27-bb2f-4ff7-b07d-8d1d0b729d86] - [payment_audit] source=COMPLETE_API eventType=PAYMENT_FAILED result=failure orderId=MCJ-1-eba46a35e3b949b6a1a8 pgPaymentId=null pgStatus=null previousOrderStatus=null currentOrderStatus=null reason=GROUPBUY_LOCK_ACQUISITION_FAILED
2026-08-17 15:05:08.980 [http-nio-8082-exec-5] INFO  c.m.d.p.a.PaymentAuditLogService [traceId=68a5d096-13b7-42b2-bc6c-da64e625bbd9] - [payment_audit] source=COMPLETE_API eventType=PAYMENT_FAILED result=failure orderId=MCJ-1-895256a01a524ba9b4d4 pgPaymentId=null pgStatus=null previousOrderStatus=null currentOrderStatus=null reason=GROUPBUY_LOCK_ACQUISITION_FAILED
