2026-08-17 20:02:00.478 [http-nio-8081-exec-47] WARN  c.m.d.p.application.PaymentService [traceId=3293da2d-80f7-4b03-8b4a-c369e426adb1] - [PaymentService][Experiment] fake PG payment result used: scenario=full-protection-100-tuned-4, paymentId=MCJ-1-adca871e39414cf0a638, status=PAID
2026-08-17 20:02:00.504 [http-nio-8081-exec-9] WARN  c.m.d.p.application.PaymentService [traceId=d06a7cff-0cd3-48b5-9fc9-69f1326a32c9] - [PaymentService][Experiment] fake PG payment result used: scenario=full-protection-100-tuned-4, paymentId=MCJ-1-d906b5bc63994bbf8dd8, status=PAID
2026-08-17 20:02:00.504 [http-nio-8081-exec-33] WARN  c.m.d.p.application.PaymentService [traceId=58c8f7dd-889c-4332-b482-ca51c1d72e3c] - [PaymentService][Experiment] fake PG payment result used: scenario=full-protection-100-tuned-4, paymentId=MCJ-1-04a864da1f22490d91af, status=PAID
2026-08-17 20:02:00.506 [http-nio-8081-exec-35] WARN  c.m.d.p.application.PaymentService [traceId=194b75ff-99e3-4b05-b739-da37dd56fa09] - [PaymentService][Experiment] fake PG payment result used: scenario=full-protection-100-tuned-4, paymentId=MCJ-1-2eaae183a8bf4132841e, status=PAID
2026-08-17 20:02:00.506 [http-nio-8081-exec-36] WARN  c.m.d.p.application.PaymentService [traceId=fe1a46bb-646f-4f05-b525-c4bda1fa0f22] - [PaymentService][Experiment] fake PG payment result used: scenario=full-protection-100-tuned-4, paymentId=MCJ-1-838dfc3b6b484b5999df, status=PAID
2026-08-17 20:02:00.507 [http-nio-8081-exec-4] WARN  c.m.d.p.application.PaymentService [traceId=47c79fea-8ee3-4210-892e-a0427ffcd961] - [PaymentService][Experiment] fake PG payment result used: scenario=full-protection-100-tuned-4, paymentId=MCJ-1-c58f7b94ef8949dba376, status=PAID
2026-08-17 20:02:00.509 [http-nio-8081-exec-19] WARN  c.m.d.p.application.PaymentService [traceId=9cea9657-857b-46a9-bd38-6e924e493728] - [PaymentService][Experiment] fake PG payment result used: scenario=full-protection-100-tuned-4, paymentId=MCJ-1-44cbc2b503854884860f, status=PAID
2026-08-17 20:02:00.515 [http-nio-8081-exec-39] WARN  c.m.d.p.application.PaymentService [traceId=0a98f4cf-566c-483a-a75b-da549692003f] - [PaymentService][Experiment] fake PG payment result used: scenario=full-protection-100-tuned-4, paymentId=MCJ-1-e8d9fcfcb3bc43988b9d, status=PAID
2026-08-17 20:02:00.517 [http-nio-8081-exec-2] WARN  c.m.d.p.application.PaymentService [traceId=520c2140-70fe-4c16-b79c-a73f96b80082] - [PaymentService][Experiment] fake PG payment result used: scenario=full-protection-100-tuned-4, paymentId=MCJ-1-c5470ce757d7403985a0, status=PAID
2026-08-17 20:02:00.517 [http-nio-8081-exec-15] WARN  c.m.d.p.application.PaymentService [traceId=f357656d-49c3-410e-b2a1-b0d5a817c37e] - [PaymentService][Experiment] fake PG payment result used: scenario=full-protection-100-tuned-4, paymentId=MCJ-1-69beecce42b448c58d0d, status=PAID
2026-08-17 20:02:00.519 [http-nio-8081-exec-28] WARN  c.m.d.p.application.PaymentService [traceId=e0f98611-7119-4149-8bf0-12763011adc3] - [PaymentService][Experiment] fake PG payment result used: scenario=full-protection-100-tuned-4, paymentId=MCJ-1-b7ffa65691604d05aff0, status=PAID
2026-08-17 20:02:00.521 [http-nio-8081-exec-25] WARN  c.m.d.p.application.PaymentService [traceId=e65da8da-c03a-4f6f-a141-22940d95d273] - [PaymentService][Experiment] fake PG payment result used: scenario=full-protection-100-tuned-4, paymentId=MCJ-1-ba72cba4af2c4cb4a314, status=PAID
2026-08-17 20:02:00.527 [http-nio-8081-exec-5] WARN  c.m.d.p.application.PaymentService [traceId=9baf150b-e7b3-48f3-809a-6fd662134dba] - [PaymentService][Experiment] fake PG payment result used: scenario=full-protection-100-tuned-4, paymentId=MCJ-1-c3a7b5e0ef844e22987e, status=PAID
2026-08-17 20:02:00.527 [http-nio-8081-exec-44] WARN  c.m.d.p.application.PaymentService [traceId=e177b5c8-1481-4bb4-bf7d-1485c9c693ff] - [PaymentService][Experiment] fake PG payment result used: scenario=full-protection-100-tuned-4, paymentId=MCJ-1-9f692618285141e0ba44, status=PAID
2026-08-17 20:02:00.532 [http-nio-8081-exec-40] WARN  c.m.d.p.application.PaymentService [traceId=caf7bf32-7703-4c97-9940-1b24c8fd33d6] - [PaymentService][Experiment] fake PG payment result used: scenario=full-protection-100-tuned-4, paymentId=MCJ-1-6017deeeda7746208aaa, status=PAID
2026-08-17 20:02:00.533 [http-nio-8081-exec-45] WARN  c.m.d.p.application.PaymentService [traceId=8ea982ce-911c-40f0-8c5c-f07d50ec7fc2] - [PaymentService][Experiment] fake PG payment result used: scenario=full-protection-100-tuned-4, paymentId=MCJ-1-362eb509cadc487cb1ab, status=PAID
2026-08-17 20:02:00.539 [http-nio-8081-exec-26] WARN  c.m.d.p.application.PaymentService [traceId=252cf867-a962-4ca4-9f20-3917e14f1365] - [PaymentService][Experiment] fake PG payment result used: scenario=full-protection-100-tuned-4, paymentId=MCJ-1-2e0cff29470e4079955e, status=PAID
2026-08-17 20:02:00.539 [http-nio-8081-exec-16] WARN  c.m.d.p.application.PaymentService [traceId=236aee2b-1c6d-44a4-a1f8-41b3efd638fe] - [PaymentService][Experiment] fake PG payment result used: scenario=full-protection-100-tuned-4, paymentId=MCJ-1-f6254f13dbbc44b2a096, status=PAID
2026-08-17 20:02:00.548 [http-nio-8081-exec-3] WARN  c.m.d.p.application.PaymentService [traceId=258d758f-7729-486f-b3b5-539812b5584a] - [PaymentService][Experiment] fake PG payment result used: scenario=full-protection-100-tuned-4, paymentId=MCJ-1-692095d7c0994a90add0, status=PAID
2026-08-17 20:02:00.554 [http-nio-8081-exec-11] WARN  c.m.d.p.application.PaymentService [traceId=5352094d-3f04-49d0-890c-ec6a4cf8e73c] - [PaymentService][Experiment] fake PG payment result used: scenario=full-protection-100-tuned-4, paymentId=MCJ-1-a5504f005aac412b95e5, status=PAID
2026-08-17 20:02:00.565 [http-nio-8081-exec-20] WARN  c.m.d.p.application.PaymentService [traceId=a3ca7532-9a23-42b4-9f8d-ea76df871114] - [PaymentService][Experiment] fake PG payment result used: scenario=full-protection-100-tuned-4, paymentId=MCJ-1-db1498c54ad949fd98fe, status=PAID
2026-08-17 20:02:00.571 [http-nio-8081-exec-13] WARN  c.m.d.p.application.PaymentService [traceId=d56344b8-20fe-4754-8faa-c701ec6fd159] - [PaymentService][Experiment] fake PG payment result used: scenario=full-protection-100-tuned-4, paymentId=MCJ-1-0c09e51ff2f64f31a298, status=PAID
2026-08-17 20:02:00.571 [http-nio-8081-exec-29] WARN  c.m.d.p.application.PaymentService [traceId=c4e548de-c020-4b8a-ac33-7a41b9c57214] - [PaymentService][Experiment] fake PG payment result used: scenario=full-protection-100-tuned-4, paymentId=MCJ-1-8d002fa8afb045c38e0a, status=PAID
2026-08-17 20:02:00.573 [http-nio-8081-exec-1] WARN  c.m.d.p.application.PaymentService [traceId=14a13a7d-1205-4a4f-bae8-b3e854f4379f] - [PaymentService][Experiment] fake PG payment result used: scenario=full-protection-100-tuned-4, paymentId=MCJ-1-642f404267754cff9c18, status=PAID
2026-08-17 20:02:00.574 [http-nio-8081-exec-30] WARN  c.m.d.p.application.PaymentService [traceId=9fe0be63-4e58-4fb6-8299-78325fb1168f] - [PaymentService][Experiment] fake PG payment result used: scenario=full-protection-100-tuned-4, paymentId=MCJ-1-246d79c0b8c64997a84f, status=PAID
2026-08-17 20:02:00.575 [http-nio-8081-exec-37] WARN  c.m.d.p.application.PaymentService [traceId=2746939d-3d35-4690-a25b-0bf5faa91dd2] - [PaymentService][Experiment] fake PG payment result used: scenario=full-protection-100-tuned-4, paymentId=MCJ-1-4770ee465c1c4c7aadb0, status=PAID
2026-08-17 20:02:00.575 [http-nio-8081-exec-48] WARN  c.m.d.p.application.PaymentService [traceId=cbe74a64-d832-4ae6-a05f-a182ff287973] - [PaymentService][Experiment] fake PG payment result used: scenario=full-protection-100-tuned-4, paymentId=MCJ-1-b6945265b2a1470ba65d, status=PAID
2026-08-17 20:02:00.575 [http-nio-8081-exec-42] WARN  c.m.d.p.application.PaymentService [traceId=1ec1a9a7-e8fd-455a-a3fd-1e0bcd801057] - [PaymentService][Experiment] fake PG payment result used: scenario=full-protection-100-tuned-4, paymentId=MCJ-1-ebd43bfe757c4eb09e58, status=PAID
2026-08-17 20:02:00.575 [http-nio-8081-exec-23] WARN  c.m.d.p.application.PaymentService [traceId=41d19f1d-6bd3-4708-ae44-54c7798901b6] - [PaymentService][Experiment] fake PG payment result used: scenario=full-protection-100-tuned-4, paymentId=MCJ-1-ecaf360bded343209d46, status=PAID
2026-08-17 20:02:00.576 [http-nio-8081-exec-14] WARN  c.m.d.p.application.PaymentService [traceId=bef49413-d70a-4cf8-a83e-6d747d0efbe0] - [PaymentService][Experiment] fake PG payment result used: scenario=full-protection-100-tuned-4, paymentId=MCJ-1-bf63ed701b794244aad4, status=PAID
2026-08-17 20:02:00.577 [http-nio-8081-exec-38] WARN  c.m.d.p.application.PaymentService [traceId=e0e8112d-ee3d-4d75-897e-9c498d7e4102] - [PaymentService][Experiment] fake PG payment result used: scenario=full-protection-100-tuned-4, paymentId=MCJ-1-3b5a434b54dd406c86a3, status=PAID
2026-08-17 20:02:00.578 [http-nio-8081-exec-24] WARN  c.m.d.p.application.PaymentService [traceId=0693a6b4-5460-4ad1-807e-65e975d7f85f] - [PaymentService][Experiment] fake PG payment result used: scenario=full-protection-100-tuned-4, paymentId=MCJ-1-9acdabeabf4645d49f5f, status=PAID
2026-08-17 20:02:00.585 [http-nio-8081-exec-43] WARN  c.m.d.p.application.PaymentService [traceId=2b18409c-3532-4c3b-aca9-0bc9b2f6e887] - [PaymentService][Experiment] fake PG payment result used: scenario=full-protection-100-tuned-4, paymentId=MCJ-1-2caa1d984f9a4c46a4c9, status=PAID
2026-08-17 20:02:00.586 [http-nio-8081-exec-17] WARN  c.m.d.p.application.PaymentService [traceId=35f8bb87-eab2-482c-96b4-9f2b21db9d75] - [PaymentService][Experiment] fake PG payment result used: scenario=full-protection-100-tuned-4, paymentId=MCJ-1-0ed2e5ff217d47a8af3b, status=PAID
2026-08-17 20:02:00.614 [http-nio-8081-exec-34] WARN  c.m.d.p.application.PaymentService [traceId=e89beda1-bafa-4cb5-9bd8-c9e0399deca5] - [PaymentService][Experiment] fake PG payment result used: scenario=full-protection-100-tuned-4, paymentId=MCJ-1-9dc5560932464d23903a, status=PAID
2026-08-17 20:02:00.619 [http-nio-8081-exec-46] WARN  c.m.d.p.application.PaymentService [traceId=5f68241a-98f7-498e-b4bc-c461d0470576] - [PaymentService][Experiment] fake PG payment result used: scenario=full-protection-100-tuned-4, paymentId=MCJ-1-d593cd2a1f324fab9d39, status=PAID
2026-08-17 20:02:00.620 [http-nio-8081-exec-10] WARN  c.m.d.p.application.PaymentService [traceId=48493361-b23f-48f7-bc69-bf91904d04f0] - [PaymentService][Experiment] fake PG payment result used: scenario=full-protection-100-tuned-4, paymentId=MCJ-1-30c525cfbabf47beae54, status=PAID
2026-08-17 20:02:00.620 [http-nio-8081-exec-32] WARN  c.m.d.p.application.PaymentService [traceId=f43ec380-a98d-494f-8305-f890382d2190] - [PaymentService][Experiment] fake PG payment result used: scenario=full-protection-100-tuned-4, paymentId=MCJ-1-0853a667bfcf490dba71, status=PAID
2026-08-17 20:02:00.620 [http-nio-8081-exec-18] WARN  c.m.d.p.application.PaymentService [traceId=0b3d18c9-e148-42dd-8354-1f3a0215dc33] - [PaymentService][Experiment] fake PG payment result used: scenario=full-protection-100-tuned-4, paymentId=MCJ-1-700db4c8c6c144e69c85, status=PAID
2026-08-17 20:02:00.623 [http-nio-8081-exec-41] WARN  c.m.d.p.application.PaymentService [traceId=e4913d1d-6c1e-419f-af31-1f2ba46b37da] - [PaymentService][Experiment] fake PG payment result used: scenario=full-protection-100-tuned-4, paymentId=MCJ-1-a36841ae497842049888, status=PAID
2026-08-17 20:02:00.624 [http-nio-8081-exec-6] WARN  c.m.d.p.application.PaymentService [traceId=78521580-060d-4fa1-9bd7-7655a30989aa] - [PaymentService][Experiment] fake PG payment result used: scenario=full-protection-100-tuned-4, paymentId=MCJ-1-8423038792e34334b92b, status=PAID
2026-08-17 20:02:00.632 [http-nio-8081-exec-27] WARN  c.m.d.p.application.PaymentService [traceId=a49a1615-4953-42d0-9b86-882976dfc5b1] - [PaymentService][Experiment] fake PG payment result used: scenario=full-protection-100-tuned-4, paymentId=MCJ-1-7e6e64429d374d958b38, status=PAID
2026-08-17 20:02:00.648 [http-nio-8081-exec-50] WARN  c.m.d.p.application.PaymentService [traceId=dd83ac02-5965-4d3e-9beb-7a19b1c12e1f] - [PaymentService][Experiment] fake PG payment result used: scenario=full-protection-100-tuned-4, paymentId=MCJ-1-bbeaacc9be124b309f24, status=PAID
2026-08-17 20:02:00.649 [http-nio-8081-exec-12] WARN  c.m.d.p.application.PaymentService [traceId=545c3aeb-371e-4727-ba75-bd7c0828f467] - [PaymentService][Experiment] fake PG payment result used: scenario=full-protection-100-tuned-4, paymentId=MCJ-1-0502cd78e0fe4abb8b09, status=PAID
2026-08-17 20:02:00.651 [http-nio-8081-exec-8] WARN  c.m.d.p.application.PaymentService [traceId=c63fc6c6-a84e-4c45-afa0-b51ac002ab25] - [PaymentService][Experiment] fake PG payment result used: scenario=full-protection-100-tuned-4, paymentId=MCJ-1-440a986feb224c4a8f11, status=PAID
2026-08-17 20:02:00.653 [http-nio-8081-exec-31] WARN  c.m.d.p.application.PaymentService [traceId=4d2c9f9e-2777-43cc-9c3b-13d805232382] - [PaymentService][Experiment] fake PG payment result used: scenario=full-protection-100-tuned-4, paymentId=MCJ-1-32a227c7268d41e488a2, status=PAID
2026-08-17 20:02:00.658 [http-nio-8081-exec-49] WARN  c.m.d.p.application.PaymentService [traceId=2a79dbad-97e2-4a67-a974-8af2777ed481] - [PaymentService][Experiment] fake PG payment result used: scenario=full-protection-100-tuned-4, paymentId=MCJ-1-89b893919ce440d39182, status=PAID
2026-08-17 20:02:00.662 [http-nio-8081-exec-22] WARN  c.m.d.p.application.PaymentService [traceId=6b915bcc-1ccb-4a47-a047-fc254f36628d] - [PaymentService][Experiment] fake PG payment result used: scenario=full-protection-100-tuned-4, paymentId=MCJ-1-99c116c034f349948336, status=PAID
2026-08-17 20:02:00.695 [http-nio-8081-exec-7] WARN  c.m.d.p.application.PaymentService [traceId=353974ac-eb02-4e5b-9655-a970e5372765] - [PaymentService][Experiment] fake PG payment result used: scenario=full-protection-100-tuned-4, paymentId=MCJ-1-aba6606f0cfd48cca4b7, status=PAID
2026-08-17 20:02:00.696 [http-nio-8081-exec-21] WARN  c.m.d.p.application.PaymentService [traceId=ac1f7c44-d12d-457d-bce2-ad7bf5a22144] - [PaymentService][Experiment] fake PG payment result used: scenario=full-protection-100-tuned-4, paymentId=MCJ-1-8ea3e31b700d445d9750, status=PAID
2026-08-17 20:02:00.909 [http-nio-8081-exec-4] INFO  c.m.d.p.application.PaymentService [traceId=47c79fea-8ee3-4210-892e-a0427ffcd961] - [PaymentService] 결제 완료 검증 성공: paymentId=MCJ-1-c58f7b94ef8949dba376, userId=2, participationId=408, elapsedMs=503
2026-08-17 20:02:00.982 [http-nio-8081-exec-26] INFO  c.m.d.p.application.PaymentService [traceId=252cf867-a962-4ca4-9f20-3917e14f1365] - [PaymentService] 결제 완료 검증 성공: paymentId=MCJ-1-2e0cff29470e4079955e, userId=12, participationId=409, elapsedMs=576
2026-08-17 20:02:01.080 [http-nio-8081-exec-27] INFO  c.m.d.p.application.PaymentService [traceId=a49a1615-4953-42d0-9b86-882976dfc5b1] - [PaymentService] 결제 완료 검증 성공: paymentId=MCJ-1-7e6e64429d374d958b38, userId=96, participationId=410, elapsedMs=671
2026-08-17 20:02:01.117 [http-nio-8081-exec-25] INFO  c.m.d.p.application.PaymentService [traceId=e65da8da-c03a-4f6f-a141-22940d95d273] - [PaymentService] 결제 완료 검증 성공: paymentId=MCJ-1-ba72cba4af2c4cb4a314, userId=52, participationId=411, elapsedMs=710
2026-08-17 20:02:01.167 [http-nio-8081-exec-20] INFO  c.m.d.p.application.PaymentService [traceId=a3ca7532-9a23-42b4-9f8d-ea76df871114] - [PaymentService] 결제 완료 검증 성공: paymentId=MCJ-1-db1498c54ad949fd98fe, userId=74, participationId=412, elapsedMs=760
2026-08-17 20:02:01.239 [http-nio-8081-exec-23] INFO  c.m.d.p.application.PaymentService [traceId=41d19f1d-6bd3-4708-ae44-54c7798901b6] - [PaymentService] 결제 완료 검증 성공: paymentId=MCJ-1-ecaf360bded343209d46, userId=100, participationId=413, elapsedMs=833
2026-08-17 20:02:01.281 [http-nio-8081-exec-30] INFO  c.m.d.p.application.PaymentService [traceId=9fe0be63-4e58-4fb6-8299-78325fb1168f] - [PaymentService] 결제 완료 검증 성공: paymentId=MCJ-1-246d79c0b8c64997a84f, userId=32, participationId=414, elapsedMs=873
2026-08-17 20:02:01.543 [http-nio-8081-exec-16] INFO  c.m.d.p.application.PaymentService [traceId=236aee2b-1c6d-44a4-a1f8-41b3efd638fe] - [PaymentService] 결제 완료 검증 성공: paymentId=MCJ-1-f6254f13dbbc44b2a096, userId=54, participationId=417, elapsedMs=1135
2026-08-17 20:02:01.558 [http-nio-8081-exec-37] INFO  c.m.d.p.application.PaymentService [traceId=2746939d-3d35-4690-a25b-0bf5faa91dd2] - [PaymentService] 결제 완료 검증 성공: paymentId=MCJ-1-4770ee465c1c4c7aadb0, userId=48, participationId=418, elapsedMs=1151
2026-08-17 20:02:01.600 [http-nio-8081-exec-6] INFO  c.m.d.p.application.PaymentService [traceId=78521580-060d-4fa1-9bd7-7655a30989aa] - [PaymentService] 결제 완료 검증 성공: paymentId=MCJ-1-8423038792e34334b92b, userId=8, participationId=419, elapsedMs=1191
2026-08-17 20:02:01.698 [http-nio-8081-exec-45] INFO  c.m.d.p.application.PaymentService [traceId=8ea982ce-911c-40f0-8c5c-f07d50ec7fc2] - [PaymentService] 결제 완료 검증 성공: paymentId=MCJ-1-362eb509cadc487cb1ab, userId=24, participationId=422, elapsedMs=1292
2026-08-17 20:02:01.720 [http-nio-8081-exec-12] INFO  c.m.d.p.application.PaymentService [traceId=545c3aeb-371e-4727-ba75-bd7c0828f467] - [PaymentService] 결제 완료 검증 성공: paymentId=MCJ-1-0502cd78e0fe4abb8b09, userId=42, participationId=423, elapsedMs=1315
2026-08-17 20:02:01.769 [http-nio-8081-exec-34] INFO  c.m.d.p.application.PaymentService [traceId=e89beda1-bafa-4cb5-9bd8-c9e0399deca5] - [PaymentService] 결제 완료 검증 성공: paymentId=MCJ-1-9dc5560932464d23903a, userId=62, participationId=424, elapsedMs=1363
2026-08-17 20:02:01.827 [http-nio-8081-exec-28] INFO  c.m.d.p.application.PaymentService [traceId=e0f98611-7119-4149-8bf0-12763011adc3] - [PaymentService] 결제 완료 검증 성공: paymentId=MCJ-1-b7ffa65691604d05aff0, userId=70, participationId=425, elapsedMs=1419
2026-08-17 20:02:01.949 [http-nio-8081-exec-8] INFO  c.m.d.p.application.PaymentService [traceId=c63fc6c6-a84e-4c45-afa0-b51ac002ab25] - [PaymentService] 결제 완료 검증 성공: paymentId=MCJ-1-440a986feb224c4a8f11, userId=6, participationId=428, elapsedMs=1542
2026-08-17 20:02:01.979 [http-nio-8081-exec-39] INFO  c.m.d.p.application.PaymentService [traceId=0a98f4cf-566c-483a-a75b-da549692003f] - [PaymentService] 결제 완료 검증 성공: paymentId=MCJ-1-e8d9fcfcb3bc43988b9d, userId=82, participationId=429, elapsedMs=1573
2026-08-17 20:02:01.999 [http-nio-8081-exec-22] INFO  c.m.d.p.application.PaymentService [traceId=6b915bcc-1ccb-4a47-a047-fc254f36628d] - [PaymentService] 결제 완료 검증 성공: paymentId=MCJ-1-99c116c034f349948336, userId=60, participationId=430, elapsedMs=1590
2026-08-17 20:02:02.118 [http-nio-8081-exec-42] INFO  c.m.d.p.application.PaymentService [traceId=1ec1a9a7-e8fd-455a-a3fd-1e0bcd801057] - [PaymentService] 결제 완료 검증 성공: paymentId=MCJ-1-ebd43bfe757c4eb09e58, userId=76, participationId=432, elapsedMs=1710
2026-08-17 20:02:02.201 [http-nio-8081-exec-5] INFO  c.m.d.p.application.PaymentService [traceId=9baf150b-e7b3-48f3-809a-6fd662134dba] - [PaymentService] 결제 완료 검증 성공: paymentId=MCJ-1-c3a7b5e0ef844e22987e, userId=4, participationId=435, elapsedMs=1792
2026-08-17 20:02:02.277 [http-nio-8081-exec-46] INFO  c.m.d.p.application.PaymentService [traceId=5f68241a-98f7-498e-b4bc-c461d0470576] - [PaymentService] 결제 완료 검증 성공: paymentId=MCJ-1-d593cd2a1f324fab9d39, userId=80, participationId=438, elapsedMs=1869
2026-08-17 20:02:02.299 [http-nio-8081-exec-3] INFO  c.m.d.p.application.PaymentService [traceId=258d758f-7729-486f-b3b5-539812b5584a] - [PaymentService] 결제 완료 검증 성공: paymentId=MCJ-1-692095d7c0994a90add0, userId=14, participationId=439, elapsedMs=1891
2026-08-17 20:02:02.324 [http-nio-8081-exec-14] INFO  c.m.d.p.application.PaymentService [traceId=bef49413-d70a-4cf8-a83e-6d747d0efbe0] - [PaymentService] 결제 완료 검증 성공: paymentId=MCJ-1-bf63ed701b794244aad4, userId=44, participationId=440, elapsedMs=1918
2026-08-17 20:02:02.353 [http-nio-8081-exec-1] INFO  c.m.d.p.application.PaymentService [traceId=14a13a7d-1205-4a4f-bae8-b3e854f4379f] - [PaymentService] 결제 완료 검증 성공: paymentId=MCJ-1-642f404267754cff9c18, userId=34, participationId=441, elapsedMs=1947
2026-08-17 20:02:02.384 [http-nio-8081-exec-49] INFO  c.m.d.p.application.PaymentService [traceId=2a79dbad-97e2-4a67-a974-8af2777ed481] - [PaymentService] 결제 완료 검증 성공: paymentId=MCJ-1-89b893919ce440d39182, userId=78, participationId=442, elapsedMs=1975
2026-08-17 20:02:02.405 [http-nio-8081-exec-11] INFO  c.m.d.p.application.PaymentService [traceId=5352094d-3f04-49d0-890c-ec6a4cf8e73c] - [PaymentService] 결제 완료 검증 성공: paymentId=MCJ-1-a5504f005aac412b95e5, userId=36, participationId=443, elapsedMs=1997
2026-08-17 20:02:02.457 [http-nio-8081-exec-41] INFO  c.m.d.p.application.PaymentService [traceId=e4913d1d-6c1e-419f-af31-1f2ba46b37da] - [PaymentService] 결제 완료 검증 성공: paymentId=MCJ-1-a36841ae497842049888, userId=88, participationId=445, elapsedMs=2048
2026-08-17 20:02:02.514 [http-nio-8081-exec-35] INFO  c.m.d.p.application.PaymentService [traceId=194b75ff-99e3-4b05-b739-da37dd56fa09] - [PaymentService] 결제 완료 검증 성공: paymentId=MCJ-1-2eaae183a8bf4132841e, userId=66, participationId=447, elapsedMs=2106
2026-08-17 20:02:02.561 [http-nio-8081-exec-19] INFO  c.m.d.p.application.PaymentService [traceId=9cea9657-857b-46a9-bd38-6e924e493728] - [PaymentService] 결제 완료 검증 성공: paymentId=MCJ-1-44cbc2b503854884860f, userId=50, participationId=449, elapsedMs=2155
2026-08-17 20:02:02.617 [http-nio-8081-exec-13] INFO  c.m.d.p.application.PaymentService [traceId=d56344b8-20fe-4754-8faa-c701ec6fd159] - [PaymentService] 결제 완료 검증 성공: paymentId=MCJ-1-0c09e51ff2f64f31a298, userId=46, participationId=451, elapsedMs=2211
2026-08-17 20:02:02.671 [http-nio-8081-exec-38] INFO  c.m.d.p.application.PaymentService [traceId=e0e8112d-ee3d-4d75-897e-9c498d7e4102] - [PaymentService] 결제 완료 검증 성공: paymentId=MCJ-1-3b5a434b54dd406c86a3, userId=58, participationId=453, elapsedMs=2263
2026-08-17 20:02:02.720 [http-nio-8081-exec-7] INFO  c.m.d.p.application.PaymentService [traceId=353974ac-eb02-4e5b-9655-a970e5372765] - [PaymentService] 결제 완료 검증 성공: paymentId=MCJ-1-aba6606f0cfd48cca4b7, userId=22, participationId=455, elapsedMs=2311
2026-08-17 20:02:02.822 [http-nio-8081-exec-18] INFO  c.m.d.p.application.PaymentService [traceId=0b3d18c9-e148-42dd-8354-1f3a0215dc33] - [PaymentService] 결제 완료 검증 성공: paymentId=MCJ-1-700db4c8c6c144e69c85, userId=10, participationId=457, elapsedMs=2416
2026-08-17 20:02:02.845 [http-nio-8081-exec-50] INFO  c.m.d.p.a.PaymentAuditLogService [traceId=dd83ac02-5965-4d3e-9beb-7a19b1c12e1f] - [payment_audit] source=COMPLETE_API eventType=PAYMENT_FAILED result=failure orderId=MCJ-1-bbeaacc9be124b309f24 pgPaymentId=MCJ-1-bbeaacc9be124b309f24 pgStatus=PAID previousOrderStatus=READY currentOrderStatus=FAILED reason=PAYMENT_QUANTITY_EXCEEDED
2026-08-17 20:02:02.852 [http-nio-8081-exec-50] WARN  c.m.d.p.application.PaymentService [traceId=dd83ac02-5965-4d3e-9beb-7a19b1c12e1f] - [PaymentService] 결제 완료 검증 실패: paymentId=MCJ-1-bbeaacc9be124b309f24, userId=72, errorCode=PAYMENT_QUANTITY_EXCEEDED, elapsedMs=2444
2026-08-17 20:02:02.856 [http-nio-8081-exec-50] INFO  c.m.d.p.a.PaymentAuditLogService [traceId=dd83ac02-5965-4d3e-9beb-7a19b1c12e1f] - [payment_audit] source=COMPLETE_API eventType=PAYMENT_FAILED result=failure orderId=MCJ-1-bbeaacc9be124b309f24 pgPaymentId=null pgStatus=null previousOrderStatus=null currentOrderStatus=null reason=PAYMENT_QUANTITY_EXCEEDED
2026-08-17 20:02:02.871 [http-nio-8081-exec-32] INFO  c.m.d.p.a.PaymentAuditLogService [traceId=f43ec380-a98d-494f-8305-f890382d2190] - [payment_audit] source=COMPLETE_API eventType=PAYMENT_FAILED result=failure orderId=MCJ-1-0853a667bfcf490dba71 pgPaymentId=MCJ-1-0853a667bfcf490dba71 pgStatus=PAID previousOrderStatus=READY currentOrderStatus=FAILED reason=PAYMENT_QUANTITY_EXCEEDED
2026-08-17 20:02:02.875 [http-nio-8081-exec-32] WARN  c.m.d.p.application.PaymentService [traceId=f43ec380-a98d-494f-8305-f890382d2190] - [PaymentService] 결제 완료 검증 실패: paymentId=MCJ-1-0853a667bfcf490dba71, userId=56, errorCode=PAYMENT_QUANTITY_EXCEEDED, elapsedMs=2466
2026-08-17 20:02:02.878 [http-nio-8081-exec-32] INFO  c.m.d.p.a.PaymentAuditLogService [traceId=f43ec380-a98d-494f-8305-f890382d2190] - [payment_audit] source=COMPLETE_API eventType=PAYMENT_FAILED result=failure orderId=MCJ-1-0853a667bfcf490dba71 pgPaymentId=null pgStatus=null previousOrderStatus=null currentOrderStatus=null reason=PAYMENT_QUANTITY_EXCEEDED
2026-08-17 20:02:02.892 [http-nio-8081-exec-31] INFO  c.m.d.p.a.PaymentAuditLogService [traceId=4d2c9f9e-2777-43cc-9c3b-13d805232382] - [payment_audit] source=COMPLETE_API eventType=PAYMENT_FAILED result=failure orderId=MCJ-1-32a227c7268d41e488a2 pgPaymentId=MCJ-1-32a227c7268d41e488a2 pgStatus=PAID previousOrderStatus=READY currentOrderStatus=FAILED reason=PAYMENT_QUANTITY_EXCEEDED
2026-08-17 20:02:02.897 [http-nio-8081-exec-31] WARN  c.m.d.p.application.PaymentService [traceId=4d2c9f9e-2777-43cc-9c3b-13d805232382] - [PaymentService] 결제 완료 검증 실패: paymentId=MCJ-1-32a227c7268d41e488a2, userId=90, errorCode=PAYMENT_QUANTITY_EXCEEDED, elapsedMs=2488
2026-08-17 20:02:02.901 [http-nio-8081-exec-31] INFO  c.m.d.p.a.PaymentAuditLogService [traceId=4d2c9f9e-2777-43cc-9c3b-13d805232382] - [payment_audit] source=COMPLETE_API eventType=PAYMENT_FAILED result=failure orderId=MCJ-1-32a227c7268d41e488a2 pgPaymentId=null pgStatus=null previousOrderStatus=null currentOrderStatus=null reason=PAYMENT_QUANTITY_EXCEEDED
2026-08-17 20:02:02.923 [http-nio-8081-exec-44] INFO  c.m.d.p.a.PaymentAuditLogService [traceId=e177b5c8-1481-4bb4-bf7d-1485c9c693ff] - [payment_audit] source=COMPLETE_API eventType=PAYMENT_FAILED result=failure orderId=MCJ-1-9f692618285141e0ba44 pgPaymentId=MCJ-1-9f692618285141e0ba44 pgStatus=PAID previousOrderStatus=READY currentOrderStatus=FAILED reason=PAYMENT_QUANTITY_EXCEEDED
2026-08-17 20:02:02.929 [http-nio-8081-exec-44] WARN  c.m.d.p.application.PaymentService [traceId=e177b5c8-1481-4bb4-bf7d-1485c9c693ff] - [PaymentService] 결제 완료 검증 실패: paymentId=MCJ-1-9f692618285141e0ba44, userId=30, errorCode=PAYMENT_QUANTITY_EXCEEDED, elapsedMs=2523
2026-08-17 20:02:02.935 [http-nio-8081-exec-44] INFO  c.m.d.p.a.PaymentAuditLogService [traceId=e177b5c8-1481-4bb4-bf7d-1485c9c693ff] - [payment_audit] source=COMPLETE_API eventType=PAYMENT_FAILED result=failure orderId=MCJ-1-9f692618285141e0ba44 pgPaymentId=null pgStatus=null previousOrderStatus=null currentOrderStatus=null reason=PAYMENT_QUANTITY_EXCEEDED
2026-08-17 20:02:02.975 [http-nio-8081-exec-47] INFO  c.m.d.p.a.PaymentAuditLogService [traceId=3293da2d-80f7-4b03-8b4a-c369e426adb1] - [payment_audit] source=COMPLETE_API eventType=PAYMENT_FAILED result=failure orderId=MCJ-1-adca871e39414cf0a638 pgPaymentId=MCJ-1-adca871e39414cf0a638 pgStatus=PAID previousOrderStatus=READY currentOrderStatus=FAILED reason=PAYMENT_QUANTITY_EXCEEDED
2026-08-17 20:02:02.978 [http-nio-8081-exec-47] WARN  c.m.d.p.application.PaymentService [traceId=3293da2d-80f7-4b03-8b4a-c369e426adb1] - [PaymentService] 결제 완료 검증 실패: paymentId=MCJ-1-adca871e39414cf0a638, userId=86, errorCode=PAYMENT_QUANTITY_EXCEEDED, elapsedMs=2572
2026-08-17 20:02:02.980 [http-nio-8081-exec-47] INFO  c.m.d.p.a.PaymentAuditLogService [traceId=3293da2d-80f7-4b03-8b4a-c369e426adb1] - [payment_audit] source=COMPLETE_API eventType=PAYMENT_FAILED result=failure orderId=MCJ-1-adca871e39414cf0a638 pgPaymentId=null pgStatus=null previousOrderStatus=null currentOrderStatus=null reason=PAYMENT_QUANTITY_EXCEEDED
2026-08-17 20:02:02.991 [http-nio-8081-exec-24] INFO  c.m.d.p.a.PaymentAuditLogService [traceId=0693a6b4-5460-4ad1-807e-65e975d7f85f] - [payment_audit] source=COMPLETE_API eventType=PAYMENT_FAILED result=failure orderId=MCJ-1-9acdabeabf4645d49f5f pgPaymentId=MCJ-1-9acdabeabf4645d49f5f pgStatus=PAID previousOrderStatus=READY currentOrderStatus=FAILED reason=PAYMENT_QUANTITY_EXCEEDED
2026-08-17 20:02:02.996 [http-nio-8081-exec-24] WARN  c.m.d.p.application.PaymentService [traceId=0693a6b4-5460-4ad1-807e-65e975d7f85f] - [PaymentService] 결제 완료 검증 실패: paymentId=MCJ-1-9acdabeabf4645d49f5f, userId=98, errorCode=PAYMENT_QUANTITY_EXCEEDED, elapsedMs=2587
2026-08-17 20:02:03.000 [http-nio-8081-exec-24] INFO  c.m.d.p.a.PaymentAuditLogService [traceId=0693a6b4-5460-4ad1-807e-65e975d7f85f] - [payment_audit] source=COMPLETE_API eventType=PAYMENT_FAILED result=failure orderId=MCJ-1-9acdabeabf4645d49f5f pgPaymentId=null pgStatus=null previousOrderStatus=null currentOrderStatus=null reason=PAYMENT_QUANTITY_EXCEEDED
2026-08-17 20:02:03.026 [http-nio-8081-exec-21] INFO  c.m.d.p.a.PaymentAuditLogService [traceId=ac1f7c44-d12d-457d-bce2-ad7bf5a22144] - [payment_audit] source=COMPLETE_API eventType=PAYMENT_FAILED result=failure orderId=MCJ-1-8ea3e31b700d445d9750 pgPaymentId=MCJ-1-8ea3e31b700d445d9750 pgStatus=PAID previousOrderStatus=READY currentOrderStatus=FAILED reason=PAYMENT_QUANTITY_EXCEEDED
2026-08-17 20:02:03.031 [http-nio-8081-exec-21] WARN  c.m.d.p.application.PaymentService [traceId=ac1f7c44-d12d-457d-bce2-ad7bf5a22144] - [PaymentService] 결제 완료 검증 실패: paymentId=MCJ-1-8ea3e31b700d445d9750, userId=40, errorCode=PAYMENT_QUANTITY_EXCEEDED, elapsedMs=2624
2026-08-17 20:02:03.034 [http-nio-8081-exec-21] INFO  c.m.d.p.a.PaymentAuditLogService [traceId=ac1f7c44-d12d-457d-bce2-ad7bf5a22144] - [payment_audit] source=COMPLETE_API eventType=PAYMENT_FAILED result=failure orderId=MCJ-1-8ea3e31b700d445d9750 pgPaymentId=null pgStatus=null previousOrderStatus=null currentOrderStatus=null reason=PAYMENT_QUANTITY_EXCEEDED
2026-08-17 20:02:03.086 [http-nio-8081-exec-17] INFO  c.m.d.p.a.PaymentAuditLogService [traceId=35f8bb87-eab2-482c-96b4-9f2b21db9d75] - [payment_audit] source=COMPLETE_API eventType=PAYMENT_FAILED result=failure orderId=MCJ-1-0ed2e5ff217d47a8af3b pgPaymentId=MCJ-1-0ed2e5ff217d47a8af3b pgStatus=PAID previousOrderStatus=READY currentOrderStatus=FAILED reason=PAYMENT_QUANTITY_EXCEEDED
2026-08-17 20:02:03.090 [http-nio-8081-exec-17] WARN  c.m.d.p.application.PaymentService [traceId=35f8bb87-eab2-482c-96b4-9f2b21db9d75] - [PaymentService] 결제 완료 검증 실패: paymentId=MCJ-1-0ed2e5ff217d47a8af3b, userId=64, errorCode=PAYMENT_QUANTITY_EXCEEDED, elapsedMs=2684
2026-08-17 20:02:03.093 [http-nio-8081-exec-17] INFO  c.m.d.p.a.PaymentAuditLogService [traceId=35f8bb87-eab2-482c-96b4-9f2b21db9d75] - [payment_audit] source=COMPLETE_API eventType=PAYMENT_FAILED result=failure orderId=MCJ-1-0ed2e5ff217d47a8af3b pgPaymentId=null pgStatus=null previousOrderStatus=null currentOrderStatus=null reason=PAYMENT_QUANTITY_EXCEEDED
2026-08-17 20:02:03.137 [http-nio-8081-exec-43] INFO  c.m.d.p.a.PaymentAuditLogService [traceId=2b18409c-3532-4c3b-aca9-0bc9b2f6e887] - [payment_audit] source=COMPLETE_API eventType=PAYMENT_FAILED result=failure orderId=MCJ-1-2caa1d984f9a4c46a4c9 pgPaymentId=MCJ-1-2caa1d984f9a4c46a4c9 pgStatus=PAID previousOrderStatus=READY currentOrderStatus=FAILED reason=PAYMENT_QUANTITY_EXCEEDED
2026-08-17 20:02:03.142 [http-nio-8081-exec-43] WARN  c.m.d.p.application.PaymentService [traceId=2b18409c-3532-4c3b-aca9-0bc9b2f6e887] - [PaymentService] 결제 완료 검증 실패: paymentId=MCJ-1-2caa1d984f9a4c46a4c9, userId=94, errorCode=PAYMENT_QUANTITY_EXCEEDED, elapsedMs=2734
2026-08-17 20:02:03.145 [http-nio-8081-exec-43] INFO  c.m.d.p.a.PaymentAuditLogService [traceId=2b18409c-3532-4c3b-aca9-0bc9b2f6e887] - [payment_audit] source=COMPLETE_API eventType=PAYMENT_FAILED result=failure orderId=MCJ-1-2caa1d984f9a4c46a4c9 pgPaymentId=null pgStatus=null previousOrderStatus=null currentOrderStatus=null reason=PAYMENT_QUANTITY_EXCEEDED
2026-08-17 20:02:03.195 [http-nio-8081-exec-40] INFO  c.m.d.p.a.PaymentAuditLogService [traceId=caf7bf32-7703-4c97-9940-1b24c8fd33d6] - [payment_audit] source=COMPLETE_API eventType=PAYMENT_FAILED result=failure orderId=MCJ-1-6017deeeda7746208aaa pgPaymentId=MCJ-1-6017deeeda7746208aaa pgStatus=PAID previousOrderStatus=READY currentOrderStatus=FAILED reason=PAYMENT_QUANTITY_EXCEEDED
2026-08-17 20:02:03.204 [http-nio-8081-exec-40] WARN  c.m.d.p.application.PaymentService [traceId=caf7bf32-7703-4c97-9940-1b24c8fd33d6] - [PaymentService] 결제 완료 검증 실패: paymentId=MCJ-1-6017deeeda7746208aaa, userId=92, errorCode=PAYMENT_QUANTITY_EXCEEDED, elapsedMs=2795
2026-08-17 20:02:03.209 [http-nio-8081-exec-40] INFO  c.m.d.p.a.PaymentAuditLogService [traceId=caf7bf32-7703-4c97-9940-1b24c8fd33d6] - [payment_audit] source=COMPLETE_API eventType=PAYMENT_FAILED result=failure orderId=MCJ-1-6017deeeda7746208aaa pgPaymentId=null pgStatus=null previousOrderStatus=null currentOrderStatus=null reason=PAYMENT_QUANTITY_EXCEEDED
2026-08-17 20:02:03.308 [http-nio-8081-exec-10] INFO  c.m.d.p.a.PaymentAuditLogService [traceId=48493361-b23f-48f7-bc69-bf91904d04f0] - [payment_audit] source=COMPLETE_API eventType=PAYMENT_FAILED result=failure orderId=MCJ-1-30c525cfbabf47beae54 pgPaymentId=MCJ-1-30c525cfbabf47beae54 pgStatus=PAID previousOrderStatus=READY currentOrderStatus=FAILED reason=PAYMENT_QUANTITY_EXCEEDED
2026-08-17 20:02:03.313 [http-nio-8081-exec-10] WARN  c.m.d.p.application.PaymentService [traceId=48493361-b23f-48f7-bc69-bf91904d04f0] - [PaymentService] 결제 완료 검증 실패: paymentId=MCJ-1-30c525cfbabf47beae54, userId=28, errorCode=PAYMENT_QUANTITY_EXCEEDED, elapsedMs=2907
2026-08-17 20:02:03.317 [http-nio-8081-exec-10] INFO  c.m.d.p.a.PaymentAuditLogService [traceId=48493361-b23f-48f7-bc69-bf91904d04f0] - [payment_audit] source=COMPLETE_API eventType=PAYMENT_FAILED result=failure orderId=MCJ-1-30c525cfbabf47beae54 pgPaymentId=null pgStatus=null previousOrderStatus=null currentOrderStatus=null reason=PAYMENT_QUANTITY_EXCEEDED
2026-08-17 20:02:03.351 [http-nio-8081-exec-29] INFO  c.m.d.p.a.PaymentAuditLogService [traceId=c4e548de-c020-4b8a-ac33-7a41b9c57214] - [payment_audit] source=COMPLETE_API eventType=PAYMENT_FAILED result=failure orderId=MCJ-1-8d002fa8afb045c38e0a pgPaymentId=MCJ-1-8d002fa8afb045c38e0a pgStatus=PAID previousOrderStatus=READY currentOrderStatus=FAILED reason=PAYMENT_QUANTITY_EXCEEDED
2026-08-17 20:02:03.355 [http-nio-8081-exec-29] WARN  c.m.d.p.application.PaymentService [traceId=c4e548de-c020-4b8a-ac33-7a41b9c57214] - [PaymentService] 결제 완료 검증 실패: paymentId=MCJ-1-8d002fa8afb045c38e0a, userId=38, errorCode=PAYMENT_QUANTITY_EXCEEDED, elapsedMs=2947
2026-08-17 20:02:03.360 [http-nio-8081-exec-29] INFO  c.m.d.p.a.PaymentAuditLogService [traceId=c4e548de-c020-4b8a-ac33-7a41b9c57214] - [payment_audit] source=COMPLETE_API eventType=PAYMENT_FAILED result=failure orderId=MCJ-1-8d002fa8afb045c38e0a pgPaymentId=null pgStatus=null previousOrderStatus=null currentOrderStatus=null reason=PAYMENT_QUANTITY_EXCEEDED
2026-08-17 20:02:03.403 [http-nio-8081-exec-36] INFO  c.m.d.p.a.PaymentAuditLogService [traceId=fe1a46bb-646f-4f05-b525-c4bda1fa0f22] - [payment_audit] source=COMPLETE_API eventType=PAYMENT_FAILED result=failure orderId=MCJ-1-838dfc3b6b484b5999df pgPaymentId=MCJ-1-838dfc3b6b484b5999df pgStatus=PAID previousOrderStatus=READY currentOrderStatus=FAILED reason=PAYMENT_QUANTITY_EXCEEDED
2026-08-17 20:02:03.408 [http-nio-8081-exec-36] WARN  c.m.d.p.application.PaymentService [traceId=fe1a46bb-646f-4f05-b525-c4bda1fa0f22] - [PaymentService] 결제 완료 검증 실패: paymentId=MCJ-1-838dfc3b6b484b5999df, userId=20, errorCode=PAYMENT_QUANTITY_EXCEEDED, elapsedMs=3000
2026-08-17 20:02:03.413 [http-nio-8081-exec-36] INFO  c.m.d.p.a.PaymentAuditLogService [traceId=fe1a46bb-646f-4f05-b525-c4bda1fa0f22] - [payment_audit] source=COMPLETE_API eventType=PAYMENT_FAILED result=failure orderId=MCJ-1-838dfc3b6b484b5999df pgPaymentId=null pgStatus=null previousOrderStatus=null currentOrderStatus=null reason=PAYMENT_QUANTITY_EXCEEDED
2026-08-17 20:02:03.483 [http-nio-8081-exec-9] INFO  c.m.d.p.a.PaymentAuditLogService [traceId=d06a7cff-0cd3-48b5-9fc9-69f1326a32c9] - [payment_audit] source=COMPLETE_API eventType=PAYMENT_FAILED result=failure orderId=MCJ-1-d906b5bc63994bbf8dd8 pgPaymentId=MCJ-1-d906b5bc63994bbf8dd8 pgStatus=PAID previousOrderStatus=READY currentOrderStatus=FAILED reason=PAYMENT_QUANTITY_EXCEEDED
2026-08-17 20:02:03.489 [http-nio-8081-exec-9] WARN  c.m.d.p.application.PaymentService [traceId=d06a7cff-0cd3-48b5-9fc9-69f1326a32c9] - [PaymentService] 결제 완료 검증 실패: paymentId=MCJ-1-d906b5bc63994bbf8dd8, userId=18, errorCode=PAYMENT_QUANTITY_EXCEEDED, elapsedMs=3083
2026-08-17 20:02:03.494 [http-nio-8081-exec-9] INFO  c.m.d.p.a.PaymentAuditLogService [traceId=d06a7cff-0cd3-48b5-9fc9-69f1326a32c9] - [payment_audit] source=COMPLETE_API eventType=PAYMENT_FAILED result=failure orderId=MCJ-1-d906b5bc63994bbf8dd8 pgPaymentId=null pgStatus=null previousOrderStatus=null currentOrderStatus=null reason=PAYMENT_QUANTITY_EXCEEDED
2026-08-17 20:02:03.513 [http-nio-8081-exec-2] INFO  c.m.d.p.a.PaymentAuditLogService [traceId=520c2140-70fe-4c16-b79c-a73f96b80082] - [payment_audit] source=COMPLETE_API eventType=PAYMENT_FAILED result=failure orderId=MCJ-1-c5470ce757d7403985a0 pgPaymentId=MCJ-1-c5470ce757d7403985a0 pgStatus=PAID previousOrderStatus=READY currentOrderStatus=FAILED reason=PAYMENT_QUANTITY_EXCEEDED
2026-08-17 20:02:03.522 [http-nio-8081-exec-2] WARN  c.m.d.p.application.PaymentService [traceId=520c2140-70fe-4c16-b79c-a73f96b80082] - [PaymentService] 결제 완료 검증 실패: paymentId=MCJ-1-c5470ce757d7403985a0, userId=26, errorCode=PAYMENT_QUANTITY_EXCEEDED, elapsedMs=3113
2026-08-17 20:02:03.528 [http-nio-8081-exec-2] INFO  c.m.d.p.a.PaymentAuditLogService [traceId=520c2140-70fe-4c16-b79c-a73f96b80082] - [payment_audit] source=COMPLETE_API eventType=PAYMENT_FAILED result=failure orderId=MCJ-1-c5470ce757d7403985a0 pgPaymentId=null pgStatus=null previousOrderStatus=null currentOrderStatus=null reason=PAYMENT_QUANTITY_EXCEEDED
2026-08-17 20:02:03.598 [http-nio-8081-exec-33] INFO  c.m.d.p.a.PaymentAuditLogService [traceId=58c8f7dd-889c-4332-b482-ca51c1d72e3c] - [payment_audit] source=COMPLETE_API eventType=PAYMENT_FAILED result=failure orderId=MCJ-1-04a864da1f22490d91af pgPaymentId=MCJ-1-04a864da1f22490d91af pgStatus=PAID previousOrderStatus=READY currentOrderStatus=FAILED reason=PAYMENT_QUANTITY_EXCEEDED
2026-08-17 20:02:03.612 [http-nio-8081-exec-33] WARN  c.m.d.p.application.PaymentService [traceId=58c8f7dd-889c-4332-b482-ca51c1d72e3c] - [PaymentService] 결제 완료 검증 실패: paymentId=MCJ-1-04a864da1f22490d91af, userId=68, errorCode=PAYMENT_QUANTITY_EXCEEDED, elapsedMs=3206
2026-08-17 20:02:03.632 [http-nio-8081-exec-33] INFO  c.m.d.p.a.PaymentAuditLogService [traceId=58c8f7dd-889c-4332-b482-ca51c1d72e3c] - [payment_audit] source=COMPLETE_API eventType=PAYMENT_FAILED result=failure orderId=MCJ-1-04a864da1f22490d91af pgPaymentId=null pgStatus=null previousOrderStatus=null currentOrderStatus=null reason=PAYMENT_QUANTITY_EXCEEDED
2026-08-17 20:02:03.792 [http-nio-8081-exec-15] WARN  c.m.d.p.application.PaymentService [traceId=f357656d-49c3-410e-b2a1-b0d5a817c37e] - [PaymentService] 결제 완료 검증 실패: paymentId=MCJ-1-69beecce42b448c58d0d, userId=16, errorCode=GROUPBUY_LOCK_ACQUISITION_FAILED, elapsedMs=3387
2026-08-17 20:02:03.792 [http-nio-8081-exec-48] WARN  c.m.d.p.application.PaymentService [traceId=cbe74a64-d832-4ae6-a05f-a182ff287973] - [PaymentService] 결제 완료 검증 실패: paymentId=MCJ-1-b6945265b2a1470ba65d, userId=84, errorCode=GROUPBUY_LOCK_ACQUISITION_FAILED, elapsedMs=3387
2026-08-17 20:02:03.798 [http-nio-8081-exec-48] INFO  c.m.d.p.a.PaymentAuditLogService [traceId=cbe74a64-d832-4ae6-a05f-a182ff287973] - [payment_audit] source=COMPLETE_API eventType=PAYMENT_FAILED result=failure orderId=MCJ-1-b6945265b2a1470ba65d pgPaymentId=null pgStatus=null previousOrderStatus=null currentOrderStatus=null reason=GROUPBUY_LOCK_ACQUISITION_FAILED
2026-08-17 20:02:03.800 [http-nio-8081-exec-15] INFO  c.m.d.p.a.PaymentAuditLogService [traceId=f357656d-49c3-410e-b2a1-b0d5a817c37e] - [payment_audit] source=COMPLETE_API eventType=PAYMENT_FAILED result=failure orderId=MCJ-1-69beecce42b448c58d0d pgPaymentId=null pgStatus=null previousOrderStatus=null currentOrderStatus=null reason=GROUPBUY_LOCK_ACQUISITION_FAILED
2026-08-17 20:02:01.257 [http-nio-8082-exec-24] WARN  c.m.d.p.application.PaymentService [traceId=be1f9cbf-581f-426d-8788-703ec4338c36] - [PaymentService][Experiment] fake PG payment result used: scenario=full-protection-100-tuned-4, paymentId=MCJ-1-3d41b37cf1bd409393b9, status=PAID
2026-08-17 20:02:01.257 [http-nio-8082-exec-37] WARN  c.m.d.p.application.PaymentService [traceId=697836d4-21d1-4159-b5fd-0bd8b324ca17] - [PaymentService][Experiment] fake PG payment result used: scenario=full-protection-100-tuned-4, paymentId=MCJ-1-8a727ad6be6c4882b3cf, status=PAID
2026-08-17 20:02:01.262 [http-nio-8082-exec-7] WARN  c.m.d.p.application.PaymentService [traceId=5a028b7a-9f4c-4d67-b30c-2ccae2fb7f25] - [PaymentService][Experiment] fake PG payment result used: scenario=full-protection-100-tuned-4, paymentId=MCJ-1-9a53ce98aca0441ba44e, status=PAID
2026-08-17 20:02:01.263 [http-nio-8082-exec-48] WARN  c.m.d.p.application.PaymentService [traceId=c5efe1e1-488a-44e8-b039-ca69be37e7bd] - [PaymentService][Experiment] fake PG payment result used: scenario=full-protection-100-tuned-4, paymentId=MCJ-1-90ffba3132cd406d8546, status=PAID
2026-08-17 20:02:01.264 [http-nio-8082-exec-39] WARN  c.m.d.p.application.PaymentService [traceId=b28a865e-91fb-4efd-9486-858bfa301825] - [PaymentService][Experiment] fake PG payment result used: scenario=full-protection-100-tuned-4, paymentId=MCJ-1-434c3aab4fee46e78fdc, status=PAID
2026-08-17 20:02:01.265 [http-nio-8082-exec-18] WARN  c.m.d.p.application.PaymentService [traceId=ea88b730-f102-47f3-8549-cd5b051b2e49] - [PaymentService][Experiment] fake PG payment result used: scenario=full-protection-100-tuned-4, paymentId=MCJ-1-0dd122cf265f447f89f5, status=PAID
2026-08-17 20:02:01.265 [http-nio-8082-exec-49] WARN  c.m.d.p.application.PaymentService [traceId=054ec718-0e82-4967-91d3-0dac042f682d] - [PaymentService][Experiment] fake PG payment result used: scenario=full-protection-100-tuned-4, paymentId=MCJ-1-5ec8a5b3698a47b2a2f5, status=PAID
2026-08-17 20:02:01.266 [http-nio-8082-exec-34] WARN  c.m.d.p.application.PaymentService [traceId=005c72ae-c3be-45e5-a937-e02c7dec92fd] - [PaymentService][Experiment] fake PG payment result used: scenario=full-protection-100-tuned-4, paymentId=MCJ-1-a6965e5c542a4950afc7, status=PAID
2026-08-17 20:02:01.267 [http-nio-8082-exec-35] WARN  c.m.d.p.application.PaymentService [traceId=46507ee9-ef1b-4dc3-b6bc-10aad2e1a194] - [PaymentService][Experiment] fake PG payment result used: scenario=full-protection-100-tuned-4, paymentId=MCJ-1-0d8b329d1d564dbea348, status=PAID
2026-08-17 20:02:01.268 [http-nio-8082-exec-36] WARN  c.m.d.p.application.PaymentService [traceId=13c95135-c24b-4b08-befb-8a239a738618] - [PaymentService][Experiment] fake PG payment result used: scenario=full-protection-100-tuned-4, paymentId=MCJ-1-ccb34fd7830445d2902f, status=PAID
2026-08-17 20:02:01.268 [http-nio-8082-exec-3] WARN  c.m.d.p.application.PaymentService [traceId=ec32fde7-9d93-4efc-9ca2-e8a979411be2] - [PaymentService][Experiment] fake PG payment result used: scenario=full-protection-100-tuned-4, paymentId=MCJ-1-39f56548c5374575a730, status=PAID
2026-08-17 20:02:01.270 [http-nio-8082-exec-6] WARN  c.m.d.p.application.PaymentService [traceId=ad49d2fc-8419-4e83-a9e9-e48b3eb247f0] - [PaymentService][Experiment] fake PG payment result used: scenario=full-protection-100-tuned-4, paymentId=MCJ-1-066a7729dbc14d81bd82, status=PAID
2026-08-17 20:02:01.270 [http-nio-8082-exec-40] WARN  c.m.d.p.application.PaymentService [traceId=e49e461c-e453-483b-b3d7-28450a0d350d] - [PaymentService][Experiment] fake PG payment result used: scenario=full-protection-100-tuned-4, paymentId=MCJ-1-adfdb2c053064ab790d7, status=PAID
2026-08-17 20:02:01.273 [http-nio-8082-exec-38] WARN  c.m.d.p.application.PaymentService [traceId=2d6544d4-d507-4844-9616-a8a75cdc7ccf] - [PaymentService][Experiment] fake PG payment result used: scenario=full-protection-100-tuned-4, paymentId=MCJ-1-d9a47694e1564d148c31, status=PAID
2026-08-17 20:02:01.276 [http-nio-8082-exec-17] WARN  c.m.d.p.application.PaymentService [traceId=97badcac-610e-482a-a741-94ddf4981427] - [PaymentService][Experiment] fake PG payment result used: scenario=full-protection-100-tuned-4, paymentId=MCJ-1-883e8132e77449c885ab, status=PAID
2026-08-17 20:02:01.277 [http-nio-8082-exec-41] WARN  c.m.d.p.application.PaymentService [traceId=6bccc3c0-58d5-46bb-a48a-253c5226f4b4] - [PaymentService][Experiment] fake PG payment result used: scenario=full-protection-100-tuned-4, paymentId=MCJ-1-cf740fcdc6b740be860e, status=PAID
2026-08-17 20:02:01.277 [http-nio-8082-exec-32] WARN  c.m.d.p.application.PaymentService [traceId=1a82ae21-ceb6-4c3f-9f05-514245e9d437] - [PaymentService][Experiment] fake PG payment result used: scenario=full-protection-100-tuned-4, paymentId=MCJ-1-d369ca17cd4d402abdb3, status=PAID
2026-08-17 20:02:01.277 [http-nio-8082-exec-13] WARN  c.m.d.p.application.PaymentService [traceId=09c37eb5-1dcc-40e1-8acc-8e1f6b45c6e3] - [PaymentService][Experiment] fake PG payment result used: scenario=full-protection-100-tuned-4, paymentId=MCJ-1-2a6ca19f879b457b8dfd, status=PAID
2026-08-17 20:02:01.278 [http-nio-8082-exec-30] WARN  c.m.d.p.application.PaymentService [traceId=7be5e4dc-5487-4588-88bf-ec0b71f411e1] - [PaymentService][Experiment] fake PG payment result used: scenario=full-protection-100-tuned-4, paymentId=MCJ-1-19f6540f714042c38d1e, status=PAID
2026-08-17 20:02:01.278 [http-nio-8082-exec-33] WARN  c.m.d.p.application.PaymentService [traceId=871c71a9-e88d-4cf9-bbf7-535e48e0b64d] - [PaymentService][Experiment] fake PG payment result used: scenario=full-protection-100-tuned-4, paymentId=MCJ-1-b0499cb4a33c4bf183dc, status=PAID
2026-08-17 20:02:01.280 [http-nio-8082-exec-50] WARN  c.m.d.p.application.PaymentService [traceId=0924b3c6-8341-4c48-b491-27bdfc3b4445] - [PaymentService][Experiment] fake PG payment result used: scenario=full-protection-100-tuned-4, paymentId=MCJ-1-f2af4701a6074335b27e, status=PAID
2026-08-17 20:02:01.284 [http-nio-8082-exec-19] WARN  c.m.d.p.application.PaymentService [traceId=564b2963-2428-4630-8b7c-ed9096565b57] - [PaymentService][Experiment] fake PG payment result used: scenario=full-protection-100-tuned-4, paymentId=MCJ-1-bbbb48b467eb4c298136, status=PAID
2026-08-17 20:02:01.285 [http-nio-8082-exec-47] WARN  c.m.d.p.application.PaymentService [traceId=9d43bc3b-1a3c-4acd-a6be-dedb1b00d50e] - [PaymentService][Experiment] fake PG payment result used: scenario=full-protection-100-tuned-4, paymentId=MCJ-1-5ce2f237c0e24c40bacd, status=PAID
2026-08-17 20:02:01.288 [http-nio-8082-exec-27] WARN  c.m.d.p.application.PaymentService [traceId=51791b84-5da6-48ab-b0b3-4a809306cff4] - [PaymentService][Experiment] fake PG payment result used: scenario=full-protection-100-tuned-4, paymentId=MCJ-1-c54fbd9fb6b64c1e96a2, status=PAID
2026-08-17 20:02:01.290 [http-nio-8082-exec-42] WARN  c.m.d.p.application.PaymentService [traceId=cbba6f4e-4b34-4d6a-9caa-fe7d0f1f3b1f] - [PaymentService][Experiment] fake PG payment result used: scenario=full-protection-100-tuned-4, paymentId=MCJ-1-756c79cc293a415fa79b, status=PAID
2026-08-17 20:02:01.291 [http-nio-8082-exec-2] WARN  c.m.d.p.application.PaymentService [traceId=5ba79041-44a0-4535-afe7-e2dc17e6080c] - [PaymentService][Experiment] fake PG payment result used: scenario=full-protection-100-tuned-4, paymentId=MCJ-1-345eda0a2eda4cd48192, status=PAID
2026-08-17 20:02:01.294 [http-nio-8082-exec-44] WARN  c.m.d.p.application.PaymentService [traceId=06cdb8bb-3db8-41c1-b8e3-13161919947f] - [PaymentService][Experiment] fake PG payment result used: scenario=full-protection-100-tuned-4, paymentId=MCJ-1-bd9428b6858f43e5b39d, status=PAID
2026-08-17 20:02:01.295 [http-nio-8082-exec-31] WARN  c.m.d.p.application.PaymentService [traceId=65f93b2e-e407-40bd-a7d1-a2f0b6f98c9b] - [PaymentService][Experiment] fake PG payment result used: scenario=full-protection-100-tuned-4, paymentId=MCJ-1-36b37941711041e28160, status=PAID
2026-08-17 20:02:01.301 [http-nio-8082-exec-8] WARN  c.m.d.p.application.PaymentService [traceId=f56a6176-3260-4a49-880c-85fb355438d3] - [PaymentService][Experiment] fake PG payment result used: scenario=full-protection-100-tuned-4, paymentId=MCJ-1-664af982594a4e0f9af2, status=PAID
2026-08-17 20:02:01.301 [http-nio-8082-exec-23] WARN  c.m.d.p.application.PaymentService [traceId=98cb9c07-3726-4bb6-be1d-737cad71a704] - [PaymentService][Experiment] fake PG payment result used: scenario=full-protection-100-tuned-4, paymentId=MCJ-1-0601ad78b28649d38bfd, status=PAID
2026-08-17 20:02:01.302 [http-nio-8082-exec-4] WARN  c.m.d.p.application.PaymentService [traceId=841f3918-07a5-4ab5-b7f6-231514763011] - [PaymentService][Experiment] fake PG payment result used: scenario=full-protection-100-tuned-4, paymentId=MCJ-1-dafa74a1be754ed1853a, status=PAID
2026-08-17 20:02:01.302 [http-nio-8082-exec-11] WARN  c.m.d.p.application.PaymentService [traceId=d9dd79f6-1cb8-434a-aa03-506440ace091] - [PaymentService][Experiment] fake PG payment result used: scenario=full-protection-100-tuned-4, paymentId=MCJ-1-21375b2adc924120bcf9, status=PAID
2026-08-17 20:02:01.305 [http-nio-8082-exec-1] WARN  c.m.d.p.application.PaymentService [traceId=d2798bb8-2d4d-4e6f-8f44-e071a5906fc1] - [PaymentService][Experiment] fake PG payment result used: scenario=full-protection-100-tuned-4, paymentId=MCJ-1-7b3e8d5ffe524716a09c, status=PAID
2026-08-17 20:02:01.306 [http-nio-8082-exec-5] WARN  c.m.d.p.application.PaymentService [traceId=bf443dd4-f375-4108-993a-56a4c0996455] - [PaymentService][Experiment] fake PG payment result used: scenario=full-protection-100-tuned-4, paymentId=MCJ-1-9c9e8efdc3e945ffa94e, status=PAID
2026-08-17 20:02:01.309 [http-nio-8082-exec-28] WARN  c.m.d.p.application.PaymentService [traceId=51a7ff27-7d30-4ece-8bee-026edc42f77e] - [PaymentService][Experiment] fake PG payment result used: scenario=full-protection-100-tuned-4, paymentId=MCJ-1-e0453e44323f41408a58, status=PAID
2026-08-17 20:02:01.310 [http-nio-8082-exec-26] WARN  c.m.d.p.application.PaymentService [traceId=28d101ea-fa9d-49ca-9aaa-baa8b5a1de0e] - [PaymentService][Experiment] fake PG payment result used: scenario=full-protection-100-tuned-4, paymentId=MCJ-1-cb6e773f98704cc48207, status=PAID
2026-08-17 20:02:01.310 [http-nio-8082-exec-9] WARN  c.m.d.p.application.PaymentService [traceId=3face88c-3b59-401b-909d-ea1825637c36] - [PaymentService][Experiment] fake PG payment result used: scenario=full-protection-100-tuned-4, paymentId=MCJ-1-ced12cc14e454897926b, status=PAID
2026-08-17 20:02:01.312 [http-nio-8082-exec-45] WARN  c.m.d.p.application.PaymentService [traceId=dc4f7a14-a48c-4c42-ac7a-35930f824638] - [PaymentService][Experiment] fake PG payment result used: scenario=full-protection-100-tuned-4, paymentId=MCJ-1-1163fe82d294416a8add, status=PAID
2026-08-17 20:02:01.317 [http-nio-8082-exec-46] WARN  c.m.d.p.application.PaymentService [traceId=7974846b-5587-4029-96ac-cb3a94db6e03] - [PaymentService][Experiment] fake PG payment result used: scenario=full-protection-100-tuned-4, paymentId=MCJ-1-09a88f1a073247ad9698, status=PAID
2026-08-17 20:02:01.322 [http-nio-8082-exec-43] WARN  c.m.d.p.application.PaymentService [traceId=c42adbce-6842-48fb-b483-85df0f29cfc9] - [PaymentService][Experiment] fake PG payment result used: scenario=full-protection-100-tuned-4, paymentId=MCJ-1-fad990e7940a435abfd8, status=PAID
2026-08-17 20:02:01.322 [http-nio-8082-exec-21] WARN  c.m.d.p.application.PaymentService [traceId=2dbcf367-8f00-492e-9294-9abde0db6c4f] - [PaymentService][Experiment] fake PG payment result used: scenario=full-protection-100-tuned-4, paymentId=MCJ-1-f753f8979ae445b79b2a, status=PAID
2026-08-17 20:02:01.329 [http-nio-8082-exec-22] WARN  c.m.d.p.application.PaymentService [traceId=ba0c9d7d-a7b6-4054-bea5-f57630f56d73] - [PaymentService][Experiment] fake PG payment result used: scenario=full-protection-100-tuned-4, paymentId=MCJ-1-cfad1e8d82274ee890e2, status=PAID
2026-08-17 20:02:01.333 [http-nio-8082-exec-25] WARN  c.m.d.p.application.PaymentService [traceId=02cbfb71-4071-45b9-8ffb-115246b5699a] - [PaymentService][Experiment] fake PG payment result used: scenario=full-protection-100-tuned-4, paymentId=MCJ-1-5df14bcaf2bb4880be87, status=PAID
2026-08-17 20:02:01.333 [http-nio-8082-exec-15] WARN  c.m.d.p.application.PaymentService [traceId=60994c2c-4fad-4239-a1b7-351ed495fc92] - [PaymentService][Experiment] fake PG payment result used: scenario=full-protection-100-tuned-4, paymentId=MCJ-1-0dff0259998945f5bbb9, status=PAID
2026-08-17 20:02:01.335 [http-nio-8082-exec-14] WARN  c.m.d.p.application.PaymentService [traceId=c6cbad4e-8f35-4642-8b90-9840bc39c318] - [PaymentService][Experiment] fake PG payment result used: scenario=full-protection-100-tuned-4, paymentId=MCJ-1-8b994a50020e4b0392b3, status=PAID
2026-08-17 20:02:01.337 [http-nio-8082-exec-12] WARN  c.m.d.p.application.PaymentService [traceId=b1957728-3ff3-48bf-b50a-45e9cde5bf06] - [PaymentService][Experiment] fake PG payment result used: scenario=full-protection-100-tuned-4, paymentId=MCJ-1-7899bff0c8674889a339, status=PAID
2026-08-17 20:02:01.337 [http-nio-8082-exec-16] WARN  c.m.d.p.application.PaymentService [traceId=5562e7d3-2f0d-4087-8e92-0bdcea26b593] - [PaymentService][Experiment] fake PG payment result used: scenario=full-protection-100-tuned-4, paymentId=MCJ-1-9de68501841a4651aa7e, status=PAID
2026-08-17 20:02:01.349 [http-nio-8082-exec-10] WARN  c.m.d.p.application.PaymentService [traceId=ea8f120b-813b-4a81-b17a-6b2b9ea0b89f] - [PaymentService][Experiment] fake PG payment result used: scenario=full-protection-100-tuned-4, paymentId=MCJ-1-5f69c809000e42c68519, status=PAID
2026-08-17 20:02:01.349 [http-nio-8082-exec-20] WARN  c.m.d.p.application.PaymentService [traceId=cd204b0f-eb6d-42f2-9a72-c4fdaa3f698d] - [PaymentService][Experiment] fake PG payment result used: scenario=full-protection-100-tuned-4, paymentId=MCJ-1-adcd95960f654ace9b6c, status=PAID
2026-08-17 20:02:01.351 [http-nio-8082-exec-29] WARN  c.m.d.p.application.PaymentService [traceId=931edfab-5437-418f-801c-306f3ed5f84e] - [PaymentService][Experiment] fake PG payment result used: scenario=full-protection-100-tuned-4, paymentId=MCJ-1-365ad75b6aaf4e24bccc, status=PAID
2026-08-17 20:02:01.448 [http-nio-8082-exec-3] INFO  c.m.d.p.application.PaymentService [traceId=ec32fde7-9d93-4efc-9ca2-e8a979411be2] - [PaymentService] 결제 완료 검증 성공: paymentId=MCJ-1-39f56548c5374575a730, userId=3, participationId=415, elapsedMs=352
2026-08-17 20:02:01.516 [http-nio-8082-exec-31] INFO  c.m.d.p.application.PaymentService [traceId=65f93b2e-e407-40bd-a7d1-a2f0b6f98c9b] - [PaymentService] 결제 완료 검증 성공: paymentId=MCJ-1-36b37941711041e28160, userId=13, participationId=416, elapsedMs=418
2026-08-17 20:02:01.643 [http-nio-8082-exec-14] INFO  c.m.d.p.application.PaymentService [traceId=c6cbad4e-8f35-4642-8b90-9840bc39c318] - [PaymentService] 결제 완료 검증 성공: paymentId=MCJ-1-8b994a50020e4b0392b3, userId=21, participationId=420, elapsedMs=544
2026-08-17 20:02:01.669 [http-nio-8082-exec-19] INFO  c.m.d.p.application.PaymentService [traceId=564b2963-2428-4630-8b7c-ed9096565b57] - [PaymentService] 결제 완료 검증 성공: paymentId=MCJ-1-bbbb48b467eb4c298136, userId=11, participationId=421, elapsedMs=574
2026-08-17 20:02:01.866 [http-nio-8082-exec-27] INFO  c.m.d.p.application.PaymentService [traceId=51791b84-5da6-48ab-b0b3-4a809306cff4] - [PaymentService] 결제 완료 검증 성공: paymentId=MCJ-1-c54fbd9fb6b64c1e96a2, userId=95, participationId=426, elapsedMs=766
2026-08-17 20:02:01.920 [http-nio-8082-exec-49] INFO  c.m.d.p.application.PaymentService [traceId=054ec718-0e82-4967-91d3-0dac042f682d] - [PaymentService] 결제 완료 검증 성공: paymentId=MCJ-1-5ec8a5b3698a47b2a2f5, userId=29, participationId=427, elapsedMs=820
2026-08-17 20:02:02.050 [http-nio-8082-exec-41] INFO  c.m.d.p.application.PaymentService [traceId=6bccc3c0-58d5-46bb-a48a-253c5226f4b4] - [PaymentService] 결제 완료 검증 성공: paymentId=MCJ-1-cf740fcdc6b740be860e, userId=97, participationId=431, elapsedMs=950
2026-08-17 20:02:02.155 [http-nio-8082-exec-32] INFO  c.m.d.p.application.PaymentService [traceId=1a82ae21-ceb6-4c3f-9f05-514245e9d437] - [PaymentService] 결제 완료 검증 성공: paymentId=MCJ-1-d369ca17cd4d402abdb3, userId=37, participationId=433, elapsedMs=1055
2026-08-17 20:02:02.174 [http-nio-8082-exec-22] INFO  c.m.d.p.application.PaymentService [traceId=ba0c9d7d-a7b6-4054-bea5-f57630f56d73] - [PaymentService] 결제 완료 검증 성공: paymentId=MCJ-1-cfad1e8d82274ee890e2, userId=17, participationId=434, elapsedMs=1073
2026-08-17 20:02:02.236 [http-nio-8082-exec-35] INFO  c.m.d.p.application.PaymentService [traceId=46507ee9-ef1b-4dc3-b6bc-10aad2e1a194] - [PaymentService] 결제 완료 검증 성공: paymentId=MCJ-1-0d8b329d1d564dbea348, userId=55, participationId=436, elapsedMs=1136
2026-08-17 20:02:02.255 [http-nio-8082-exec-9] INFO  c.m.d.p.application.PaymentService [traceId=3face88c-3b59-401b-909d-ea1825637c36] - [PaymentService] 결제 완료 검증 성공: paymentId=MCJ-1-ced12cc14e454897926b, userId=33, participationId=437, elapsedMs=1161
2026-08-17 20:02:02.440 [http-nio-8082-exec-28] INFO  c.m.d.p.application.PaymentService [traceId=51a7ff27-7d30-4ece-8bee-026edc42f77e] - [PaymentService] 결제 완료 검증 성공: paymentId=MCJ-1-e0453e44323f41408a58, userId=57, participationId=444, elapsedMs=1345
2026-08-17 20:02:02.483 [http-nio-8082-exec-23] INFO  c.m.d.p.application.PaymentService [traceId=98cb9c07-3726-4bb6-be1d-737cad71a704] - [PaymentService] 결제 완료 검증 성공: paymentId=MCJ-1-0601ad78b28649d38bfd, userId=45, participationId=446, elapsedMs=1384
2026-08-17 20:02:02.537 [http-nio-8082-exec-17] INFO  c.m.d.p.application.PaymentService [traceId=97badcac-610e-482a-a741-94ddf4981427] - [PaymentService] 결제 완료 검증 성공: paymentId=MCJ-1-883e8132e77449c885ab, userId=69, participationId=448, elapsedMs=1436
2026-08-17 20:02:02.592 [http-nio-8082-exec-4] INFO  c.m.d.p.application.PaymentService [traceId=841f3918-07a5-4ab5-b7f6-231514763011] - [PaymentService] 결제 완료 검증 성공: paymentId=MCJ-1-dafa74a1be754ed1853a, userId=25, participationId=450, elapsedMs=1497
2026-08-17 20:02:02.647 [http-nio-8082-exec-33] INFO  c.m.d.p.application.PaymentService [traceId=871c71a9-e88d-4cf9-bbf7-535e48e0b64d] - [PaymentService] 결제 완료 검증 성공: paymentId=MCJ-1-b0499cb4a33c4bf183dc, userId=51, participationId=452, elapsedMs=1550
2026-08-17 20:02:02.697 [http-nio-8082-exec-42] INFO  c.m.d.p.application.PaymentService [traceId=cbba6f4e-4b34-4d6a-9caa-fe7d0f1f3b1f] - [PaymentService] 결제 완료 검증 성공: paymentId=MCJ-1-756c79cc293a415fa79b, userId=89, participationId=454, elapsedMs=1597
2026-08-17 20:02:02.747 [http-nio-8082-exec-30] INFO  c.m.d.p.application.PaymentService [traceId=7be5e4dc-5487-4588-88bf-ec0b71f411e1] - [PaymentService] 결제 완료 검증 성공: paymentId=MCJ-1-19f6540f714042c38d1e, userId=43, participationId=456, elapsedMs=1647
2026-08-17 20:02:02.948 [http-nio-8082-exec-24] INFO  c.m.d.p.a.PaymentAuditLogService [traceId=be1f9cbf-581f-426d-8788-703ec4338c36] - [payment_audit] source=COMPLETE_API eventType=PAYMENT_FAILED result=failure orderId=MCJ-1-3d41b37cf1bd409393b9 pgPaymentId=MCJ-1-3d41b37cf1bd409393b9 pgStatus=PAID previousOrderStatus=READY currentOrderStatus=FAILED reason=PAYMENT_QUANTITY_EXCEEDED
2026-08-17 20:02:02.954 [http-nio-8082-exec-24] WARN  c.m.d.p.application.PaymentService [traceId=be1f9cbf-581f-426d-8788-703ec4338c36] - [PaymentService] 결제 완료 검증 실패: paymentId=MCJ-1-3d41b37cf1bd409393b9, userId=71, errorCode=PAYMENT_QUANTITY_EXCEEDED, elapsedMs=1854
2026-08-17 20:02:02.959 [http-nio-8082-exec-24] INFO  c.m.d.p.a.PaymentAuditLogService [traceId=be1f9cbf-581f-426d-8788-703ec4338c36] - [payment_audit] source=COMPLETE_API eventType=PAYMENT_FAILED result=failure orderId=MCJ-1-3d41b37cf1bd409393b9 pgPaymentId=null pgStatus=null previousOrderStatus=null currentOrderStatus=null reason=PAYMENT_QUANTITY_EXCEEDED
2026-08-17 20:02:03.009 [http-nio-8082-exec-12] INFO  c.m.d.p.a.PaymentAuditLogService [traceId=b1957728-3ff3-48bf-b50a-45e9cde5bf06] - [payment_audit] source=COMPLETE_API eventType=PAYMENT_FAILED result=failure orderId=MCJ-1-7899bff0c8674889a339 pgPaymentId=MCJ-1-7899bff0c8674889a339 pgStatus=PAID previousOrderStatus=READY currentOrderStatus=FAILED reason=PAYMENT_QUANTITY_EXCEEDED
2026-08-17 20:02:03.014 [http-nio-8082-exec-12] WARN  c.m.d.p.application.PaymentService [traceId=b1957728-3ff3-48bf-b50a-45e9cde5bf06] - [PaymentService] 결제 완료 검증 실패: paymentId=MCJ-1-7899bff0c8674889a339, userId=63, errorCode=PAYMENT_QUANTITY_EXCEEDED, elapsedMs=1915
2026-08-17 20:02:03.018 [http-nio-8082-exec-12] INFO  c.m.d.p.a.PaymentAuditLogService [traceId=b1957728-3ff3-48bf-b50a-45e9cde5bf06] - [payment_audit] source=COMPLETE_API eventType=PAYMENT_FAILED result=failure orderId=MCJ-1-7899bff0c8674889a339 pgPaymentId=null pgStatus=null previousOrderStatus=null currentOrderStatus=null reason=PAYMENT_QUANTITY_EXCEEDED
2026-08-17 20:02:03.052 [http-nio-8082-exec-20] INFO  c.m.d.p.a.PaymentAuditLogService [traceId=cd204b0f-eb6d-42f2-9a72-c4fdaa3f698d] - [payment_audit] source=COMPLETE_API eventType=PAYMENT_FAILED result=failure orderId=MCJ-1-adcd95960f654ace9b6c pgPaymentId=MCJ-1-adcd95960f654ace9b6c pgStatus=PAID previousOrderStatus=READY currentOrderStatus=FAILED reason=PAYMENT_QUANTITY_EXCEEDED
2026-08-17 20:02:03.057 [http-nio-8082-exec-20] WARN  c.m.d.p.application.PaymentService [traceId=cd204b0f-eb6d-42f2-9a72-c4fdaa3f698d] - [PaymentService] 결제 완료 검증 실패: paymentId=MCJ-1-adcd95960f654ace9b6c, userId=41, errorCode=PAYMENT_QUANTITY_EXCEEDED, elapsedMs=1956
2026-08-17 20:02:03.061 [http-nio-8082-exec-20] INFO  c.m.d.p.a.PaymentAuditLogService [traceId=cd204b0f-eb6d-42f2-9a72-c4fdaa3f698d] - [payment_audit] source=COMPLETE_API eventType=PAYMENT_FAILED result=failure orderId=MCJ-1-adcd95960f654ace9b6c pgPaymentId=null pgStatus=null previousOrderStatus=null currentOrderStatus=null reason=PAYMENT_QUANTITY_EXCEEDED
2026-08-17 20:02:03.107 [http-nio-8082-exec-34] INFO  c.m.d.p.a.PaymentAuditLogService [traceId=005c72ae-c3be-45e5-a937-e02c7dec92fd] - [payment_audit] source=COMPLETE_API eventType=PAYMENT_FAILED result=failure orderId=MCJ-1-a6965e5c542a4950afc7 pgPaymentId=MCJ-1-a6965e5c542a4950afc7 pgStatus=PAID previousOrderStatus=READY currentOrderStatus=FAILED reason=PAYMENT_QUANTITY_EXCEEDED
2026-08-17 20:02:03.123 [http-nio-8082-exec-34] WARN  c.m.d.p.application.PaymentService [traceId=005c72ae-c3be-45e5-a937-e02c7dec92fd] - [PaymentService] 결제 완료 검증 실패: paymentId=MCJ-1-a6965e5c542a4950afc7, userId=59, errorCode=PAYMENT_QUANTITY_EXCEEDED, elapsedMs=2023
2026-08-17 20:02:03.132 [http-nio-8082-exec-34] INFO  c.m.d.p.a.PaymentAuditLogService [traceId=005c72ae-c3be-45e5-a937-e02c7dec92fd] - [payment_audit] source=COMPLETE_API eventType=PAYMENT_FAILED result=failure orderId=MCJ-1-a6965e5c542a4950afc7 pgPaymentId=null pgStatus=null previousOrderStatus=null currentOrderStatus=null reason=PAYMENT_QUANTITY_EXCEEDED
2026-08-17 20:02:03.153 [http-nio-8082-exec-7] INFO  c.m.d.p.a.PaymentAuditLogService [traceId=5a028b7a-9f4c-4d67-b30c-2ccae2fb7f25] - [payment_audit] source=COMPLETE_API eventType=PAYMENT_FAILED result=failure orderId=MCJ-1-9a53ce98aca0441ba44e pgPaymentId=MCJ-1-9a53ce98aca0441ba44e pgStatus=PAID previousOrderStatus=READY currentOrderStatus=FAILED reason=PAYMENT_QUANTITY_EXCEEDED
2026-08-17 20:02:03.157 [http-nio-8082-exec-7] WARN  c.m.d.p.application.PaymentService [traceId=5a028b7a-9f4c-4d67-b30c-2ccae2fb7f25] - [PaymentService] 결제 완료 검증 실패: paymentId=MCJ-1-9a53ce98aca0441ba44e, userId=5, errorCode=PAYMENT_QUANTITY_EXCEEDED, elapsedMs=2058
2026-08-17 20:02:03.162 [http-nio-8082-exec-7] INFO  c.m.d.p.a.PaymentAuditLogService [traceId=5a028b7a-9f4c-4d67-b30c-2ccae2fb7f25] - [payment_audit] source=COMPLETE_API eventType=PAYMENT_FAILED result=failure orderId=MCJ-1-9a53ce98aca0441ba44e pgPaymentId=null pgStatus=null previousOrderStatus=null currentOrderStatus=null reason=PAYMENT_QUANTITY_EXCEEDED
2026-08-17 20:02:03.169 [http-nio-8082-exec-39] INFO  c.m.d.p.a.PaymentAuditLogService [traceId=b28a865e-91fb-4efd-9486-858bfa301825] - [payment_audit] source=COMPLETE_API eventType=PAYMENT_FAILED result=failure orderId=MCJ-1-434c3aab4fee46e78fdc pgPaymentId=MCJ-1-434c3aab4fee46e78fdc pgStatus=PAID previousOrderStatus=READY currentOrderStatus=FAILED reason=PAYMENT_QUANTITY_EXCEEDED
2026-08-17 20:02:03.175 [http-nio-8082-exec-39] WARN  c.m.d.p.application.PaymentService [traceId=b28a865e-91fb-4efd-9486-858bfa301825] - [PaymentService] 결제 완료 검증 실패: paymentId=MCJ-1-434c3aab4fee46e78fdc, userId=83, errorCode=PAYMENT_QUANTITY_EXCEEDED, elapsedMs=2078
2026-08-17 20:02:03.179 [http-nio-8082-exec-39] INFO  c.m.d.p.a.PaymentAuditLogService [traceId=b28a865e-91fb-4efd-9486-858bfa301825] - [payment_audit] source=COMPLETE_API eventType=PAYMENT_FAILED result=failure orderId=MCJ-1-434c3aab4fee46e78fdc pgPaymentId=null pgStatus=null previousOrderStatus=null currentOrderStatus=null reason=PAYMENT_QUANTITY_EXCEEDED
2026-08-17 20:02:03.216 [http-nio-8082-exec-18] INFO  c.m.d.p.a.PaymentAuditLogService [traceId=ea88b730-f102-47f3-8549-cd5b051b2e49] - [payment_audit] source=COMPLETE_API eventType=PAYMENT_FAILED result=failure orderId=MCJ-1-0dd122cf265f447f89f5 pgPaymentId=MCJ-1-0dd122cf265f447f89f5 pgStatus=PAID previousOrderStatus=READY currentOrderStatus=FAILED reason=PAYMENT_QUANTITY_EXCEEDED
2026-08-17 20:02:03.223 [http-nio-8082-exec-18] WARN  c.m.d.p.application.PaymentService [traceId=ea88b730-f102-47f3-8549-cd5b051b2e49] - [PaymentService] 결제 완료 검증 실패: paymentId=MCJ-1-0dd122cf265f447f89f5, userId=61, errorCode=PAYMENT_QUANTITY_EXCEEDED, elapsedMs=2123
2026-08-17 20:02:03.227 [http-nio-8082-exec-18] INFO  c.m.d.p.a.PaymentAuditLogService [traceId=ea88b730-f102-47f3-8549-cd5b051b2e49] - [payment_audit] source=COMPLETE_API eventType=PAYMENT_FAILED result=failure orderId=MCJ-1-0dd122cf265f447f89f5 pgPaymentId=null pgStatus=null previousOrderStatus=null currentOrderStatus=null reason=PAYMENT_QUANTITY_EXCEEDED
2026-08-17 20:02:03.245 [http-nio-8082-exec-47] INFO  c.m.d.p.a.PaymentAuditLogService [traceId=9d43bc3b-1a3c-4acd-a6be-dedb1b00d50e] - [payment_audit] source=COMPLETE_API eventType=PAYMENT_FAILED result=failure orderId=MCJ-1-5ce2f237c0e24c40bacd pgPaymentId=MCJ-1-5ce2f237c0e24c40bacd pgStatus=PAID previousOrderStatus=READY currentOrderStatus=FAILED reason=PAYMENT_QUANTITY_EXCEEDED
2026-08-17 20:02:03.249 [http-nio-8082-exec-47] WARN  c.m.d.p.application.PaymentService [traceId=9d43bc3b-1a3c-4acd-a6be-dedb1b00d50e] - [PaymentService] 결제 완료 검증 실패: paymentId=MCJ-1-5ce2f237c0e24c40bacd, userId=91, errorCode=PAYMENT_QUANTITY_EXCEEDED, elapsedMs=2148
2026-08-17 20:02:03.254 [http-nio-8082-exec-47] INFO  c.m.d.p.a.PaymentAuditLogService [traceId=9d43bc3b-1a3c-4acd-a6be-dedb1b00d50e] - [payment_audit] source=COMPLETE_API eventType=PAYMENT_FAILED result=failure orderId=MCJ-1-5ce2f237c0e24c40bacd pgPaymentId=null pgStatus=null previousOrderStatus=null currentOrderStatus=null reason=PAYMENT_QUANTITY_EXCEEDED
2026-08-17 20:02:03.268 [http-nio-8082-exec-16] INFO  c.m.d.p.a.PaymentAuditLogService [traceId=5562e7d3-2f0d-4087-8e92-0bdcea26b593] - [payment_audit] source=COMPLETE_API eventType=PAYMENT_FAILED result=failure orderId=MCJ-1-9de68501841a4651aa7e pgPaymentId=MCJ-1-9de68501841a4651aa7e pgStatus=PAID previousOrderStatus=READY currentOrderStatus=FAILED reason=PAYMENT_QUANTITY_EXCEEDED
2026-08-17 20:02:03.274 [http-nio-8082-exec-16] WARN  c.m.d.p.application.PaymentService [traceId=5562e7d3-2f0d-4087-8e92-0bdcea26b593] - [PaymentService] 결제 완료 검증 실패: paymentId=MCJ-1-9de68501841a4651aa7e, userId=31, errorCode=PAYMENT_QUANTITY_EXCEEDED, elapsedMs=2174
2026-08-17 20:02:03.278 [http-nio-8082-exec-16] INFO  c.m.d.p.a.PaymentAuditLogService [traceId=5562e7d3-2f0d-4087-8e92-0bdcea26b593] - [payment_audit] source=COMPLETE_API eventType=PAYMENT_FAILED result=failure orderId=MCJ-1-9de68501841a4651aa7e pgPaymentId=null pgStatus=null previousOrderStatus=null currentOrderStatus=null reason=PAYMENT_QUANTITY_EXCEEDED
2026-08-17 20:02:03.367 [http-nio-8082-exec-40] INFO  c.m.d.p.a.PaymentAuditLogService [traceId=e49e461c-e453-483b-b3d7-28450a0d350d] - [payment_audit] source=COMPLETE_API eventType=PAYMENT_FAILED result=failure orderId=MCJ-1-adfdb2c053064ab790d7 pgPaymentId=MCJ-1-adfdb2c053064ab790d7 pgStatus=PAID previousOrderStatus=READY currentOrderStatus=FAILED reason=PAYMENT_QUANTITY_EXCEEDED
2026-08-17 20:02:03.372 [http-nio-8082-exec-40] WARN  c.m.d.p.application.PaymentService [traceId=e49e461c-e453-483b-b3d7-28450a0d350d] - [PaymentService] 결제 완료 검증 실패: paymentId=MCJ-1-adfdb2c053064ab790d7, userId=81, errorCode=PAYMENT_QUANTITY_EXCEEDED, elapsedMs=2277
2026-08-17 20:02:03.377 [http-nio-8082-exec-40] INFO  c.m.d.p.a.PaymentAuditLogService [traceId=e49e461c-e453-483b-b3d7-28450a0d350d] - [payment_audit] source=COMPLETE_API eventType=PAYMENT_FAILED result=failure orderId=MCJ-1-adfdb2c053064ab790d7 pgPaymentId=null pgStatus=null previousOrderStatus=null currentOrderStatus=null reason=PAYMENT_QUANTITY_EXCEEDED
2026-08-17 20:02:03.417 [http-nio-8082-exec-21] INFO  c.m.d.p.a.PaymentAuditLogService [traceId=2dbcf367-8f00-492e-9294-9abde0db6c4f] - [payment_audit] source=COMPLETE_API eventType=PAYMENT_FAILED result=failure orderId=MCJ-1-f753f8979ae445b79b2a pgPaymentId=MCJ-1-f753f8979ae445b79b2a pgStatus=PAID previousOrderStatus=READY currentOrderStatus=FAILED reason=PAYMENT_QUANTITY_EXCEEDED
2026-08-17 20:02:03.421 [http-nio-8082-exec-21] WARN  c.m.d.p.application.PaymentService [traceId=2dbcf367-8f00-492e-9294-9abde0db6c4f] - [PaymentService] 결제 완료 검증 실패: paymentId=MCJ-1-f753f8979ae445b79b2a, userId=47, errorCode=PAYMENT_QUANTITY_EXCEEDED, elapsedMs=2321
2026-08-17 20:02:03.426 [http-nio-8082-exec-21] INFO  c.m.d.p.a.PaymentAuditLogService [traceId=2dbcf367-8f00-492e-9294-9abde0db6c4f] - [payment_audit] source=COMPLETE_API eventType=PAYMENT_FAILED result=failure orderId=MCJ-1-f753f8979ae445b79b2a pgPaymentId=null pgStatus=null previousOrderStatus=null currentOrderStatus=null reason=PAYMENT_QUANTITY_EXCEEDED
2026-08-17 20:02:03.535 [http-nio-8082-exec-48] INFO  c.m.d.p.a.PaymentAuditLogService [traceId=c5efe1e1-488a-44e8-b039-ca69be37e7bd] - [payment_audit] source=COMPLETE_API eventType=PAYMENT_FAILED result=failure orderId=MCJ-1-90ffba3132cd406d8546 pgPaymentId=MCJ-1-90ffba3132cd406d8546 pgStatus=PAID previousOrderStatus=READY currentOrderStatus=FAILED reason=PAYMENT_QUANTITY_EXCEEDED
2026-08-17 20:02:03.542 [http-nio-8082-exec-48] WARN  c.m.d.p.application.PaymentService [traceId=c5efe1e1-488a-44e8-b039-ca69be37e7bd] - [PaymentService] 결제 완료 검증 실패: paymentId=MCJ-1-90ffba3132cd406d8546, userId=93, errorCode=PAYMENT_QUANTITY_EXCEEDED, elapsedMs=2444
2026-08-17 20:02:03.546 [http-nio-8082-exec-48] INFO  c.m.d.p.a.PaymentAuditLogService [traceId=c5efe1e1-488a-44e8-b039-ca69be37e7bd] - [payment_audit] source=COMPLETE_API eventType=PAYMENT_FAILED result=failure orderId=MCJ-1-90ffba3132cd406d8546 pgPaymentId=null pgStatus=null previousOrderStatus=null currentOrderStatus=null reason=PAYMENT_QUANTITY_EXCEEDED
2026-08-17 20:02:03.643 [http-nio-8082-exec-11] INFO  c.m.d.p.a.PaymentAuditLogService [traceId=d9dd79f6-1cb8-434a-aa03-506440ace091] - [payment_audit] source=COMPLETE_API eventType=PAYMENT_FAILED result=failure orderId=MCJ-1-21375b2adc924120bcf9 pgPaymentId=MCJ-1-21375b2adc924120bcf9 pgStatus=PAID previousOrderStatus=READY currentOrderStatus=FAILED reason=PAYMENT_QUANTITY_EXCEEDED
2026-08-17 20:02:03.651 [http-nio-8082-exec-11] WARN  c.m.d.p.application.PaymentService [traceId=d9dd79f6-1cb8-434a-aa03-506440ace091] - [PaymentService] 결제 완료 검증 실패: paymentId=MCJ-1-21375b2adc924120bcf9, userId=65, errorCode=PAYMENT_QUANTITY_EXCEEDED, elapsedMs=2551
2026-08-17 20:02:03.657 [http-nio-8082-exec-11] INFO  c.m.d.p.a.PaymentAuditLogService [traceId=d9dd79f6-1cb8-434a-aa03-506440ace091] - [payment_audit] source=COMPLETE_API eventType=PAYMENT_FAILED result=failure orderId=MCJ-1-21375b2adc924120bcf9 pgPaymentId=null pgStatus=null previousOrderStatus=null currentOrderStatus=null reason=PAYMENT_QUANTITY_EXCEEDED
2026-08-17 20:02:03.701 [http-nio-8082-exec-44] INFO  c.m.d.p.a.PaymentAuditLogService [traceId=06cdb8bb-3db8-41c1-b8e3-13161919947f] - [payment_audit] source=COMPLETE_API eventType=PAYMENT_FAILED result=failure orderId=MCJ-1-bd9428b6858f43e5b39d pgPaymentId=MCJ-1-bd9428b6858f43e5b39d pgStatus=PAID previousOrderStatus=READY currentOrderStatus=FAILED reason=PAYMENT_QUANTITY_EXCEEDED
2026-08-17 20:02:03.713 [http-nio-8082-exec-44] WARN  c.m.d.p.application.PaymentService [traceId=06cdb8bb-3db8-41c1-b8e3-13161919947f] - [PaymentService] 결제 완료 검증 실패: paymentId=MCJ-1-bd9428b6858f43e5b39d, userId=73, errorCode=PAYMENT_QUANTITY_EXCEEDED, elapsedMs=2613
2026-08-17 20:02:03.718 [http-nio-8082-exec-44] INFO  c.m.d.p.a.PaymentAuditLogService [traceId=06cdb8bb-3db8-41c1-b8e3-13161919947f] - [payment_audit] source=COMPLETE_API eventType=PAYMENT_FAILED result=failure orderId=MCJ-1-bd9428b6858f43e5b39d pgPaymentId=null pgStatus=null previousOrderStatus=null currentOrderStatus=null reason=PAYMENT_QUANTITY_EXCEEDED
2026-08-17 20:02:03.748 [http-nio-8082-exec-26] INFO  c.m.d.p.a.PaymentAuditLogService [traceId=28d101ea-fa9d-49ca-9aaa-baa8b5a1de0e] - [payment_audit] source=COMPLETE_API eventType=PAYMENT_FAILED result=failure orderId=MCJ-1-cb6e773f98704cc48207 pgPaymentId=MCJ-1-cb6e773f98704cc48207 pgStatus=PAID previousOrderStatus=READY currentOrderStatus=FAILED reason=PAYMENT_QUANTITY_EXCEEDED
2026-08-17 20:02:03.759 [http-nio-8082-exec-26] WARN  c.m.d.p.application.PaymentService [traceId=28d101ea-fa9d-49ca-9aaa-baa8b5a1de0e] - [PaymentService] 결제 완료 검증 실패: paymentId=MCJ-1-cb6e773f98704cc48207, userId=7, errorCode=PAYMENT_QUANTITY_EXCEEDED, elapsedMs=2658
2026-08-17 20:02:03.770 [http-nio-8082-exec-26] INFO  c.m.d.p.a.PaymentAuditLogService [traceId=28d101ea-fa9d-49ca-9aaa-baa8b5a1de0e] - [payment_audit] source=COMPLETE_API eventType=PAYMENT_FAILED result=failure orderId=MCJ-1-cb6e773f98704cc48207 pgPaymentId=null pgStatus=null previousOrderStatus=null currentOrderStatus=null reason=PAYMENT_QUANTITY_EXCEEDED
2026-08-17 20:02:03.800 [http-nio-8082-exec-8] INFO  c.m.d.p.a.PaymentAuditLogService [traceId=f56a6176-3260-4a49-880c-85fb355438d3] - [payment_audit] source=COMPLETE_API eventType=PAYMENT_FAILED result=failure orderId=MCJ-1-664af982594a4e0f9af2 pgPaymentId=MCJ-1-664af982594a4e0f9af2 pgStatus=PAID previousOrderStatus=READY currentOrderStatus=FAILED reason=PAYMENT_QUANTITY_EXCEEDED
2026-08-17 20:02:03.811 [http-nio-8082-exec-8] WARN  c.m.d.p.application.PaymentService [traceId=f56a6176-3260-4a49-880c-85fb355438d3] - [PaymentService] 결제 완료 검증 실패: paymentId=MCJ-1-664af982594a4e0f9af2, userId=19, errorCode=PAYMENT_QUANTITY_EXCEEDED, elapsedMs=2711
2026-08-17 20:02:03.815 [http-nio-8082-exec-8] INFO  c.m.d.p.a.PaymentAuditLogService [traceId=f56a6176-3260-4a49-880c-85fb355438d3] - [payment_audit] source=COMPLETE_API eventType=PAYMENT_FAILED result=failure orderId=MCJ-1-664af982594a4e0f9af2 pgPaymentId=null pgStatus=null previousOrderStatus=null currentOrderStatus=null reason=PAYMENT_QUANTITY_EXCEEDED
2026-08-17 20:02:03.850 [http-nio-8082-exec-1] INFO  c.m.d.p.a.PaymentAuditLogService [traceId=d2798bb8-2d4d-4e6f-8f44-e071a5906fc1] - [payment_audit] source=COMPLETE_API eventType=PAYMENT_FAILED result=failure orderId=MCJ-1-7b3e8d5ffe524716a09c pgPaymentId=MCJ-1-7b3e8d5ffe524716a09c pgStatus=PAID previousOrderStatus=READY currentOrderStatus=FAILED reason=PAYMENT_QUANTITY_EXCEEDED
2026-08-17 20:02:03.855 [http-nio-8082-exec-1] WARN  c.m.d.p.application.PaymentService [traceId=d2798bb8-2d4d-4e6f-8f44-e071a5906fc1] - [PaymentService] 결제 완료 검증 실패: paymentId=MCJ-1-7b3e8d5ffe524716a09c, userId=35, errorCode=PAYMENT_QUANTITY_EXCEEDED, elapsedMs=2760
2026-08-17 20:02:03.859 [http-nio-8082-exec-1] INFO  c.m.d.p.a.PaymentAuditLogService [traceId=d2798bb8-2d4d-4e6f-8f44-e071a5906fc1] - [payment_audit] source=COMPLETE_API eventType=PAYMENT_FAILED result=failure orderId=MCJ-1-7b3e8d5ffe524716a09c pgPaymentId=null pgStatus=null previousOrderStatus=null currentOrderStatus=null reason=PAYMENT_QUANTITY_EXCEEDED
2026-08-17 20:02:03.903 [http-nio-8082-exec-10] INFO  c.m.d.p.a.PaymentAuditLogService [traceId=ea8f120b-813b-4a81-b17a-6b2b9ea0b89f] - [payment_audit] source=COMPLETE_API eventType=PAYMENT_FAILED result=failure orderId=MCJ-1-5f69c809000e42c68519 pgPaymentId=MCJ-1-5f69c809000e42c68519 pgStatus=PAID previousOrderStatus=READY currentOrderStatus=FAILED reason=PAYMENT_QUANTITY_EXCEEDED
2026-08-17 20:02:03.908 [http-nio-8082-exec-10] WARN  c.m.d.p.application.PaymentService [traceId=ea8f120b-813b-4a81-b17a-6b2b9ea0b89f] - [PaymentService] 결제 완료 검증 실패: paymentId=MCJ-1-5f69c809000e42c68519, userId=39, errorCode=PAYMENT_QUANTITY_EXCEEDED, elapsedMs=2808
2026-08-17 20:02:03.924 [http-nio-8082-exec-10] INFO  c.m.d.p.a.PaymentAuditLogService [traceId=ea8f120b-813b-4a81-b17a-6b2b9ea0b89f] - [payment_audit] source=COMPLETE_API eventType=PAYMENT_FAILED result=failure orderId=MCJ-1-5f69c809000e42c68519 pgPaymentId=null pgStatus=null previousOrderStatus=null currentOrderStatus=null reason=PAYMENT_QUANTITY_EXCEEDED
2026-08-17 20:02:03.955 [http-nio-8082-exec-43] INFO  c.m.d.p.a.PaymentAuditLogService [traceId=c42adbce-6842-48fb-b483-85df0f29cfc9] - [payment_audit] source=COMPLETE_API eventType=PAYMENT_FAILED result=failure orderId=MCJ-1-fad990e7940a435abfd8 pgPaymentId=MCJ-1-fad990e7940a435abfd8 pgStatus=PAID previousOrderStatus=READY currentOrderStatus=FAILED reason=PAYMENT_QUANTITY_EXCEEDED
2026-08-17 20:02:03.959 [http-nio-8082-exec-43] WARN  c.m.d.p.application.PaymentService [traceId=c42adbce-6842-48fb-b483-85df0f29cfc9] - [PaymentService] 결제 완료 검증 실패: paymentId=MCJ-1-fad990e7940a435abfd8, userId=77, errorCode=PAYMENT_QUANTITY_EXCEEDED, elapsedMs=2864
2026-08-17 20:02:03.961 [http-nio-8082-exec-43] INFO  c.m.d.p.a.PaymentAuditLogService [traceId=c42adbce-6842-48fb-b483-85df0f29cfc9] - [payment_audit] source=COMPLETE_API eventType=PAYMENT_FAILED result=failure orderId=MCJ-1-fad990e7940a435abfd8 pgPaymentId=null pgStatus=null previousOrderStatus=null currentOrderStatus=null reason=PAYMENT_QUANTITY_EXCEEDED
2026-08-17 20:02:04.005 [http-nio-8082-exec-38] INFO  c.m.d.p.a.PaymentAuditLogService [traceId=2d6544d4-d507-4844-9616-a8a75cdc7ccf] - [payment_audit] source=COMPLETE_API eventType=PAYMENT_FAILED result=failure orderId=MCJ-1-d9a47694e1564d148c31 pgPaymentId=MCJ-1-d9a47694e1564d148c31 pgStatus=PAID previousOrderStatus=READY currentOrderStatus=FAILED reason=PAYMENT_QUANTITY_EXCEEDED
2026-08-17 20:02:04.010 [http-nio-8082-exec-38] WARN  c.m.d.p.application.PaymentService [traceId=2d6544d4-d507-4844-9616-a8a75cdc7ccf] - [PaymentService] 결제 완료 검증 실패: paymentId=MCJ-1-d9a47694e1564d148c31, userId=75, errorCode=PAYMENT_QUANTITY_EXCEEDED, elapsedMs=2913
2026-08-17 20:02:04.034 [http-nio-8082-exec-38] INFO  c.m.d.p.a.PaymentAuditLogService [traceId=2d6544d4-d507-4844-9616-a8a75cdc7ccf] - [payment_audit] source=COMPLETE_API eventType=PAYMENT_FAILED result=failure orderId=MCJ-1-d9a47694e1564d148c31 pgPaymentId=null pgStatus=null previousOrderStatus=null currentOrderStatus=null reason=PAYMENT_QUANTITY_EXCEEDED
2026-08-17 20:02:04.061 [http-nio-8082-exec-50] INFO  c.m.d.p.a.PaymentAuditLogService [traceId=0924b3c6-8341-4c48-b491-27bdfc3b4445] - [payment_audit] source=COMPLETE_API eventType=PAYMENT_FAILED result=failure orderId=MCJ-1-f2af4701a6074335b27e pgPaymentId=MCJ-1-f2af4701a6074335b27e pgStatus=PAID previousOrderStatus=READY currentOrderStatus=FAILED reason=PAYMENT_QUANTITY_EXCEEDED
2026-08-17 20:02:04.072 [http-nio-8082-exec-50] WARN  c.m.d.p.application.PaymentService [traceId=0924b3c6-8341-4c48-b491-27bdfc3b4445] - [PaymentService] 결제 완료 검증 실패: paymentId=MCJ-1-f2af4701a6074335b27e, userId=101, errorCode=PAYMENT_QUANTITY_EXCEEDED, elapsedMs=2977
2026-08-17 20:02:04.075 [http-nio-8082-exec-50] INFO  c.m.d.p.a.PaymentAuditLogService [traceId=0924b3c6-8341-4c48-b491-27bdfc3b4445] - [payment_audit] source=COMPLETE_API eventType=PAYMENT_FAILED result=failure orderId=MCJ-1-f2af4701a6074335b27e pgPaymentId=null pgStatus=null previousOrderStatus=null currentOrderStatus=null reason=PAYMENT_QUANTITY_EXCEEDED
2026-08-17 20:02:04.116 [http-nio-8082-exec-45] INFO  c.m.d.p.a.PaymentAuditLogService [traceId=dc4f7a14-a48c-4c42-ac7a-35930f824638] - [payment_audit] source=COMPLETE_API eventType=PAYMENT_FAILED result=failure orderId=MCJ-1-1163fe82d294416a8add pgPaymentId=MCJ-1-1163fe82d294416a8add pgStatus=PAID previousOrderStatus=READY currentOrderStatus=FAILED reason=PAYMENT_QUANTITY_EXCEEDED
2026-08-17 20:02:04.125 [http-nio-8082-exec-45] WARN  c.m.d.p.application.PaymentService [traceId=dc4f7a14-a48c-4c42-ac7a-35930f824638] - [PaymentService] 결제 완료 검증 실패: paymentId=MCJ-1-1163fe82d294416a8add, userId=87, errorCode=PAYMENT_QUANTITY_EXCEEDED, elapsedMs=3026
2026-08-17 20:02:04.131 [http-nio-8082-exec-45] INFO  c.m.d.p.a.PaymentAuditLogService [traceId=dc4f7a14-a48c-4c42-ac7a-35930f824638] - [payment_audit] source=COMPLETE_API eventType=PAYMENT_FAILED result=failure orderId=MCJ-1-1163fe82d294416a8add pgPaymentId=null pgStatus=null previousOrderStatus=null currentOrderStatus=null reason=PAYMENT_QUANTITY_EXCEEDED
2026-08-17 20:02:04.165 [http-nio-8082-exec-36] INFO  c.m.d.p.a.PaymentAuditLogService [traceId=13c95135-c24b-4b08-befb-8a239a738618] - [payment_audit] source=COMPLETE_API eventType=PAYMENT_FAILED result=failure orderId=MCJ-1-ccb34fd7830445d2902f pgPaymentId=MCJ-1-ccb34fd7830445d2902f pgStatus=PAID previousOrderStatus=READY currentOrderStatus=FAILED reason=PAYMENT_QUANTITY_EXCEEDED
2026-08-17 20:02:04.169 [http-nio-8082-exec-36] WARN  c.m.d.p.application.PaymentService [traceId=13c95135-c24b-4b08-befb-8a239a738618] - [PaymentService] 결제 완료 검증 실패: paymentId=MCJ-1-ccb34fd7830445d2902f, userId=99, errorCode=PAYMENT_QUANTITY_EXCEEDED, elapsedMs=3069
2026-08-17 20:02:04.172 [http-nio-8082-exec-36] INFO  c.m.d.p.a.PaymentAuditLogService [traceId=13c95135-c24b-4b08-befb-8a239a738618] - [payment_audit] source=COMPLETE_API eventType=PAYMENT_FAILED result=failure orderId=MCJ-1-ccb34fd7830445d2902f pgPaymentId=null pgStatus=null previousOrderStatus=null currentOrderStatus=null reason=PAYMENT_QUANTITY_EXCEEDED
2026-08-17 20:02:04.218 [http-nio-8082-exec-6] INFO  c.m.d.p.a.PaymentAuditLogService [traceId=ad49d2fc-8419-4e83-a9e9-e48b3eb247f0] - [payment_audit] source=COMPLETE_API eventType=PAYMENT_FAILED result=failure orderId=MCJ-1-066a7729dbc14d81bd82 pgPaymentId=MCJ-1-066a7729dbc14d81bd82 pgStatus=PAID previousOrderStatus=READY currentOrderStatus=FAILED reason=PAYMENT_QUANTITY_EXCEEDED
2026-08-17 20:02:04.221 [http-nio-8082-exec-6] WARN  c.m.d.p.application.PaymentService [traceId=ad49d2fc-8419-4e83-a9e9-e48b3eb247f0] - [PaymentService] 결제 완료 검증 실패: paymentId=MCJ-1-066a7729dbc14d81bd82, userId=27, errorCode=PAYMENT_QUANTITY_EXCEEDED, elapsedMs=3125
2026-08-17 20:02:04.226 [http-nio-8082-exec-6] INFO  c.m.d.p.a.PaymentAuditLogService [traceId=ad49d2fc-8419-4e83-a9e9-e48b3eb247f0] - [payment_audit] source=COMPLETE_API eventType=PAYMENT_FAILED result=failure orderId=MCJ-1-066a7729dbc14d81bd82 pgPaymentId=null pgStatus=null previousOrderStatus=null currentOrderStatus=null reason=PAYMENT_QUANTITY_EXCEEDED
2026-08-17 20:02:04.274 [http-nio-8082-exec-15] INFO  c.m.d.p.a.PaymentAuditLogService [traceId=60994c2c-4fad-4239-a1b7-351ed495fc92] - [payment_audit] source=COMPLETE_API eventType=PAYMENT_FAILED result=failure orderId=MCJ-1-0dff0259998945f5bbb9 pgPaymentId=MCJ-1-0dff0259998945f5bbb9 pgStatus=PAID previousOrderStatus=READY currentOrderStatus=FAILED reason=PAYMENT_QUANTITY_EXCEEDED
2026-08-17 20:02:04.279 [http-nio-8082-exec-15] WARN  c.m.d.p.application.PaymentService [traceId=60994c2c-4fad-4239-a1b7-351ed495fc92] - [PaymentService] 결제 완료 검증 실패: paymentId=MCJ-1-0dff0259998945f5bbb9, userId=53, errorCode=PAYMENT_QUANTITY_EXCEEDED, elapsedMs=3179
2026-08-17 20:02:04.282 [http-nio-8082-exec-15] INFO  c.m.d.p.a.PaymentAuditLogService [traceId=60994c2c-4fad-4239-a1b7-351ed495fc92] - [payment_audit] source=COMPLETE_API eventType=PAYMENT_FAILED result=failure orderId=MCJ-1-0dff0259998945f5bbb9 pgPaymentId=null pgStatus=null previousOrderStatus=null currentOrderStatus=null reason=PAYMENT_QUANTITY_EXCEEDED
2026-08-17 20:02:04.326 [http-nio-8082-exec-29] INFO  c.m.d.p.a.PaymentAuditLogService [traceId=931edfab-5437-418f-801c-306f3ed5f84e] - [payment_audit] source=COMPLETE_API eventType=PAYMENT_FAILED result=failure orderId=MCJ-1-365ad75b6aaf4e24bccc pgPaymentId=MCJ-1-365ad75b6aaf4e24bccc pgStatus=PAID previousOrderStatus=READY currentOrderStatus=FAILED reason=PAYMENT_QUANTITY_EXCEEDED
2026-08-17 20:02:04.330 [http-nio-8082-exec-29] WARN  c.m.d.p.application.PaymentService [traceId=931edfab-5437-418f-801c-306f3ed5f84e] - [PaymentService] 결제 완료 검증 실패: paymentId=MCJ-1-365ad75b6aaf4e24bccc, userId=67, errorCode=PAYMENT_QUANTITY_EXCEEDED, elapsedMs=3236
2026-08-17 20:02:04.333 [http-nio-8082-exec-29] INFO  c.m.d.p.a.PaymentAuditLogService [traceId=931edfab-5437-418f-801c-306f3ed5f84e] - [payment_audit] source=COMPLETE_API eventType=PAYMENT_FAILED result=failure orderId=MCJ-1-365ad75b6aaf4e24bccc pgPaymentId=null pgStatus=null previousOrderStatus=null currentOrderStatus=null reason=PAYMENT_QUANTITY_EXCEEDED
2026-08-17 20:02:04.381 [http-nio-8082-exec-5] INFO  c.m.d.p.a.PaymentAuditLogService [traceId=bf443dd4-f375-4108-993a-56a4c0996455] - [payment_audit] source=COMPLETE_API eventType=PAYMENT_FAILED result=failure orderId=MCJ-1-9c9e8efdc3e945ffa94e pgPaymentId=MCJ-1-9c9e8efdc3e945ffa94e pgStatus=PAID previousOrderStatus=READY currentOrderStatus=FAILED reason=PAYMENT_QUANTITY_EXCEEDED
2026-08-17 20:02:04.384 [http-nio-8082-exec-5] WARN  c.m.d.p.application.PaymentService [traceId=bf443dd4-f375-4108-993a-56a4c0996455] - [PaymentService] 결제 완료 검증 실패: paymentId=MCJ-1-9c9e8efdc3e945ffa94e, userId=15, errorCode=PAYMENT_QUANTITY_EXCEEDED, elapsedMs=3284
2026-08-17 20:02:04.387 [http-nio-8082-exec-5] INFO  c.m.d.p.a.PaymentAuditLogService [traceId=bf443dd4-f375-4108-993a-56a4c0996455] - [payment_audit] source=COMPLETE_API eventType=PAYMENT_FAILED result=failure orderId=MCJ-1-9c9e8efdc3e945ffa94e pgPaymentId=null pgStatus=null previousOrderStatus=null currentOrderStatus=null reason=PAYMENT_QUANTITY_EXCEEDED
2026-08-17 20:02:04.430 [http-nio-8082-exec-37] WARN  c.m.d.p.application.PaymentService [traceId=697836d4-21d1-4159-b5fd-0bd8b324ca17] - [PaymentService] 결제 완료 검증 실패: paymentId=MCJ-1-8a727ad6be6c4882b3cf, userId=85, errorCode=GROUPBUY_LOCK_ACQUISITION_FAILED, elapsedMs=3333
2026-08-17 20:02:04.434 [http-nio-8082-exec-37] INFO  c.m.d.p.a.PaymentAuditLogService [traceId=697836d4-21d1-4159-b5fd-0bd8b324ca17] - [payment_audit] source=COMPLETE_API eventType=PAYMENT_FAILED result=failure orderId=MCJ-1-8a727ad6be6c4882b3cf pgPaymentId=null pgStatus=null previousOrderStatus=null currentOrderStatus=null reason=GROUPBUY_LOCK_ACQUISITION_FAILED
2026-08-17 20:02:04.435 [http-nio-8082-exec-25] INFO  c.m.d.p.a.PaymentAuditLogService [traceId=02cbfb71-4071-45b9-8ffb-115246b5699a] - [payment_audit] source=COMPLETE_API eventType=PAYMENT_FAILED result=failure orderId=MCJ-1-5df14bcaf2bb4880be87 pgPaymentId=MCJ-1-5df14bcaf2bb4880be87 pgStatus=PAID previousOrderStatus=READY currentOrderStatus=FAILED reason=PAYMENT_QUANTITY_EXCEEDED
2026-08-17 20:02:04.439 [http-nio-8082-exec-25] WARN  c.m.d.p.application.PaymentService [traceId=02cbfb71-4071-45b9-8ffb-115246b5699a] - [PaymentService] 결제 완료 검증 실패: paymentId=MCJ-1-5df14bcaf2bb4880be87, userId=49, errorCode=PAYMENT_QUANTITY_EXCEEDED, elapsedMs=3345
2026-08-17 20:02:04.443 [http-nio-8082-exec-25] INFO  c.m.d.p.a.PaymentAuditLogService [traceId=02cbfb71-4071-45b9-8ffb-115246b5699a] - [payment_audit] source=COMPLETE_API eventType=PAYMENT_FAILED result=failure orderId=MCJ-1-5df14bcaf2bb4880be87 pgPaymentId=null pgStatus=null previousOrderStatus=null currentOrderStatus=null reason=PAYMENT_QUANTITY_EXCEEDED
2026-08-17 20:02:04.480 [http-nio-8082-exec-13] WARN  c.m.d.p.application.PaymentService [traceId=09c37eb5-1dcc-40e1-8acc-8e1f6b45c6e3] - [PaymentService] 결제 완료 검증 실패: paymentId=MCJ-1-2a6ca19f879b457b8dfd, userId=9, errorCode=GROUPBUY_LOCK_ACQUISITION_FAILED, elapsedMs=3380
2026-08-17 20:02:04.481 [http-nio-8082-exec-2] WARN  c.m.d.p.application.PaymentService [traceId=5ba79041-44a0-4535-afe7-e2dc17e6080c] - [PaymentService] 결제 완료 검증 실패: paymentId=MCJ-1-345eda0a2eda4cd48192, userId=23, errorCode=GROUPBUY_LOCK_ACQUISITION_FAILED, elapsedMs=3386
2026-08-17 20:02:04.486 [http-nio-8082-exec-13] INFO  c.m.d.p.a.PaymentAuditLogService [traceId=09c37eb5-1dcc-40e1-8acc-8e1f6b45c6e3] - [payment_audit] source=COMPLETE_API eventType=PAYMENT_FAILED result=failure orderId=MCJ-1-2a6ca19f879b457b8dfd pgPaymentId=null pgStatus=null previousOrderStatus=null currentOrderStatus=null reason=GROUPBUY_LOCK_ACQUISITION_FAILED
2026-08-17 20:02:04.487 [http-nio-8082-exec-2] INFO  c.m.d.p.a.PaymentAuditLogService [traceId=5ba79041-44a0-4535-afe7-e2dc17e6080c] - [payment_audit] source=COMPLETE_API eventType=PAYMENT_FAILED result=failure orderId=MCJ-1-345eda0a2eda4cd48192 pgPaymentId=null pgStatus=null previousOrderStatus=null currentOrderStatus=null reason=GROUPBUY_LOCK_ACQUISITION_FAILED
2026-08-17 20:02:04.494 [http-nio-8082-exec-46] INFO  c.m.d.p.a.PaymentAuditLogService [traceId=7974846b-5587-4029-96ac-cb3a94db6e03] - [payment_audit] source=COMPLETE_API eventType=PAYMENT_FAILED result=failure orderId=MCJ-1-09a88f1a073247ad9698 pgPaymentId=MCJ-1-09a88f1a073247ad9698 pgStatus=PAID previousOrderStatus=READY currentOrderStatus=FAILED reason=PAYMENT_QUANTITY_EXCEEDED
2026-08-17 20:02:04.498 [http-nio-8082-exec-46] WARN  c.m.d.p.application.PaymentService [traceId=7974846b-5587-4029-96ac-cb3a94db6e03] - [PaymentService] 결제 완료 검증 실패: paymentId=MCJ-1-09a88f1a073247ad9698, userId=79, errorCode=PAYMENT_QUANTITY_EXCEEDED, elapsedMs=3398
2026-08-17 20:02:04.508 [http-nio-8082-exec-46] INFO  c.m.d.p.a.PaymentAuditLogService [traceId=7974846b-5587-4029-96ac-cb3a94db6e03] - [payment_audit] source=COMPLETE_API eventType=PAYMENT_FAILED result=failure orderId=MCJ-1-09a88f1a073247ad9698 pgPaymentId=null pgStatus=null previousOrderStatus=null currentOrderStatus=null reason=PAYMENT_QUANTITY_EXCEEDED
