2026-08-17 16:30:34.098 [http-nio-8081-exec-23] WARN  c.m.d.p.application.PaymentService [traceId=04bbd139-f0be-4e07-974f-480da14f3458] - [PaymentService][Experiment] fake PG payment result used: scenario=full-protection-50, paymentId=MCJ-1-5dc65901a5b0451894f8, status=PAID
2026-08-17 16:30:34.098 [http-nio-8081-exec-25] WARN  c.m.d.p.application.PaymentService [traceId=ae66712d-16e0-47d8-bcb3-1c52045a109a] - [PaymentService][Experiment] fake PG payment result used: scenario=full-protection-50, paymentId=MCJ-1-9867f662f1c748b5bac8, status=PAID
2026-08-17 16:30:34.104 [http-nio-8081-exec-2] WARN  c.m.d.p.application.PaymentService [traceId=db2ee834-5142-443c-bd9a-9f2da4337730] - [PaymentService][Experiment] fake PG payment result used: scenario=full-protection-50, paymentId=MCJ-1-70a3e572e26d4491b27a, status=PAID
2026-08-17 16:30:34.115 [http-nio-8081-exec-9] WARN  c.m.d.p.application.PaymentService [traceId=9fe04a9f-be0d-4a23-bdc4-0f187ebb13c9] - [PaymentService][Experiment] fake PG payment result used: scenario=full-protection-50, paymentId=MCJ-1-cd9cab483ade46f197fb, status=PAID
2026-08-17 16:30:34.116 [http-nio-8081-exec-22] WARN  c.m.d.p.application.PaymentService [traceId=05f9a88b-ccdd-422c-85f1-9467cfae9fb6] - [PaymentService][Experiment] fake PG payment result used: scenario=full-protection-50, paymentId=MCJ-1-a41f863b079d494695f7, status=PAID
2026-08-17 16:30:34.120 [http-nio-8081-exec-21] WARN  c.m.d.p.application.PaymentService [traceId=d78cd311-0092-45fe-aa52-da2e37776d5e] - [PaymentService][Experiment] fake PG payment result used: scenario=full-protection-50, paymentId=MCJ-1-b3dc1a0b58c14530ba8a, status=PAID
2026-08-17 16:30:34.121 [http-nio-8081-exec-3] WARN  c.m.d.p.application.PaymentService [traceId=f23288cb-ff0a-41db-a8e1-2e2059613996] - [PaymentService][Experiment] fake PG payment result used: scenario=full-protection-50, paymentId=MCJ-1-cc76d81713a54f86900e, status=PAID
2026-08-17 16:30:34.124 [http-nio-8081-exec-12] WARN  c.m.d.p.application.PaymentService [traceId=bfc68c45-e119-40e8-a57a-a36eac1dc75a] - [PaymentService][Experiment] fake PG payment result used: scenario=full-protection-50, paymentId=MCJ-1-0a2d7e009e574b9f8a6f, status=PAID
2026-08-17 16:30:34.126 [http-nio-8081-exec-16] WARN  c.m.d.p.application.PaymentService [traceId=1972198c-0e32-49dd-8c4a-eb840d3ac24a] - [PaymentService][Experiment] fake PG payment result used: scenario=full-protection-50, paymentId=MCJ-1-e9a697716cda45c88487, status=PAID
2026-08-17 16:30:34.128 [http-nio-8081-exec-11] WARN  c.m.d.p.application.PaymentService [traceId=8f0eb0e5-d093-424c-be3e-911673103c47] - [PaymentService][Experiment] fake PG payment result used: scenario=full-protection-50, paymentId=MCJ-1-d20f263d6e844d72a188, status=PAID
2026-08-17 16:30:34.129 [http-nio-8081-exec-5] WARN  c.m.d.p.application.PaymentService [traceId=9b0eed0f-f58e-4b06-b884-3116df1204db] - [PaymentService][Experiment] fake PG payment result used: scenario=full-protection-50, paymentId=MCJ-1-33365ff5875e4b3c92b8, status=PAID
2026-08-17 16:30:34.129 [http-nio-8081-exec-20] WARN  c.m.d.p.application.PaymentService [traceId=a43e5758-ff35-4baf-804b-d37b92b374cb] - [PaymentService][Experiment] fake PG payment result used: scenario=full-protection-50, paymentId=MCJ-1-1468549a30c542f0bdea, status=PAID
2026-08-17 16:30:34.129 [http-nio-8081-exec-7] WARN  c.m.d.p.application.PaymentService [traceId=afa92da4-bbea-4c6e-a5c7-0bc25ac324da] - [PaymentService][Experiment] fake PG payment result used: scenario=full-protection-50, paymentId=MCJ-1-46de64c48daa444a9d4b, status=PAID
2026-08-17 16:30:34.131 [http-nio-8081-exec-15] WARN  c.m.d.p.application.PaymentService [traceId=41270797-2e95-4e17-8aa9-ed3ff4ea7450] - [PaymentService][Experiment] fake PG payment result used: scenario=full-protection-50, paymentId=MCJ-1-cee2c2def3e640068b3f, status=PAID
2026-08-17 16:30:34.135 [http-nio-8081-exec-6] WARN  c.m.d.p.application.PaymentService [traceId=992d151a-ffd4-41fb-a4b5-fadd31aced48] - [PaymentService][Experiment] fake PG payment result used: scenario=full-protection-50, paymentId=MCJ-1-b243a4546542434cb111, status=PAID
2026-08-17 16:30:34.134 [http-nio-8081-exec-10] WARN  c.m.d.p.application.PaymentService [traceId=7789d365-ed24-48fa-b3a8-1e700562406a] - [PaymentService][Experiment] fake PG payment result used: scenario=full-protection-50, paymentId=MCJ-1-e254c66d6b4b4042a78a, status=PAID
2026-08-17 16:30:34.146 [http-nio-8081-exec-18] WARN  c.m.d.p.application.PaymentService [traceId=a69c2c39-eb0d-4368-8085-a25d238faa5b] - [PaymentService][Experiment] fake PG payment result used: scenario=full-protection-50, paymentId=MCJ-1-bcf59806ec69440780d7, status=PAID
2026-08-17 16:30:34.146 [http-nio-8081-exec-17] WARN  c.m.d.p.application.PaymentService [traceId=ea2e37f3-0a80-4e2b-b4b5-2293a3da8b7a] - [PaymentService][Experiment] fake PG payment result used: scenario=full-protection-50, paymentId=MCJ-1-69e12ace2b5142649ab9, status=PAID
2026-08-17 16:30:34.149 [http-nio-8081-exec-24] WARN  c.m.d.p.application.PaymentService [traceId=bf35fa67-7169-4d54-803d-bbbbea95ef65] - [PaymentService][Experiment] fake PG payment result used: scenario=full-protection-50, paymentId=MCJ-1-c459451cf06246a19271, status=PAID
2026-08-17 16:30:34.152 [http-nio-8081-exec-13] WARN  c.m.d.p.application.PaymentService [traceId=6cf12df3-7f8b-417c-bffa-40b999ece48b] - [PaymentService][Experiment] fake PG payment result used: scenario=full-protection-50, paymentId=MCJ-1-64fdef6661c84a8c8a03, status=PAID
2026-08-17 16:30:34.152 [http-nio-8081-exec-19] WARN  c.m.d.p.application.PaymentService [traceId=8cb5e1a7-f899-4380-b2ec-fbc1ad9db912] - [PaymentService][Experiment] fake PG payment result used: scenario=full-protection-50, paymentId=MCJ-1-251432daab9245f89987, status=PAID
2026-08-17 16:30:34.152 [http-nio-8081-exec-4] WARN  c.m.d.p.application.PaymentService [traceId=d098f4f1-040c-469c-85f9-82c4cd0b541d] - [PaymentService][Experiment] fake PG payment result used: scenario=full-protection-50, paymentId=MCJ-1-0a2436e5972d4d9ca516, status=PAID
2026-08-17 16:30:34.155 [http-nio-8081-exec-1] WARN  c.m.d.p.application.PaymentService [traceId=b6d51bde-ee7d-465f-91ca-4c52410028e5] - [PaymentService][Experiment] fake PG payment result used: scenario=full-protection-50, paymentId=MCJ-1-6311d7c562d64f09891f, status=PAID
2026-08-17 16:30:34.156 [http-nio-8081-exec-14] WARN  c.m.d.p.application.PaymentService [traceId=2d8f8a03-7a40-4c17-9228-0c92c3c4c381] - [PaymentService][Experiment] fake PG payment result used: scenario=full-protection-50, paymentId=MCJ-1-db293fe4047447dd9846, status=PAID
2026-08-17 16:30:34.159 [http-nio-8081-exec-8] WARN  c.m.d.p.application.PaymentService [traceId=de36fc86-5413-4b63-8094-9d701fccfb3f] - [PaymentService][Experiment] fake PG payment result used: scenario=full-protection-50, paymentId=MCJ-1-e8aefa85c4eb4dd98bd0, status=PAID
2026-08-17 16:30:34.254 [http-nio-8081-exec-9] INFO  c.m.d.p.application.PaymentService [traceId=9fe04a9f-be0d-4a23-bdc4-0f187ebb13c9] - [PaymentService] 결제 완료 검증 성공: paymentId=MCJ-1-cd9cab483ade46f197fb, userId=50, participationId=131, elapsedMs=190
2026-08-17 16:30:34.315 [http-nio-8081-exec-12] INFO  c.m.d.p.application.PaymentService [traceId=bfc68c45-e119-40e8-a57a-a36eac1dc75a] - [PaymentService] 결제 완료 검증 성공: paymentId=MCJ-1-0a2d7e009e574b9f8a6f, userId=14, participationId=132, elapsedMs=250
2026-08-17 16:30:34.398 [http-nio-8081-exec-23] INFO  c.m.d.p.application.PaymentService [traceId=04bbd139-f0be-4e07-974f-480da14f3458] - [PaymentService] 결제 완료 검증 성공: paymentId=MCJ-1-5dc65901a5b0451894f8, userId=12, participationId=133, elapsedMs=334
2026-08-17 16:30:34.499 [http-nio-8081-exec-8] INFO  c.m.d.p.application.PaymentService [traceId=de36fc86-5413-4b63-8094-9d701fccfb3f] - [PaymentService] 결제 완료 검증 성공: paymentId=MCJ-1-e8aefa85c4eb4dd98bd0, userId=24, participationId=134, elapsedMs=435
2026-08-17 16:30:34.596 [http-nio-8081-exec-16] INFO  c.m.d.p.application.PaymentService [traceId=1972198c-0e32-49dd-8c4a-eb840d3ac24a] - [PaymentService] 결제 완료 검증 성공: paymentId=MCJ-1-e9a697716cda45c88487, userId=46, participationId=135, elapsedMs=532
2026-08-17 16:30:34.645 [http-nio-8081-exec-22] WARN  c.m.d.p.application.PaymentService [traceId=05f9a88b-ccdd-422c-85f1-9467cfae9fb6] - [PaymentService] 결제 완료 검증 실패: paymentId=MCJ-1-a41f863b079d494695f7, userId=30, errorCode=GROUPBUY_LOCK_ACQUISITION_FAILED, elapsedMs=581
2026-08-17 16:30:34.645 [http-nio-8081-exec-2] WARN  c.m.d.p.application.PaymentService [traceId=db2ee834-5142-443c-bd9a-9f2da4337730] - [PaymentService] 결제 완료 검증 실패: paymentId=MCJ-1-70a3e572e26d4491b27a, userId=16, errorCode=GROUPBUY_LOCK_ACQUISITION_FAILED, elapsedMs=581
2026-08-17 16:30:34.647 [http-nio-8081-exec-20] WARN  c.m.d.p.application.PaymentService [traceId=a43e5758-ff35-4baf-804b-d37b92b374cb] - [PaymentService] 결제 완료 검증 실패: paymentId=MCJ-1-1468549a30c542f0bdea, userId=34, errorCode=GROUPBUY_LOCK_ACQUISITION_FAILED, elapsedMs=583
2026-08-17 16:30:34.647 [http-nio-8081-exec-21] WARN  c.m.d.p.application.PaymentService [traceId=d78cd311-0092-45fe-aa52-da2e37776d5e] - [PaymentService] 결제 완료 검증 실패: paymentId=MCJ-1-b3dc1a0b58c14530ba8a, userId=32, errorCode=GROUPBUY_LOCK_ACQUISITION_FAILED, elapsedMs=583
2026-08-17 16:30:34.647 [http-nio-8081-exec-5] WARN  c.m.d.p.application.PaymentService [traceId=9b0eed0f-f58e-4b06-b884-3116df1204db] - [PaymentService] 결제 완료 검증 실패: paymentId=MCJ-1-33365ff5875e4b3c92b8, userId=28, errorCode=GROUPBUY_LOCK_ACQUISITION_FAILED, elapsedMs=583
2026-08-17 16:30:34.653 [http-nio-8081-exec-3] WARN  c.m.d.p.application.PaymentService [traceId=f23288cb-ff0a-41db-a8e1-2e2059613996] - [PaymentService] 결제 완료 검증 실패: paymentId=MCJ-1-cc76d81713a54f86900e, userId=22, errorCode=GROUPBUY_LOCK_ACQUISITION_FAILED, elapsedMs=589
2026-08-17 16:30:34.655 [http-nio-8081-exec-2] INFO  c.m.d.p.a.PaymentAuditLogService [traceId=db2ee834-5142-443c-bd9a-9f2da4337730] - [payment_audit] source=COMPLETE_API eventType=PAYMENT_FAILED result=failure orderId=MCJ-1-70a3e572e26d4491b27a pgPaymentId=null pgStatus=null previousOrderStatus=null currentOrderStatus=null reason=GROUPBUY_LOCK_ACQUISITION_FAILED
2026-08-17 16:30:34.655 [http-nio-8081-exec-15] WARN  c.m.d.p.application.PaymentService [traceId=41270797-2e95-4e17-8aa9-ed3ff4ea7450] - [PaymentService] 결제 완료 검증 실패: paymentId=MCJ-1-cee2c2def3e640068b3f, userId=44, errorCode=GROUPBUY_LOCK_ACQUISITION_FAILED, elapsedMs=591
2026-08-17 16:30:34.668 [http-nio-8081-exec-21] INFO  c.m.d.p.a.PaymentAuditLogService [traceId=d78cd311-0092-45fe-aa52-da2e37776d5e] - [payment_audit] source=COMPLETE_API eventType=PAYMENT_FAILED result=failure orderId=MCJ-1-b3dc1a0b58c14530ba8a pgPaymentId=null pgStatus=null previousOrderStatus=null currentOrderStatus=null reason=GROUPBUY_LOCK_ACQUISITION_FAILED
2026-08-17 16:30:34.673 [http-nio-8081-exec-5] INFO  c.m.d.p.a.PaymentAuditLogService [traceId=9b0eed0f-f58e-4b06-b884-3116df1204db] - [payment_audit] source=COMPLETE_API eventType=PAYMENT_FAILED result=failure orderId=MCJ-1-33365ff5875e4b3c92b8 pgPaymentId=null pgStatus=null previousOrderStatus=null currentOrderStatus=null reason=GROUPBUY_LOCK_ACQUISITION_FAILED
2026-08-17 16:30:34.677 [http-nio-8081-exec-15] INFO  c.m.d.p.a.PaymentAuditLogService [traceId=41270797-2e95-4e17-8aa9-ed3ff4ea7450] - [payment_audit] source=COMPLETE_API eventType=PAYMENT_FAILED result=failure orderId=MCJ-1-cee2c2def3e640068b3f pgPaymentId=null pgStatus=null previousOrderStatus=null currentOrderStatus=null reason=GROUPBUY_LOCK_ACQUISITION_FAILED
2026-08-17 16:30:34.677 [http-nio-8081-exec-3] INFO  c.m.d.p.a.PaymentAuditLogService [traceId=f23288cb-ff0a-41db-a8e1-2e2059613996] - [payment_audit] source=COMPLETE_API eventType=PAYMENT_FAILED result=failure orderId=MCJ-1-cc76d81713a54f86900e pgPaymentId=null pgStatus=null previousOrderStatus=null currentOrderStatus=null reason=GROUPBUY_LOCK_ACQUISITION_FAILED
2026-08-17 16:30:34.681 [http-nio-8081-exec-20] INFO  c.m.d.p.a.PaymentAuditLogService [traceId=a43e5758-ff35-4baf-804b-d37b92b374cb] - [payment_audit] source=COMPLETE_API eventType=PAYMENT_FAILED result=failure orderId=MCJ-1-1468549a30c542f0bdea pgPaymentId=null pgStatus=null previousOrderStatus=null currentOrderStatus=null reason=GROUPBUY_LOCK_ACQUISITION_FAILED
2026-08-17 16:30:34.685 [http-nio-8081-exec-22] INFO  c.m.d.p.a.PaymentAuditLogService [traceId=05f9a88b-ccdd-422c-85f1-9467cfae9fb6] - [payment_audit] source=COMPLETE_API eventType=PAYMENT_FAILED result=failure orderId=MCJ-1-a41f863b079d494695f7 pgPaymentId=null pgStatus=null previousOrderStatus=null currentOrderStatus=null reason=GROUPBUY_LOCK_ACQUISITION_FAILED
2026-08-17 16:30:34.702 [http-nio-8081-exec-13] WARN  c.m.d.p.application.PaymentService [traceId=6cf12df3-7f8b-417c-bffa-40b999ece48b] - [PaymentService] 결제 완료 검증 실패: paymentId=MCJ-1-64fdef6661c84a8c8a03, userId=18, errorCode=GROUPBUY_LOCK_ACQUISITION_FAILED, elapsedMs=638
2026-08-17 16:30:34.709 [http-nio-8081-exec-19] WARN  c.m.d.p.application.PaymentService [traceId=8cb5e1a7-f899-4380-b2ec-fbc1ad9db912] - [PaymentService] 결제 완료 검증 실패: paymentId=MCJ-1-251432daab9245f89987, userId=36, errorCode=GROUPBUY_LOCK_ACQUISITION_FAILED, elapsedMs=645
2026-08-17 16:30:34.714 [http-nio-8081-exec-1] WARN  c.m.d.p.application.PaymentService [traceId=b6d51bde-ee7d-465f-91ca-4c52410028e5] - [PaymentService] 결제 완료 검증 실패: paymentId=MCJ-1-6311d7c562d64f09891f, userId=2, errorCode=GROUPBUY_LOCK_ACQUISITION_FAILED, elapsedMs=650
2026-08-17 16:30:34.716 [http-nio-8081-exec-7] WARN  c.m.d.p.application.PaymentService [traceId=afa92da4-bbea-4c6e-a5c7-0bc25ac324da] - [PaymentService] 결제 완료 검증 실패: paymentId=MCJ-1-46de64c48daa444a9d4b, userId=48, errorCode=GROUPBUY_LOCK_ACQUISITION_FAILED, elapsedMs=651
2026-08-17 16:30:34.716 [http-nio-8081-exec-25] WARN  c.m.d.p.application.PaymentService [traceId=ae66712d-16e0-47d8-bcb3-1c52045a109a] - [PaymentService] 결제 완료 검증 실패: paymentId=MCJ-1-9867f662f1c748b5bac8, userId=20, errorCode=GROUPBUY_LOCK_ACQUISITION_FAILED, elapsedMs=652
2026-08-17 16:30:34.718 [http-nio-8081-exec-6] WARN  c.m.d.p.application.PaymentService [traceId=992d151a-ffd4-41fb-a4b5-fadd31aced48] - [PaymentService] 결제 완료 검증 실패: paymentId=MCJ-1-b243a4546542434cb111, userId=42, errorCode=GROUPBUY_LOCK_ACQUISITION_FAILED, elapsedMs=653
2026-08-17 16:30:34.718 [http-nio-8081-exec-10] WARN  c.m.d.p.application.PaymentService [traceId=7789d365-ed24-48fa-b3a8-1e700562406a] - [PaymentService] 결제 완료 검증 실패: paymentId=MCJ-1-e254c66d6b4b4042a78a, userId=10, errorCode=GROUPBUY_LOCK_ACQUISITION_FAILED, elapsedMs=653
2026-08-17 16:30:34.718 [http-nio-8081-exec-11] WARN  c.m.d.p.application.PaymentService [traceId=8f0eb0e5-d093-424c-be3e-911673103c47] - [PaymentService] 결제 완료 검증 실패: paymentId=MCJ-1-d20f263d6e844d72a188, userId=4, errorCode=GROUPBUY_LOCK_ACQUISITION_FAILED, elapsedMs=654
2026-08-17 16:30:34.718 [http-nio-8081-exec-17] WARN  c.m.d.p.application.PaymentService [traceId=ea2e37f3-0a80-4e2b-b4b5-2293a3da8b7a] - [PaymentService] 결제 완료 검증 실패: paymentId=MCJ-1-69e12ace2b5142649ab9, userId=38, errorCode=GROUPBUY_LOCK_ACQUISITION_FAILED, elapsedMs=654
2026-08-17 16:30:34.722 [http-nio-8081-exec-18] WARN  c.m.d.p.application.PaymentService [traceId=a69c2c39-eb0d-4368-8085-a25d238faa5b] - [PaymentService] 결제 완료 검증 실패: paymentId=MCJ-1-bcf59806ec69440780d7, userId=40, errorCode=GROUPBUY_LOCK_ACQUISITION_FAILED, elapsedMs=657
2026-08-17 16:30:34.722 [http-nio-8081-exec-24] WARN  c.m.d.p.application.PaymentService [traceId=bf35fa67-7169-4d54-803d-bbbbea95ef65] - [PaymentService] 결제 완료 검증 실패: paymentId=MCJ-1-c459451cf06246a19271, userId=26, errorCode=GROUPBUY_LOCK_ACQUISITION_FAILED, elapsedMs=658
2026-08-17 16:30:34.723 [http-nio-8081-exec-4] WARN  c.m.d.p.application.PaymentService [traceId=d098f4f1-040c-469c-85f9-82c4cd0b541d] - [PaymentService] 결제 완료 검증 실패: paymentId=MCJ-1-0a2436e5972d4d9ca516, userId=6, errorCode=GROUPBUY_LOCK_ACQUISITION_FAILED, elapsedMs=659
2026-08-17 16:30:34.755 [http-nio-8081-exec-13] INFO  c.m.d.p.a.PaymentAuditLogService [traceId=6cf12df3-7f8b-417c-bffa-40b999ece48b] - [payment_audit] source=COMPLETE_API eventType=PAYMENT_FAILED result=failure orderId=MCJ-1-64fdef6661c84a8c8a03 pgPaymentId=null pgStatus=null previousOrderStatus=null currentOrderStatus=null reason=GROUPBUY_LOCK_ACQUISITION_FAILED
2026-08-17 16:30:34.778 [http-nio-8081-exec-19] INFO  c.m.d.p.a.PaymentAuditLogService [traceId=8cb5e1a7-f899-4380-b2ec-fbc1ad9db912] - [payment_audit] source=COMPLETE_API eventType=PAYMENT_FAILED result=failure orderId=MCJ-1-251432daab9245f89987 pgPaymentId=null pgStatus=null previousOrderStatus=null currentOrderStatus=null reason=GROUPBUY_LOCK_ACQUISITION_FAILED
2026-08-17 16:30:34.785 [http-nio-8081-exec-10] INFO  c.m.d.p.a.PaymentAuditLogService [traceId=7789d365-ed24-48fa-b3a8-1e700562406a] - [payment_audit] source=COMPLETE_API eventType=PAYMENT_FAILED result=failure orderId=MCJ-1-e254c66d6b4b4042a78a pgPaymentId=null pgStatus=null previousOrderStatus=null currentOrderStatus=null reason=GROUPBUY_LOCK_ACQUISITION_FAILED
2026-08-17 16:30:34.785 [http-nio-8081-exec-1] INFO  c.m.d.p.a.PaymentAuditLogService [traceId=b6d51bde-ee7d-465f-91ca-4c52410028e5] - [payment_audit] source=COMPLETE_API eventType=PAYMENT_FAILED result=failure orderId=MCJ-1-6311d7c562d64f09891f pgPaymentId=null pgStatus=null previousOrderStatus=null currentOrderStatus=null reason=GROUPBUY_LOCK_ACQUISITION_FAILED
2026-08-17 16:30:34.789 [http-nio-8081-exec-11] INFO  c.m.d.p.a.PaymentAuditLogService [traceId=8f0eb0e5-d093-424c-be3e-911673103c47] - [payment_audit] source=COMPLETE_API eventType=PAYMENT_FAILED result=failure orderId=MCJ-1-d20f263d6e844d72a188 pgPaymentId=null pgStatus=null previousOrderStatus=null currentOrderStatus=null reason=GROUPBUY_LOCK_ACQUISITION_FAILED
2026-08-17 16:30:34.790 [http-nio-8081-exec-7] INFO  c.m.d.p.a.PaymentAuditLogService [traceId=afa92da4-bbea-4c6e-a5c7-0bc25ac324da] - [payment_audit] source=COMPLETE_API eventType=PAYMENT_FAILED result=failure orderId=MCJ-1-46de64c48daa444a9d4b pgPaymentId=null pgStatus=null previousOrderStatus=null currentOrderStatus=null reason=GROUPBUY_LOCK_ACQUISITION_FAILED
2026-08-17 16:30:34.790 [http-nio-8081-exec-25] INFO  c.m.d.p.a.PaymentAuditLogService [traceId=ae66712d-16e0-47d8-bcb3-1c52045a109a] - [payment_audit] source=COMPLETE_API eventType=PAYMENT_FAILED result=failure orderId=MCJ-1-9867f662f1c748b5bac8 pgPaymentId=null pgStatus=null previousOrderStatus=null currentOrderStatus=null reason=GROUPBUY_LOCK_ACQUISITION_FAILED
2026-08-17 16:30:34.790 [http-nio-8081-exec-6] INFO  c.m.d.p.a.PaymentAuditLogService [traceId=992d151a-ffd4-41fb-a4b5-fadd31aced48] - [payment_audit] source=COMPLETE_API eventType=PAYMENT_FAILED result=failure orderId=MCJ-1-b243a4546542434cb111 pgPaymentId=null pgStatus=null previousOrderStatus=null currentOrderStatus=null reason=GROUPBUY_LOCK_ACQUISITION_FAILED
2026-08-17 16:30:34.794 [http-nio-8081-exec-24] INFO  c.m.d.p.a.PaymentAuditLogService [traceId=bf35fa67-7169-4d54-803d-bbbbea95ef65] - [payment_audit] source=COMPLETE_API eventType=PAYMENT_FAILED result=failure orderId=MCJ-1-c459451cf06246a19271 pgPaymentId=null pgStatus=null previousOrderStatus=null currentOrderStatus=null reason=GROUPBUY_LOCK_ACQUISITION_FAILED
2026-08-17 16:30:34.794 [http-nio-8081-exec-17] INFO  c.m.d.p.a.PaymentAuditLogService [traceId=ea2e37f3-0a80-4e2b-b4b5-2293a3da8b7a] - [payment_audit] source=COMPLETE_API eventType=PAYMENT_FAILED result=failure orderId=MCJ-1-69e12ace2b5142649ab9 pgPaymentId=null pgStatus=null previousOrderStatus=null currentOrderStatus=null reason=GROUPBUY_LOCK_ACQUISITION_FAILED
2026-08-17 16:30:34.795 [http-nio-8081-exec-14] INFO  c.m.d.p.application.PaymentService [traceId=2d8f8a03-7a40-4c17-9228-0c92c3c4c381] - [PaymentService] 결제 완료 검증 성공: paymentId=MCJ-1-db293fe4047447dd9846, userId=8, participationId=136, elapsedMs=731
2026-08-17 16:30:34.806 [http-nio-8081-exec-18] INFO  c.m.d.p.a.PaymentAuditLogService [traceId=a69c2c39-eb0d-4368-8085-a25d238faa5b] - [payment_audit] source=COMPLETE_API eventType=PAYMENT_FAILED result=failure orderId=MCJ-1-bcf59806ec69440780d7 pgPaymentId=null pgStatus=null previousOrderStatus=null currentOrderStatus=null reason=GROUPBUY_LOCK_ACQUISITION_FAILED
2026-08-17 16:30:34.826 [http-nio-8081-exec-4] INFO  c.m.d.p.a.PaymentAuditLogService [traceId=d098f4f1-040c-469c-85f9-82c4cd0b541d] - [payment_audit] source=COMPLETE_API eventType=PAYMENT_FAILED result=failure orderId=MCJ-1-0a2436e5972d4d9ca516 pgPaymentId=null pgStatus=null previousOrderStatus=null currentOrderStatus=null reason=GROUPBUY_LOCK_ACQUISITION_FAILED
2026-08-17 16:30:35.025 [http-nio-8082-exec-24] WARN  c.m.d.p.application.PaymentService [traceId=ee0ad0a2-24bd-4a4f-a847-79dec6b5a224] - [PaymentService][Experiment] fake PG payment result used: scenario=full-protection-50, paymentId=MCJ-1-adcc9622c4674566aaa2, status=PAID
2026-08-17 16:30:35.026 [http-nio-8082-exec-1] WARN  c.m.d.p.application.PaymentService [traceId=b6bc5521-7cac-4578-a02a-199693195512] - [PaymentService][Experiment] fake PG payment result used: scenario=full-protection-50, paymentId=MCJ-1-522b0939c1964a64af73, status=PAID
2026-08-17 16:30:35.027 [http-nio-8082-exec-13] WARN  c.m.d.p.application.PaymentService [traceId=fbaac48b-86d6-4d07-8c9d-369e71069d39] - [PaymentService][Experiment] fake PG payment result used: scenario=full-protection-50, paymentId=MCJ-1-0b0211e0b0404638955d, status=PAID
2026-08-17 16:30:35.031 [http-nio-8082-exec-21] WARN  c.m.d.p.application.PaymentService [traceId=89d9ba82-dbda-462b-9622-a85887f9c683] - [PaymentService][Experiment] fake PG payment result used: scenario=full-protection-50, paymentId=MCJ-1-0319c64066a84f35a8ba, status=PAID
2026-08-17 16:30:35.034 [http-nio-8082-exec-7] WARN  c.m.d.p.application.PaymentService [traceId=98aafde0-f560-4a36-8b04-ed5de11fd27b] - [PaymentService][Experiment] fake PG payment result used: scenario=full-protection-50, paymentId=MCJ-1-8c6d412910b0400987ea, status=PAID
2026-08-17 16:30:35.034 [http-nio-8082-exec-14] WARN  c.m.d.p.application.PaymentService [traceId=8d813420-d2da-4519-8cfb-a15e09c2742d] - [PaymentService][Experiment] fake PG payment result used: scenario=full-protection-50, paymentId=MCJ-1-f14a179855d14e22804f, status=PAID
2026-08-17 16:30:35.036 [http-nio-8082-exec-18] WARN  c.m.d.p.application.PaymentService [traceId=290d168d-77f3-4d76-b745-0222ad58ef30] - [PaymentService][Experiment] fake PG payment result used: scenario=full-protection-50, paymentId=MCJ-1-79ddda540930407ba4fb, status=PAID
2026-08-17 16:30:35.036 [http-nio-8082-exec-2] WARN  c.m.d.p.application.PaymentService [traceId=6fd6f248-631b-442d-9140-9b74583c39f4] - [PaymentService][Experiment] fake PG payment result used: scenario=full-protection-50, paymentId=MCJ-1-cad51f39381f431b820a, status=PAID
2026-08-17 16:30:35.039 [http-nio-8082-exec-5] WARN  c.m.d.p.application.PaymentService [traceId=4c736620-d7b0-4569-a4f2-a023c2edd576] - [PaymentService][Experiment] fake PG payment result used: scenario=full-protection-50, paymentId=MCJ-1-bcebdc0d22154bb19e94, status=PAID
2026-08-17 16:30:35.043 [http-nio-8082-exec-6] WARN  c.m.d.p.application.PaymentService [traceId=61d0fbeb-7676-48af-9d59-e66a39c23b0a] - [PaymentService][Experiment] fake PG payment result used: scenario=full-protection-50, paymentId=MCJ-1-8a6e5104343b4c8a9c60, status=PAID
2026-08-17 16:30:35.046 [http-nio-8082-exec-22] WARN  c.m.d.p.application.PaymentService [traceId=f61c29c5-b9dd-4ccd-8c76-a736f6f581ff] - [PaymentService][Experiment] fake PG payment result used: scenario=full-protection-50, paymentId=MCJ-1-7eccca4450f94cc4b5a1, status=PAID
2026-08-17 16:30:35.049 [http-nio-8082-exec-23] WARN  c.m.d.p.application.PaymentService [traceId=cbc52cce-96fc-4d18-8c7c-36ae5b77a99f] - [PaymentService][Experiment] fake PG payment result used: scenario=full-protection-50, paymentId=MCJ-1-4a5e531560b642f7b4fd, status=PAID
2026-08-17 16:30:35.050 [http-nio-8082-exec-8] WARN  c.m.d.p.application.PaymentService [traceId=fd61570c-c357-48b7-81f3-4709653e62a4] - [PaymentService][Experiment] fake PG payment result used: scenario=full-protection-50, paymentId=MCJ-1-3faa48ac7f704d5eaf96, status=PAID
2026-08-17 16:30:35.051 [http-nio-8082-exec-11] WARN  c.m.d.p.application.PaymentService [traceId=133e1dbc-ad78-40e5-8215-14d40ad9463c] - [PaymentService][Experiment] fake PG payment result used: scenario=full-protection-50, paymentId=MCJ-1-cd3107f655374732aa69, status=PAID
2026-08-17 16:30:35.064 [http-nio-8082-exec-19] WARN  c.m.d.p.application.PaymentService [traceId=7ce614fd-cd6a-4a1d-bab5-fad3ae8b4438] - [PaymentService][Experiment] fake PG payment result used: scenario=full-protection-50, paymentId=MCJ-1-5674372b9ee34b7c9340, status=PAID
2026-08-17 16:30:35.066 [http-nio-8082-exec-20] WARN  c.m.d.p.application.PaymentService [traceId=400dd1c5-f136-4a64-952b-d70002892497] - [PaymentService][Experiment] fake PG payment result used: scenario=full-protection-50, paymentId=MCJ-1-c9a2c4446cfc4141abb8, status=PAID
2026-08-17 16:30:35.066 [http-nio-8082-exec-4] WARN  c.m.d.p.application.PaymentService [traceId=0dff7b2d-90e0-40eb-a882-367d8bb618e4] - [PaymentService][Experiment] fake PG payment result used: scenario=full-protection-50, paymentId=MCJ-1-06b01f6f317a4a0a95b0, status=PAID
2026-08-17 16:30:35.067 [http-nio-8082-exec-25] WARN  c.m.d.p.application.PaymentService [traceId=b75932c5-1d44-4405-ba94-e037dabd984b] - [PaymentService][Experiment] fake PG payment result used: scenario=full-protection-50, paymentId=MCJ-1-a01e77ee99fd4235a4b8, status=PAID
2026-08-17 16:30:35.069 [http-nio-8082-exec-17] WARN  c.m.d.p.application.PaymentService [traceId=f6224957-603f-4fdf-9ee5-187479db4c2f] - [PaymentService][Experiment] fake PG payment result used: scenario=full-protection-50, paymentId=MCJ-1-8631d5968a484957974e, status=PAID
2026-08-17 16:30:35.069 [http-nio-8082-exec-10] WARN  c.m.d.p.application.PaymentService [traceId=611f6ce4-100a-4cef-bce7-7eba17f9b3dc] - [PaymentService][Experiment] fake PG payment result used: scenario=full-protection-50, paymentId=MCJ-1-63d29418031b44e0a5b3, status=PAID
2026-08-17 16:30:35.069 [http-nio-8082-exec-15] WARN  c.m.d.p.application.PaymentService [traceId=0a8d6018-6f01-4b9c-83f7-3731aa36dc46] - [PaymentService][Experiment] fake PG payment result used: scenario=full-protection-50, paymentId=MCJ-1-b60b470b680747c88857, status=PAID
2026-08-17 16:30:35.069 [http-nio-8082-exec-3] WARN  c.m.d.p.application.PaymentService [traceId=5e25296f-ae4b-47e9-9e26-d487f4559233] - [PaymentService][Experiment] fake PG payment result used: scenario=full-protection-50, paymentId=MCJ-1-b763563ab4c84fd18b21, status=PAID
2026-08-17 16:30:35.089 [http-nio-8082-exec-9] WARN  c.m.d.p.application.PaymentService [traceId=31c87b58-a1ae-4cc8-832f-ba76530d3ce1] - [PaymentService][Experiment] fake PG payment result used: scenario=full-protection-50, paymentId=MCJ-1-7aaaea53f092406683e3, status=PAID
2026-08-17 16:30:35.092 [http-nio-8082-exec-12] WARN  c.m.d.p.application.PaymentService [traceId=4445bead-7757-45f5-a9d2-827116cc1486] - [PaymentService][Experiment] fake PG payment result used: scenario=full-protection-50, paymentId=MCJ-1-39daf80726664987b60d, status=PAID
2026-08-17 16:30:35.102 [http-nio-8082-exec-16] WARN  c.m.d.p.application.PaymentService [traceId=f1f30ded-6f4c-4f40-bd90-1c8b78cc97fd] - [PaymentService][Experiment] fake PG payment result used: scenario=full-protection-50, paymentId=MCJ-1-1c1cf817a2134de1a820, status=PAID
2026-08-17 16:30:35.182 [http-nio-8082-exec-13] INFO  c.m.d.p.application.PaymentService [traceId=fbaac48b-86d6-4d07-8c9d-369e71069d39] - [PaymentService] 결제 완료 검증 성공: paymentId=MCJ-1-0b0211e0b0404638955d, userId=3, participationId=137, elapsedMs=272
2026-08-17 16:30:35.271 [http-nio-8082-exec-7] INFO  c.m.d.p.application.PaymentService [traceId=98aafde0-f560-4a36-8b04-ed5de11fd27b] - [PaymentService] 결제 완료 검증 성공: paymentId=MCJ-1-8c6d412910b0400987ea, userId=11, participationId=138, elapsedMs=361
2026-08-17 16:30:35.328 [http-nio-8082-exec-2] INFO  c.m.d.p.application.PaymentService [traceId=6fd6f248-631b-442d-9140-9b74583c39f4] - [PaymentService] 결제 완료 검증 성공: paymentId=MCJ-1-cad51f39381f431b820a, userId=5, participationId=139, elapsedMs=418
2026-08-17 16:30:35.352 [http-nio-8082-exec-24] INFO  c.m.d.p.application.PaymentService [traceId=ee0ad0a2-24bd-4a4f-a847-79dec6b5a224] - [PaymentService] 결제 완료 검증 성공: paymentId=MCJ-1-adcc9622c4674566aaa2, userId=21, participationId=140, elapsedMs=441
2026-08-17 16:30:35.375 [http-nio-8082-exec-1] INFO  c.m.d.p.application.PaymentService [traceId=b6bc5521-7cac-4578-a02a-199693195512] - [PaymentService] 결제 완료 검증 성공: paymentId=MCJ-1-522b0939c1964a64af73, userId=9, participationId=141, elapsedMs=465
2026-08-17 16:30:35.400 [http-nio-8082-exec-9] INFO  c.m.d.p.application.PaymentService [traceId=31c87b58-a1ae-4cc8-832f-ba76530d3ce1] - [PaymentService] 결제 완료 검증 성공: paymentId=MCJ-1-7aaaea53f092406683e3, userId=15, participationId=142, elapsedMs=490
2026-08-17 16:30:35.425 [http-nio-8082-exec-5] INFO  c.m.d.p.application.PaymentService [traceId=4c736620-d7b0-4569-a4f2-a023c2edd576] - [PaymentService] 결제 완료 검증 성공: paymentId=MCJ-1-bcebdc0d22154bb19e94, userId=45, participationId=143, elapsedMs=515
2026-08-17 16:30:35.446 [http-nio-8082-exec-25] INFO  c.m.d.p.application.PaymentService [traceId=b75932c5-1d44-4405-ba94-e037dabd984b] - [PaymentService] 결제 완료 검증 성공: paymentId=MCJ-1-a01e77ee99fd4235a4b8, userId=25, participationId=144, elapsedMs=536
2026-08-17 16:30:35.480 [http-nio-8082-exec-23] INFO  c.m.d.p.application.PaymentService [traceId=cbc52cce-96fc-4d18-8c7c-36ae5b77a99f] - [PaymentService] 결제 완료 검증 성공: paymentId=MCJ-1-4a5e531560b642f7b4fd, userId=31, participationId=145, elapsedMs=570
2026-08-17 16:30:35.510 [http-nio-8082-exec-15] INFO  c.m.d.p.application.PaymentService [traceId=0a8d6018-6f01-4b9c-83f7-3731aa36dc46] - [PaymentService] 결제 완료 검증 성공: paymentId=MCJ-1-b60b470b680747c88857, userId=19, participationId=146, elapsedMs=600
2026-08-17 16:30:35.552 [http-nio-8082-exec-22] INFO  c.m.d.p.application.PaymentService [traceId=f61c29c5-b9dd-4ccd-8c76-a736f6f581ff] - [PaymentService] 결제 완료 검증 성공: paymentId=MCJ-1-7eccca4450f94cc4b5a1, userId=29, participationId=147, elapsedMs=642
2026-08-17 16:30:35.580 [http-nio-8082-exec-6] INFO  c.m.d.p.application.PaymentService [traceId=61d0fbeb-7676-48af-9d59-e66a39c23b0a] - [PaymentService] 결제 완료 검증 성공: paymentId=MCJ-1-8a6e5104343b4c8a9c60, userId=33, participationId=148, elapsedMs=671
2026-08-17 16:30:35.605 [http-nio-8082-exec-4] WARN  c.m.d.p.application.PaymentService [traceId=0dff7b2d-90e0-40eb-a882-367d8bb618e4] - [PaymentService] 결제 완료 검증 실패: paymentId=MCJ-1-06b01f6f317a4a0a95b0, userId=39, errorCode=GROUPBUY_LOCK_ACQUISITION_FAILED, elapsedMs=695
2026-08-17 16:30:35.605 [http-nio-8082-exec-10] WARN  c.m.d.p.application.PaymentService [traceId=611f6ce4-100a-4cef-bce7-7eba17f9b3dc] - [PaymentService] 결제 완료 검증 실패: paymentId=MCJ-1-63d29418031b44e0a5b3, userId=17, errorCode=GROUPBUY_LOCK_ACQUISITION_FAILED, elapsedMs=695
2026-08-17 16:30:35.605 [http-nio-8082-exec-17] WARN  c.m.d.p.application.PaymentService [traceId=f6224957-603f-4fdf-9ee5-187479db4c2f] - [PaymentService] 결제 완료 검증 실패: paymentId=MCJ-1-8631d5968a484957974e, userId=43, errorCode=GROUPBUY_LOCK_ACQUISITION_FAILED, elapsedMs=695
2026-08-17 16:30:35.605 [http-nio-8082-exec-8] WARN  c.m.d.p.application.PaymentService [traceId=fd61570c-c357-48b7-81f3-4709653e62a4] - [PaymentService] 결제 완료 검증 실패: paymentId=MCJ-1-3faa48ac7f704d5eaf96, userId=23, errorCode=GROUPBUY_LOCK_ACQUISITION_FAILED, elapsedMs=695
2026-08-17 16:30:35.605 [http-nio-8082-exec-14] WARN  c.m.d.p.application.PaymentService [traceId=8d813420-d2da-4519-8cfb-a15e09c2742d] - [PaymentService] 결제 완료 검증 실패: paymentId=MCJ-1-f14a179855d14e22804f, userId=47, errorCode=GROUPBUY_LOCK_ACQUISITION_FAILED, elapsedMs=695
2026-08-17 16:30:35.612 [http-nio-8082-exec-18] WARN  c.m.d.p.application.PaymentService [traceId=290d168d-77f3-4d76-b745-0222ad58ef30] - [PaymentService] 결제 완료 검증 실패: paymentId=MCJ-1-79ddda540930407ba4fb, userId=41, errorCode=GROUPBUY_LOCK_ACQUISITION_FAILED, elapsedMs=700
2026-08-17 16:30:35.615 [http-nio-8082-exec-10] INFO  c.m.d.p.a.PaymentAuditLogService [traceId=611f6ce4-100a-4cef-bce7-7eba17f9b3dc] - [payment_audit] source=COMPLETE_API eventType=PAYMENT_FAILED result=failure orderId=MCJ-1-63d29418031b44e0a5b3 pgPaymentId=null pgStatus=null previousOrderStatus=null currentOrderStatus=null reason=GROUPBUY_LOCK_ACQUISITION_FAILED
2026-08-17 16:30:35.616 [http-nio-8082-exec-14] INFO  c.m.d.p.a.PaymentAuditLogService [traceId=8d813420-d2da-4519-8cfb-a15e09c2742d] - [payment_audit] source=COMPLETE_API eventType=PAYMENT_FAILED result=failure orderId=MCJ-1-f14a179855d14e22804f pgPaymentId=null pgStatus=null previousOrderStatus=null currentOrderStatus=null reason=GROUPBUY_LOCK_ACQUISITION_FAILED
2026-08-17 16:30:35.618 [http-nio-8082-exec-8] INFO  c.m.d.p.a.PaymentAuditLogService [traceId=fd61570c-c357-48b7-81f3-4709653e62a4] - [payment_audit] source=COMPLETE_API eventType=PAYMENT_FAILED result=failure orderId=MCJ-1-3faa48ac7f704d5eaf96 pgPaymentId=null pgStatus=null previousOrderStatus=null currentOrderStatus=null reason=GROUPBUY_LOCK_ACQUISITION_FAILED
2026-08-17 16:30:35.618 [http-nio-8082-exec-17] INFO  c.m.d.p.a.PaymentAuditLogService [traceId=f6224957-603f-4fdf-9ee5-187479db4c2f] - [payment_audit] source=COMPLETE_API eventType=PAYMENT_FAILED result=failure orderId=MCJ-1-8631d5968a484957974e pgPaymentId=null pgStatus=null previousOrderStatus=null currentOrderStatus=null reason=GROUPBUY_LOCK_ACQUISITION_FAILED
2026-08-17 16:30:35.618 [http-nio-8082-exec-4] INFO  c.m.d.p.a.PaymentAuditLogService [traceId=0dff7b2d-90e0-40eb-a882-367d8bb618e4] - [payment_audit] source=COMPLETE_API eventType=PAYMENT_FAILED result=failure orderId=MCJ-1-06b01f6f317a4a0a95b0 pgPaymentId=null pgStatus=null previousOrderStatus=null currentOrderStatus=null reason=GROUPBUY_LOCK_ACQUISITION_FAILED
2026-08-17 16:30:35.619 [http-nio-8082-exec-18] INFO  c.m.d.p.a.PaymentAuditLogService [traceId=290d168d-77f3-4d76-b745-0222ad58ef30] - [payment_audit] source=COMPLETE_API eventType=PAYMENT_FAILED result=failure orderId=MCJ-1-79ddda540930407ba4fb pgPaymentId=null pgStatus=null previousOrderStatus=null currentOrderStatus=null reason=GROUPBUY_LOCK_ACQUISITION_FAILED
2026-08-17 16:30:35.620 [http-nio-8082-exec-21] WARN  c.m.d.p.application.PaymentService [traceId=89d9ba82-dbda-462b-9622-a85887f9c683] - [PaymentService] 결제 완료 검증 실패: paymentId=MCJ-1-0319c64066a84f35a8ba, userId=27, errorCode=GROUPBUY_LOCK_ACQUISITION_FAILED, elapsedMs=710
2026-08-17 16:30:35.620 [http-nio-8082-exec-11] WARN  c.m.d.p.application.PaymentService [traceId=133e1dbc-ad78-40e5-8215-14d40ad9463c] - [PaymentService] 결제 완료 검증 실패: paymentId=MCJ-1-cd3107f655374732aa69, userId=7, errorCode=GROUPBUY_LOCK_ACQUISITION_FAILED, elapsedMs=710
2026-08-17 16:30:35.626 [http-nio-8082-exec-11] INFO  c.m.d.p.a.PaymentAuditLogService [traceId=133e1dbc-ad78-40e5-8215-14d40ad9463c] - [payment_audit] source=COMPLETE_API eventType=PAYMENT_FAILED result=failure orderId=MCJ-1-cd3107f655374732aa69 pgPaymentId=null pgStatus=null previousOrderStatus=null currentOrderStatus=null reason=GROUPBUY_LOCK_ACQUISITION_FAILED
2026-08-17 16:30:35.627 [http-nio-8082-exec-21] INFO  c.m.d.p.a.PaymentAuditLogService [traceId=89d9ba82-dbda-462b-9622-a85887f9c683] - [payment_audit] source=COMPLETE_API eventType=PAYMENT_FAILED result=failure orderId=MCJ-1-0319c64066a84f35a8ba pgPaymentId=null pgStatus=null previousOrderStatus=null currentOrderStatus=null reason=GROUPBUY_LOCK_ACQUISITION_FAILED
2026-08-17 16:30:35.628 [http-nio-8082-exec-20] WARN  c.m.d.p.application.PaymentService [traceId=400dd1c5-f136-4a64-952b-d70002892497] - [PaymentService] 결제 완료 검증 실패: paymentId=MCJ-1-c9a2c4446cfc4141abb8, userId=35, errorCode=GROUPBUY_LOCK_ACQUISITION_FAILED, elapsedMs=718
2026-08-17 16:30:35.630 [http-nio-8082-exec-19] WARN  c.m.d.p.application.PaymentService [traceId=7ce614fd-cd6a-4a1d-bab5-fad3ae8b4438] - [PaymentService] 결제 완료 검증 실패: paymentId=MCJ-1-5674372b9ee34b7c9340, userId=37, errorCode=GROUPBUY_LOCK_ACQUISITION_FAILED, elapsedMs=720
2026-08-17 16:30:35.632 [http-nio-8082-exec-16] INFO  c.m.d.p.application.PaymentService [traceId=f1f30ded-6f4c-4f40-bd90-1c8b78cc97fd] - [PaymentService] 결제 완료 검증 성공: paymentId=MCJ-1-1c1cf817a2134de1a820, userId=51, participationId=149, elapsedMs=719
2026-08-17 16:30:35.632 [http-nio-8082-exec-20] INFO  c.m.d.p.a.PaymentAuditLogService [traceId=400dd1c5-f136-4a64-952b-d70002892497] - [payment_audit] source=COMPLETE_API eventType=PAYMENT_FAILED result=failure orderId=MCJ-1-c9a2c4446cfc4141abb8 pgPaymentId=null pgStatus=null previousOrderStatus=null currentOrderStatus=null reason=GROUPBUY_LOCK_ACQUISITION_FAILED
2026-08-17 16:30:35.634 [http-nio-8082-exec-19] INFO  c.m.d.p.a.PaymentAuditLogService [traceId=7ce614fd-cd6a-4a1d-bab5-fad3ae8b4438] - [payment_audit] source=COMPLETE_API eventType=PAYMENT_FAILED result=failure orderId=MCJ-1-5674372b9ee34b7c9340 pgPaymentId=null pgStatus=null previousOrderStatus=null currentOrderStatus=null reason=GROUPBUY_LOCK_ACQUISITION_FAILED
2026-08-17 16:30:35.655 [http-nio-8082-exec-3] WARN  c.m.d.p.application.PaymentService [traceId=5e25296f-ae4b-47e9-9e26-d487f4559233] - [PaymentService] 결제 완료 검증 실패: paymentId=MCJ-1-b763563ab4c84fd18b21, userId=13, errorCode=GROUPBUY_LOCK_ACQUISITION_FAILED, elapsedMs=745
2026-08-17 16:30:35.658 [http-nio-8082-exec-12] WARN  c.m.d.p.application.PaymentService [traceId=4445bead-7757-45f5-a9d2-827116cc1486] - [PaymentService] 결제 완료 검증 실패: paymentId=MCJ-1-39daf80726664987b60d, userId=49, errorCode=GROUPBUY_LOCK_ACQUISITION_FAILED, elapsedMs=748
2026-08-17 16:30:35.661 [http-nio-8082-exec-3] INFO  c.m.d.p.a.PaymentAuditLogService [traceId=5e25296f-ae4b-47e9-9e26-d487f4559233] - [payment_audit] source=COMPLETE_API eventType=PAYMENT_FAILED result=failure orderId=MCJ-1-b763563ab4c84fd18b21 pgPaymentId=null pgStatus=null previousOrderStatus=null currentOrderStatus=null reason=GROUPBUY_LOCK_ACQUISITION_FAILED
2026-08-17 16:30:35.663 [http-nio-8082-exec-12] INFO  c.m.d.p.a.PaymentAuditLogService [traceId=4445bead-7757-45f5-a9d2-827116cc1486] - [payment_audit] source=COMPLETE_API eventType=PAYMENT_FAILED result=failure orderId=MCJ-1-39daf80726664987b60d pgPaymentId=null pgStatus=null previousOrderStatus=null currentOrderStatus=null reason=GROUPBUY_LOCK_ACQUISITION_FAILED
