2026-08-17 20:31:54.420 [http-nio-8081-exec-33] INFO  c.m.d.p.application.PaymentService [traceId=93234a99-aefc-4271-9045-1e4e16412195] - [PaymentService] 결제 완료 검증 성공: paymentId=MCJ-1-b724384b3e4846deb8d0, userId=54, participationId=581, elapsedMs=847
2026-08-17 20:31:54.684 [http-nio-8081-exec-38] INFO  c.m.d.p.application.PaymentService [traceId=c901ade5-a711-40dd-bd5e-3d27ff23d4d8] - [PaymentService] 결제 완료 검증 성공: paymentId=MCJ-1-759b666c9d014c0d9781, userId=44, participationId=582, elapsedMs=1112
2026-08-17 20:31:54.974 [http-nio-8081-exec-17] INFO  c.m.d.p.application.PaymentService [traceId=3ab441d3-24c6-4d45-b910-6157d9945ef5] - [PaymentService] 결제 완료 검증 성공: paymentId=MCJ-1-a52ecabd8f8e41d29733, userId=100, participationId=583, elapsedMs=1401
2026-08-17 20:31:55.496 [http-nio-8081-exec-9] INFO  c.m.d.p.application.PaymentService [traceId=6af68ad9-1efe-412a-b046-73f28dd04cda] - [PaymentService] 결제 완료 검증 성공: paymentId=MCJ-1-3b52e5bec42142309f11, userId=80, participationId=588, elapsedMs=1923
2026-08-17 20:31:55.523 [http-nio-8081-exec-35] INFO  c.m.d.p.application.PaymentService [traceId=223eecb9-ace2-4334-a515-e58d05669eef] - [PaymentService] 결제 완료 검증 성공: paymentId=MCJ-1-7fdda1a62e7d44d1a662, userId=50, participationId=589, elapsedMs=1947
2026-08-17 20:31:55.576 [http-nio-8081-exec-21] INFO  c.m.d.p.application.PaymentService [traceId=e74df5d3-d087-4c49-b0e7-bfab3b1717d5] - [PaymentService] 결제 완료 검증 성공: paymentId=MCJ-1-0abb71e745074e7fa250, userId=84, participationId=591, elapsedMs=2003
2026-08-17 20:31:55.630 [http-nio-8081-exec-25] INFO  c.m.d.p.application.PaymentService [traceId=25a64e22-252a-45e1-8802-234c4848d2cf] - [PaymentService] 결제 완료 검증 성공: paymentId=MCJ-1-2cb240fa3ead447b9f49, userId=76, participationId=593, elapsedMs=2057
2026-08-17 20:31:55.731 [http-nio-8081-exec-3] INFO  c.m.d.p.application.PaymentService [traceId=3a4f0d04-c954-4f08-a4db-820865500874] - [PaymentService] 결제 완료 검증 성공: paymentId=MCJ-1-a074ee7917c549129a36, userId=4, participationId=596, elapsedMs=2155
2026-08-17 20:31:55.769 [http-nio-8081-exec-44] INFO  c.m.d.p.application.PaymentService [traceId=832c7ae0-c89d-4d90-929a-9752cb1436b1] - [PaymentService] 결제 완료 검증 성공: paymentId=MCJ-1-0dbb66baf4d144209fd9, userId=28, participationId=598, elapsedMs=2193
2026-08-17 20:31:55.788 [http-nio-8081-exec-41] INFO  c.m.d.p.application.PaymentService [traceId=fb5f8e70-3d4c-4253-acbe-d017546ba602] - [PaymentService] 결제 완료 검증 성공: paymentId=MCJ-1-cd35f037b04d4a61b295, userId=40, participationId=599, elapsedMs=2215
2026-08-17 20:31:55.840 [http-nio-8081-exec-46] INFO  c.m.d.p.application.PaymentService [traceId=a0cfd2e1-1496-4d68-9daa-6c7b1bd814b5] - [PaymentService] 결제 완료 검증 성공: paymentId=MCJ-1-a67f99e076fd47fd9994, userId=20, participationId=601, elapsedMs=2267
2026-08-17 20:31:55.883 [http-nio-8081-exec-4] INFO  c.m.d.p.application.PaymentService [traceId=30d459b9-e30b-4bdf-810a-4af6e5652f13] - [PaymentService] 결제 완료 검증 성공: paymentId=MCJ-1-e05fdc7fc8354b67b4e9, userId=66, participationId=603, elapsedMs=2307
2026-08-17 20:31:55.925 [http-nio-8081-exec-15] INFO  c.m.d.p.application.PaymentService [traceId=1aba0e6d-48ab-460f-9a04-629e36649387] - [PaymentService] 결제 완료 검증 성공: paymentId=MCJ-1-7a0319ac08584a68897e, userId=8, participationId=605, elapsedMs=2352
2026-08-17 20:31:55.944 [http-nio-8081-exec-11] INFO  c.m.d.p.application.PaymentService [traceId=5fe8cb65-03b0-45ed-9d8f-589c7ec9a52a] - [PaymentService] 결제 완료 검증 성공: paymentId=MCJ-1-387d2d878f7a4f7c8baf, userId=14, participationId=606, elapsedMs=2372
2026-08-17 20:31:55.982 [http-nio-8081-exec-27] INFO  c.m.d.p.application.PaymentService [traceId=5ba58c99-963d-4630-9c0e-978096116542] - [PaymentService] 결제 완료 검증 성공: paymentId=MCJ-1-8075c470ce1e47338cc3, userId=64, participationId=608, elapsedMs=2410
2026-08-17 20:31:56.042 [http-nio-8081-exec-30] INFO  c.m.d.p.application.PaymentService [traceId=63c62e49-0e10-4c9f-848c-e7d154ddcae3] - [PaymentService] 결제 완료 검증 성공: paymentId=MCJ-1-edbc8884b0ed4a869ea4, userId=60, participationId=611, elapsedMs=2469
2026-08-17 20:31:56.084 [http-nio-8081-exec-13] INFO  c.m.d.p.application.PaymentService [traceId=d066d99c-fef7-4258-bb6b-81a4e0bb07ee] - [PaymentService] 결제 완료 검증 성공: paymentId=MCJ-1-0ed6627785384d9c8d3d, userId=6, participationId=613, elapsedMs=2508
2026-08-17 20:31:56.129 [http-nio-8081-exec-22] INFO  c.m.d.p.application.PaymentService [traceId=6fbdab14-f8a1-4350-800b-7d32aa909d28] - [PaymentService] 결제 완료 검증 성공: paymentId=MCJ-1-6064892aa0cb48a196d4, userId=82, participationId=615, elapsedMs=2556
2026-08-17 20:31:56.144 [http-nio-8081-exec-34] INFO  c.m.d.p.application.PaymentService [traceId=e8b353c5-cdcb-4e02-a40b-53a479eeac60] - [PaymentService] 결제 완료 검증 성공: paymentId=MCJ-1-28d72ad64ad443408ffe, userId=52, participationId=616, elapsedMs=2572
2026-08-17 20:31:56.185 [http-nio-8081-exec-43] INFO  c.m.d.p.application.PaymentService [traceId=ec580e95-32b2-4df4-9491-d801bf72b8f6] - [PaymentService] 결제 완료 검증 성공: paymentId=MCJ-1-5b8bef01eae048faabf0, userId=32, participationId=618, elapsedMs=2613
2026-08-17 20:31:56.232 [http-nio-8081-exec-18] INFO  c.m.d.p.application.PaymentService [traceId=2b199187-5d14-4b19-b618-3da28135acdb] - [PaymentService] 결제 완료 검증 성공: paymentId=MCJ-1-176459b5872d4a858cb2, userId=94, participationId=620, elapsedMs=2659
2026-08-17 20:31:56.245 [http-nio-8081-exec-1] INFO  c.m.d.p.application.PaymentService [traceId=a3d61304-d1d2-47fa-8a83-1f3c14863202] - [PaymentService] 결제 완료 검증 성공: paymentId=MCJ-1-1be471ef8d894adf8a3a, userId=90, participationId=621, elapsedMs=2670
2026-08-17 20:31:56.285 [http-nio-8081-exec-32] INFO  c.m.d.p.application.PaymentService [traceId=7e98ddf6-1c6c-4c41-9879-0615d9f08646] - [PaymentService] 결제 완료 검증 성공: paymentId=MCJ-1-9921ce89fbf442609379, userId=56, participationId=623, elapsedMs=2712
2026-08-17 20:31:56.297 [http-nio-8081-exec-40] INFO  c.m.d.p.application.PaymentService [traceId=2c7da324-8f08-4c36-993e-e7ff3a564a5b] - [PaymentService] 결제 완료 검증 성공: paymentId=MCJ-1-0c0053d2a65840739922, userId=38, participationId=624, elapsedMs=2724
2026-08-17 20:31:56.347 [http-nio-8081-exec-6] INFO  c.m.d.p.application.PaymentService [traceId=ca287e9f-d4f5-4a1c-8988-cab08e9ec012] - [PaymentService] 결제 완료 검증 성공: paymentId=MCJ-1-ba3ac6fc3dc644409104, userId=34, participationId=627, elapsedMs=2774
2026-08-17 20:31:56.470 [http-nio-8081-exec-10] INFO  c.m.d.p.application.PaymentService [traceId=4df4a191-64b3-48c3-9229-8fdcff7b6b3a] - [PaymentService] 결제 완료 검증 성공: paymentId=MCJ-1-2fab656b25944298bb8c, userId=12, participationId=630, elapsedMs=2894
2026-08-17 20:31:56.618 [http-nio-8081-exec-31] INFO  c.m.d.p.application.PaymentService [traceId=c975a9d9-6c4f-44e6-9121-91a9895b5fa0] - [PaymentService] 결제 완료 검증 성공: paymentId=MCJ-1-c879320e4f444f799d59, userId=58, participationId=634, elapsedMs=3042
2026-08-17 20:31:56.677 [http-nio-8081-exec-45] INFO  c.m.d.p.application.PaymentService [traceId=f9bd9ada-ad87-4192-a15e-e8c5287f87e1] - [PaymentService] 결제 완료 검증 성공: paymentId=MCJ-1-87f746492b89455fa68f, userId=16, participationId=636, elapsedMs=3101
2026-08-17 20:31:56.819 [http-nio-8081-exec-14] INFO  c.m.d.p.application.PaymentService [traceId=f0a5de89-d817-4904-8518-83173afb7ea8] - [PaymentService] 결제 완료 검증 성공: paymentId=MCJ-1-4143f4f4901848e4bafe, userId=92, participationId=641, elapsedMs=3247
2026-08-17 20:31:56.842 [http-nio-8081-exec-26] INFO  c.m.d.p.application.PaymentService [traceId=b9dcc74a-2dee-48bc-b84b-28d962a378a8] - [PaymentService] 결제 완료 검증 성공: paymentId=MCJ-1-df2dc17aeee64b3cb128, userId=70, participationId=642, elapsedMs=3269
2026-08-17 20:31:56.932 [http-nio-8081-exec-29] INFO  c.m.d.p.application.PaymentService [traceId=f3dd8ac1-810a-43b9-8fb2-df7fd34c5f9d] - [PaymentService] 결제 완료 검증 성공: paymentId=MCJ-1-c36831b58f26461e8f8b, userId=62, participationId=645, elapsedMs=3356
2026-08-17 20:31:56.981 [http-nio-8081-exec-5] INFO  c.m.d.p.application.PaymentService [traceId=08d40584-2af3-4635-8e06-e4a9f6c153d3] - [PaymentService] 결제 완료 검증 성공: paymentId=MCJ-1-38883189b22f4a3881b9, userId=30, participationId=647, elapsedMs=3409
2026-08-17 20:31:57.034 [http-nio-8081-exec-42] INFO  c.m.d.p.application.PaymentService [traceId=5ef04e0f-36c6-4327-a7b5-49b4ba62e2f2] - [PaymentService] 결제 완료 검증 성공: paymentId=MCJ-1-bc5b4c8828a74c358840, userId=36, participationId=649, elapsedMs=3461
2026-08-17 20:31:57.078 [http-nio-8081-exec-8] INFO  c.m.d.p.application.PaymentService [traceId=9ef09e99-775e-4535-b34d-309c7d5a01d7] - [PaymentService] 결제 완료 검증 성공: paymentId=MCJ-1-07049767c01240c7bb7c, userId=18, participationId=651, elapsedMs=3502
2026-08-17 20:31:57.099 [http-nio-8081-exec-36] INFO  c.m.d.p.application.PaymentService [traceId=0f037f15-0a87-4c12-b1fd-dd5530d26527] - [PaymentService] 결제 완료 검증 성공: paymentId=MCJ-1-1391d84421b74ff192cd, userId=48, participationId=652, elapsedMs=3526
2026-08-17 20:31:57.139 [http-nio-8081-exec-39] INFO  c.m.d.p.application.PaymentService [traceId=f11965fb-0db2-4bc1-a829-992c4e244ce3] - [PaymentService] 결제 완료 검증 성공: paymentId=MCJ-1-1419fba3b96f4beb96ad, userId=42, participationId=654, elapsedMs=3564
2026-08-17 20:31:57.245 [http-nio-8081-exec-48] INFO  c.m.d.p.application.PaymentService [traceId=f8227af7-0d7f-4cd5-8e85-f5f96d3aa0da] - [PaymentService] 결제 완료 검증 성공: paymentId=MCJ-1-bfcf13434a3147e38c74, userId=2, participationId=657, elapsedMs=3672
2026-08-17 20:31:57.296 [http-nio-8081-exec-24] INFO  c.m.d.p.application.PaymentService [traceId=fdef1ed0-d2d2-4c61-b914-348e9c9c2528] - [PaymentService] 결제 완료 검증 성공: paymentId=MCJ-1-1eae783409ef4ff1b6ee, userId=74, participationId=659, elapsedMs=3723
2026-08-17 20:31:57.350 [http-nio-8081-exec-16] INFO  c.m.d.p.application.PaymentService [traceId=0d78e13b-6332-4971-8a6d-e62d1dfd2955] - [PaymentService] 결제 완료 검증 성공: paymentId=MCJ-1-9f1c8d2d647d4de4b46d, userId=96, participationId=661, elapsedMs=3774
2026-08-17 20:31:57.389 [http-nio-8081-exec-12] INFO  c.m.d.p.application.PaymentService [traceId=0ca631fa-faab-43e1-8c75-2dc46eecca55] - [PaymentService] 결제 완료 검증 성공: paymentId=MCJ-1-d9dd4f4c11934eaeab19, userId=10, participationId=663, elapsedMs=3813
2026-08-17 20:31:57.409 [http-nio-8081-exec-37] INFO  c.m.d.p.application.PaymentService [traceId=08801072-28a7-4174-8a00-18afbcaf1951] - [PaymentService] 결제 완료 검증 성공: paymentId=MCJ-1-eccc2f20e5544022a285, userId=46, participationId=664, elapsedMs=3833
2026-08-17 20:31:57.459 [http-nio-8081-exec-20] INFO  c.m.d.p.application.PaymentService [traceId=f9ddd6b3-df91-427c-bcd8-8c7a442a8ab2] - [PaymentService] 결제 완료 검증 성공: paymentId=MCJ-1-a042d876c0784a72ae91, userId=88, participationId=666, elapsedMs=3884
2026-08-17 20:31:57.531 [http-nio-8081-exec-7] INFO  c.m.d.p.application.PaymentService [traceId=c2764db0-2775-46dd-b5f5-38c834f33553] - [PaymentService] 결제 완료 검증 성공: paymentId=MCJ-1-37bc80b7c1b54f5aa7ee, userId=24, participationId=668, elapsedMs=3955
2026-08-17 20:31:57.564 [http-nio-8081-exec-28] INFO  c.m.d.p.application.PaymentService [traceId=ad429d49-612a-4820-b341-c804474999f4] - [PaymentService] 결제 완료 검증 성공: paymentId=MCJ-1-b0fe03a5973d4e768e1a, userId=68, participationId=669, elapsedMs=3991
2026-08-17 20:31:57.613 [http-nio-8081-exec-23] INFO  c.m.d.p.application.PaymentService [traceId=6f9ecb7f-75db-48d7-bbd1-437aa994f92d] - [PaymentService] 결제 완료 검증 성공: paymentId=MCJ-1-28845490f2c2487ea32e, userId=78, participationId=671, elapsedMs=4039
2026-08-17 20:31:57.670 [http-nio-8081-exec-47] INFO  c.m.d.p.application.PaymentService [traceId=3d04b1da-1ac7-47eb-bf1e-5abd3a6982c0] - [PaymentService] 결제 완료 검증 성공: paymentId=MCJ-1-d6b566c29fb04fb393ac, userId=26, participationId=673, elapsedMs=4097
2026-08-17 20:31:57.722 [http-nio-8081-exec-2] INFO  c.m.d.p.application.PaymentService [traceId=a7f425df-d676-42bf-8e6b-0915e6417e48] - [PaymentService] 결제 완료 검증 성공: paymentId=MCJ-1-feeb9ab831ff4a26bcb2, userId=72, participationId=675, elapsedMs=4146
2026-08-17 20:31:57.792 [http-nio-8081-exec-19] INFO  c.m.d.p.application.PaymentService [traceId=ae7b006c-5b30-41ce-911d-1b6ee0da7b8e] - [PaymentService] 결제 완료 검증 성공: paymentId=MCJ-1-93eed03da963489694c7, userId=86, participationId=676, elapsedMs=4218
2026-08-17 20:31:57.994 [http-nio-8081-exec-49] INFO  c.m.d.p.application.PaymentService [traceId=aeb59f62-581a-44e9-b0ff-9ae78f9a848e] - [PaymentService] 결제 완료 검증 성공: paymentId=MCJ-1-6fe2cb104fe44b17bac1, userId=98, participationId=679, elapsedMs=4421
2026-08-17 20:31:58.053 [http-nio-8081-exec-50] INFO  c.m.d.p.application.PaymentService [traceId=e158757e-5f3a-46fc-8418-7f32af5f8aaf] - [PaymentService] 결제 완료 검증 성공: paymentId=MCJ-1-43e13fcbf59e4f00b0ab, userId=22, participationId=680, elapsedMs=4480
2026-08-17 20:31:55.261 [http-nio-8082-exec-12] INFO  c.m.d.p.application.PaymentService [traceId=c20b2ab0-3069-4ae9-8d91-8c1b258380cf] - [PaymentService] 결제 완료 검증 성공: paymentId=MCJ-1-8c084ede5bf94f29986b, userId=93, participationId=584, elapsedMs=816
2026-08-17 20:31:55.307 [http-nio-8082-exec-39] INFO  c.m.d.p.application.PaymentService [traceId=0a700709-7707-43e5-b88f-6891b4d34967] - [PaymentService] 결제 완료 검증 성공: paymentId=MCJ-1-e02855f37a5546bea40e, userId=17, participationId=585, elapsedMs=720
2026-08-17 20:31:55.400 [http-nio-8082-exec-29] INFO  c.m.d.p.application.PaymentService [traceId=e9656753-fd31-40d6-bd56-14c72cf08e2e] - [PaymentService] 결제 완료 검증 성공: paymentId=MCJ-1-be78fd3ff2aa4fb5b5c5, userId=89, participationId=586, elapsedMs=827
2026-08-17 20:31:55.445 [http-nio-8082-exec-42] INFO  c.m.d.p.application.PaymentService [traceId=81dd152d-e378-4855-bee7-3f35f347876d] - [PaymentService] 결제 완료 검증 성공: paymentId=MCJ-1-7c07b8c484444840b680, userId=9, participationId=587, elapsedMs=1005
2026-08-17 20:31:55.550 [http-nio-8082-exec-24] INFO  c.m.d.p.application.PaymentService [traceId=c7570cf2-f709-4d2f-a5c6-1d22ccf9d89a] - [PaymentService] 결제 완료 검증 성공: paymentId=MCJ-1-80489fadc6f14627a8ec, userId=83, participationId=590, elapsedMs=1106
2026-08-17 20:31:55.605 [http-nio-8082-exec-47] INFO  c.m.d.p.application.PaymentService [traceId=8b16cf19-3779-46d0-85b5-99031937fa1a] - [PaymentService] 결제 완료 검증 성공: paymentId=MCJ-1-e6ca73258fe940028f78, userId=53, participationId=592, elapsedMs=1160
2026-08-17 20:31:55.672 [http-nio-8082-exec-44] INFO  c.m.d.p.application.PaymentService [traceId=cdc4614f-650a-4c36-82e8-9709b75974f9] - [PaymentService] 결제 완료 검증 성공: paymentId=MCJ-1-47a97dd7c43349758aa2, userId=49, participationId=594, elapsedMs=1231
2026-08-17 20:31:55.698 [http-nio-8082-exec-26] INFO  c.m.d.p.application.PaymentService [traceId=c72cf5b4-c7e1-4f36-9c30-06211cbaa783] - [PaymentService] 결제 완료 검증 성공: paymentId=MCJ-1-922ce01d9a274f0288b6, userId=71, participationId=595, elapsedMs=1139
2026-08-17 20:31:55.751 [http-nio-8082-exec-11] INFO  c.m.d.p.application.PaymentService [traceId=811ae541-80ad-4584-8377-90ebeb65258e] - [PaymentService] 결제 완료 검증 성공: paymentId=MCJ-1-6744cede4c8440b0bdcc, userId=75, participationId=597, elapsedMs=1309
2026-08-17 20:31:55.817 [http-nio-8082-exec-13] INFO  c.m.d.p.application.PaymentService [traceId=634bd03f-d157-4245-9eb0-1efdb8540cfb] - [PaymentService] 결제 완료 검증 성공: paymentId=MCJ-1-c5f58b763f0b4a72985b, userId=11, participationId=600, elapsedMs=1376
2026-08-17 20:31:55.863 [http-nio-8082-exec-23] INFO  c.m.d.p.application.PaymentService [traceId=c50957ea-f9f9-446d-ab50-391ef0afb264] - [PaymentService] 결제 완료 검증 성공: paymentId=MCJ-1-a9b5e08d77f148ecb4ac, userId=85, participationId=602, elapsedMs=1419
2026-08-17 20:31:55.907 [http-nio-8082-exec-10] INFO  c.m.d.p.application.PaymentService [traceId=ec33cb91-23e5-4d2d-baae-48d6dba85cd9] - [PaymentService] 결제 완료 검증 성공: paymentId=MCJ-1-bbb2218c167f46ddafb2, userId=7, participationId=604, elapsedMs=1320
2026-08-17 20:31:55.967 [http-nio-8082-exec-35] INFO  c.m.d.p.application.PaymentService [traceId=04285a2d-dd43-4bbb-800c-50350001ae08] - [PaymentService] 결제 완료 검증 성공: paymentId=MCJ-1-d8d78996a62c48d68c9c, userId=33, participationId=607, elapsedMs=1523
2026-08-17 20:31:56.004 [http-nio-8082-exec-45] INFO  c.m.d.p.application.PaymentService [traceId=ab9e3993-6f84-4211-b3b7-04a364163ca9] - [PaymentService] 결제 완료 검증 성공: paymentId=MCJ-1-02b113e8b5ca43a2969f, userId=47, participationId=609, elapsedMs=1559
2026-08-17 20:31:56.022 [http-nio-8082-exec-6] INFO  c.m.d.p.application.PaymentService [traceId=c1758c37-1769-45ae-bfdf-d03459cf80e8] - [PaymentService] 결제 완료 검증 성공: paymentId=MCJ-1-239a97aa9eb548208fde, userId=97, participationId=610, elapsedMs=1581
2026-08-17 20:31:56.062 [http-nio-8082-exec-33] INFO  c.m.d.p.application.PaymentService [traceId=897a120c-b6ad-4ac8-a3be-5654b8b414ca] - [PaymentService] 결제 완료 검증 성공: paymentId=MCJ-1-b74f21bc743442e2b3fd, userId=23, participationId=612, elapsedMs=1619
2026-08-17 20:31:56.109 [http-nio-8082-exec-21] INFO  c.m.d.p.application.PaymentService [traceId=3584ebaf-dac4-4c0c-ac05-e5f8c996f327] - [PaymentService] 결제 완료 검증 성공: paymentId=MCJ-1-de873273e4e24b849c41, userId=79, participationId=614, elapsedMs=1597
2026-08-17 20:31:56.167 [http-nio-8082-exec-32] INFO  c.m.d.p.application.PaymentService [traceId=b04270b7-daff-4413-a8df-dfd47d84747a] - [PaymentService] 결제 완료 검증 성공: paymentId=MCJ-1-6f34d90c085246e6a198, userId=55, participationId=617, elapsedMs=1154
2026-08-17 20:31:56.213 [http-nio-8082-exec-49] INFO  c.m.d.p.application.PaymentService [traceId=04fa6789-2ef2-45a2-b20b-c9786ab106b0] - [PaymentService] 결제 완료 검증 성공: paymentId=MCJ-1-a901e69407f5474883cf, userId=15, participationId=619, elapsedMs=1626
2026-08-17 20:31:56.270 [http-nio-8082-exec-8] INFO  c.m.d.p.application.PaymentService [traceId=0da57b91-b97f-48dc-a0ec-ad81f2233b53] - [PaymentService] 결제 완료 검증 성공: paymentId=MCJ-1-9967e7a1d0f945ab8e65, userId=45, participationId=622, elapsedMs=1827
2026-08-17 20:31:56.315 [http-nio-8082-exec-48] INFO  c.m.d.p.application.PaymentService [traceId=fea59400-0d76-41fd-96d4-fcb314e15ae9] - [PaymentService] 결제 완료 검증 성공: paymentId=MCJ-1-372f056e146746d7be61, userId=19, participationId=625, elapsedMs=1732
2026-08-17 20:31:56.331 [http-nio-8082-exec-40] INFO  c.m.d.p.application.PaymentService [traceId=dc6ee190-1f32-4d67-b6c5-a2399b887f3f] - [PaymentService] 결제 완료 검증 성공: paymentId=MCJ-1-f9710c46eb534209b580, userId=41, participationId=626, elapsedMs=1789
2026-08-17 20:31:56.367 [http-nio-8082-exec-31] INFO  c.m.d.p.application.PaymentService [traceId=a6e75aeb-6f9a-4b3a-b938-811749a11534] - [PaymentService] 결제 완료 검증 성공: paymentId=MCJ-1-cb8c383002c443cb968b, userId=65, participationId=628, elapsedMs=1829
2026-08-17 20:31:56.387 [http-nio-8082-exec-36] INFO  c.m.d.p.application.PaymentService [traceId=c55d5123-853a-4c50-aa67-5b12cf21391c] - [PaymentService] 결제 완료 검증 성공: paymentId=MCJ-1-c02176d9256441b5898a, userId=37, participationId=629, elapsedMs=1947
2026-08-17 20:31:56.508 [http-nio-8082-exec-28] INFO  c.m.d.p.application.PaymentService [traceId=c99f339c-c89c-4ee2-a921-7a04d891aa83] - [PaymentService] 결제 완료 검증 성공: paymentId=MCJ-1-9a32ce360f664cd7ae3a, userId=77, participationId=631, elapsedMs=1492
2026-08-17 20:31:56.554 [http-nio-8082-exec-14] INFO  c.m.d.p.application.PaymentService [traceId=7af71148-1285-424d-8623-2686ac2d5356] - [PaymentService] 결제 완료 검증 성공: paymentId=MCJ-1-5b0be3176d31412a941b, userId=101, participationId=632, elapsedMs=2110
2026-08-17 20:31:56.596 [http-nio-8082-exec-19] INFO  c.m.d.p.application.PaymentService [traceId=a0ce3b29-6c07-44a3-8a0a-67e82f2caf34] - [PaymentService] 결제 완료 검증 성공: paymentId=MCJ-1-e56a6855a00f4b95b386, userId=69, participationId=633, elapsedMs=2008
2026-08-17 20:31:56.646 [http-nio-8082-exec-17] INFO  c.m.d.p.application.PaymentService [traceId=c693e622-109d-4eda-a2a7-3282b999f0ae] - [PaymentService] 결제 완료 검증 성공: paymentId=MCJ-1-47768fbeb120460aae41, userId=81, participationId=635, elapsedMs=2089
2026-08-17 20:31:56.722 [http-nio-8082-exec-30] INFO  c.m.d.p.application.PaymentService [traceId=cb2c16f7-075c-4a6d-9c7c-15b0d5981c75] - [PaymentService] 결제 완료 검증 성공: paymentId=MCJ-1-b2ba6e2ebf144082b865, userId=59, participationId=637, elapsedMs=2278
2026-08-17 20:31:56.747 [http-nio-8082-exec-41] INFO  c.m.d.p.application.PaymentService [traceId=2f0fabf5-05d0-4120-817a-aa1e7cdaa698] - [PaymentService] 결제 완료 검증 성공: paymentId=MCJ-1-14d874bf03984299b8b4, userId=29, participationId=638, elapsedMs=2302
2026-08-17 20:31:56.766 [http-nio-8082-exec-18] INFO  c.m.d.p.application.PaymentService [traceId=2b94c05a-aa83-4bc5-9507-c31d2e744b2d] - [PaymentService] 결제 완료 검증 성공: paymentId=MCJ-1-ec901e1919ed42fda45f, userId=57, participationId=639, elapsedMs=2323
2026-08-17 20:31:56.797 [http-nio-8082-exec-1] INFO  c.m.d.p.application.PaymentService [traceId=d41efb81-f1cf-4c2a-a170-fde3e31ef06e] - [PaymentService] 결제 완료 검증 성공: paymentId=MCJ-1-51442a68535a4532bf62, userId=61, participationId=640, elapsedMs=1859
2026-08-17 20:31:56.871 [http-nio-8082-exec-15] INFO  c.m.d.p.application.PaymentService [traceId=77bc3b2d-a006-4f36-b5e2-5e615193039f] - [PaymentService] 결제 완료 검증 성공: paymentId=MCJ-1-63c69244e4ce43918c6d, userId=95, participationId=643, elapsedMs=2431
2026-08-17 20:31:56.902 [http-nio-8082-exec-25] INFO  c.m.d.p.application.PaymentService [traceId=6296159e-3ede-4dff-9bcc-f101d6c605d1] - [PaymentService] 결제 완료 검증 성공: paymentId=MCJ-1-395d4cd6d68a4325a39d, userId=67, participationId=644, elapsedMs=2457
2026-08-17 20:31:56.959 [http-nio-8082-exec-22] INFO  c.m.d.p.application.PaymentService [traceId=7d5b77fd-f0b8-4428-8afc-9ae1e443df34] - [PaymentService] 결제 완료 검증 성공: paymentId=MCJ-1-3e93a532cce447d58388, userId=87, participationId=646, elapsedMs=2420
2026-08-17 20:31:57.010 [http-nio-8082-exec-2] INFO  c.m.d.p.application.PaymentService [traceId=9591247c-6d8f-48a3-9e45-3212d7b09385] - [PaymentService] 결제 완료 검증 성공: paymentId=MCJ-1-c1d964a18f0f4480958c, userId=27, participationId=648, elapsedMs=2429
2026-08-17 20:31:57.060 [http-nio-8082-exec-3] INFO  c.m.d.p.application.PaymentService [traceId=0af610c5-d944-4e94-abc8-d82688f5ae11] - [PaymentService] 결제 완료 검증 성공: paymentId=MCJ-1-cfaca91efab94d4fa2f1, userId=39, participationId=650, elapsedMs=2616
2026-08-17 20:31:57.116 [http-nio-8082-exec-43] INFO  c.m.d.p.application.PaymentService [traceId=7b8cdca1-452b-4219-8c69-10a9fa46d3ed] - [PaymentService] 결제 완료 검증 성공: paymentId=MCJ-1-31c874155b934b3fa8da, userId=35, participationId=653, elapsedMs=2673
2026-08-17 20:31:57.178 [http-nio-8082-exec-46] INFO  c.m.d.p.application.PaymentService [traceId=4c99026b-ae42-404b-8a46-2998c4b84ba8] - [PaymentService] 결제 완료 검증 성공: paymentId=MCJ-1-0f7677471b834ad3bcb0, userId=43, participationId=655, elapsedMs=2734
2026-08-17 20:31:57.221 [http-nio-8082-exec-5] INFO  c.m.d.p.application.PaymentService [traceId=c2e36590-464e-4fee-982c-5cad70629aba] - [PaymentService] 결제 완료 검증 성공: paymentId=MCJ-1-fed62453ca9340248303, userId=3, participationId=656, elapsedMs=2777
2026-08-17 20:31:57.269 [http-nio-8082-exec-20] INFO  c.m.d.p.application.PaymentService [traceId=bde26bf2-e6b8-401f-900e-92eb9a5243aa] - [PaymentService] 결제 완료 검증 성공: paymentId=MCJ-1-174ccd44229f44529cd9, userId=91, participationId=658, elapsedMs=2824
2026-08-17 20:31:57.323 [http-nio-8082-exec-16] INFO  c.m.d.p.application.PaymentService [traceId=dc9ed303-bd49-43db-9c5c-a7562b150bb2] - [PaymentService] 결제 완료 검증 성공: paymentId=MCJ-1-21944005c92a4f52bbc8, userId=73, participationId=660, elapsedMs=2882
2026-08-17 20:31:57.372 [http-nio-8082-exec-34] INFO  c.m.d.p.application.PaymentService [traceId=c48d0f2c-f1bd-4cb5-ad8c-0041d1b6738b] - [PaymentService] 결제 완료 검증 성공: paymentId=MCJ-1-8abebb538c674543a9ba, userId=25, participationId=662, elapsedMs=2908
2026-08-17 20:31:57.431 [http-nio-8082-exec-7] INFO  c.m.d.p.application.PaymentService [traceId=3e2dbd87-5401-42fc-bf6c-9a73c3dbebce] - [PaymentService] 결제 완료 검증 성공: paymentId=MCJ-1-f7f9b77b34204e6ebcda, userId=51, participationId=665, elapsedMs=2990
2026-08-17 20:31:57.486 [http-nio-8082-exec-37] INFO  c.m.d.p.application.PaymentService [traceId=93ec580a-eefb-458b-93cb-6e2acb3692c8] - [PaymentService] 결제 완료 검증 성공: paymentId=MCJ-1-5b9b7305468d4deab8f6, userId=21, participationId=667, elapsedMs=2970
2026-08-17 20:31:57.587 [http-nio-8082-exec-38] INFO  c.m.d.p.application.PaymentService [traceId=7d9334fe-793c-4655-b497-9b39fe3f936c] - [PaymentService] 결제 완료 검증 성공: paymentId=MCJ-1-80e3efc9f98044898cef, userId=31, participationId=670, elapsedMs=3146
2026-08-17 20:31:57.640 [http-nio-8082-exec-4] INFO  c.m.d.p.application.PaymentService [traceId=30cdb323-2230-42be-b34e-4e56bbc75051] - [PaymentService] 결제 완료 검증 성공: paymentId=MCJ-1-1c30c756ac8940b2a0a7, userId=5, participationId=672, elapsedMs=3053
2026-08-17 20:31:57.690 [http-nio-8082-exec-27] INFO  c.m.d.p.application.PaymentService [traceId=b33125c2-221f-4881-bd10-ec73a2752fa5] - [PaymentService] 결제 완료 검증 성공: paymentId=MCJ-1-17e17999a6bd4c6ca6e5, userId=63, participationId=674, elapsedMs=3250
2026-08-17 20:31:57.883 [http-nio-8082-exec-9] INFO  c.m.d.p.application.PaymentService [traceId=398fb283-16e8-45ff-a535-cd0540def5f7] - [PaymentService] 결제 완료 검증 성공: paymentId=MCJ-1-7e390b23b94a463f87ab, userId=99, participationId=677, elapsedMs=3370
2026-08-17 20:31:57.942 [http-nio-8082-exec-50] INFO  c.m.d.p.application.PaymentService [traceId=550f519c-7be0-4861-a0d2-3df8f4e96767] - [PaymentService] 결제 완료 검증 성공: paymentId=MCJ-1-f4e7ba4c63a24c698b5d, userId=13, participationId=678, elapsedMs=3407
