2026-08-17 15:51:10.304 [http-nio-8081-exec-2] WARN  c.m.d.p.application.PaymentService [traceId=cc24a56c-d829-4954-87b9-8ac7a407753d] - [PaymentService][Experiment] fake PG payment result used: scenario=lock-released-before-commit, paymentId=MCJ-1-43614308c645470c9d73, status=PAID
2026-08-17 15:51:10.305 [http-nio-8081-exec-5] WARN  c.m.d.p.application.PaymentService [traceId=ee7c940c-8c14-4730-814f-fecd3103491d] - [PaymentService][Experiment] fake PG payment result used: scenario=lock-released-before-commit, paymentId=MCJ-1-c403559eb5a146d49b13, status=PAID
2026-08-17 15:51:10.305 [http-nio-8081-exec-3] WARN  c.m.d.p.application.PaymentService [traceId=85ec6bfe-e3bb-4247-a3d3-1f925a97fbc5] - [PaymentService][Experiment] fake PG payment result used: scenario=lock-released-before-commit, paymentId=MCJ-1-fb012a203047489292f0, status=PAID
2026-08-17 15:51:10.305 [http-nio-8081-exec-6] WARN  c.m.d.p.application.PaymentService [traceId=835a914a-691c-4a36-adcf-8fe3b8735276] - [PaymentService][Experiment] fake PG payment result used: scenario=lock-released-before-commit, paymentId=MCJ-1-143cb8ee8b6540ff963e, status=PAID
2026-08-17 15:51:10.305 [http-nio-8081-exec-1] WARN  c.m.d.p.application.PaymentService [traceId=4ffa9020-bc26-4de1-9ef7-78fba28510d5] - [PaymentService][Experiment] fake PG payment result used: scenario=lock-released-before-commit, paymentId=MCJ-1-46f86260737546e0b177, status=PAID
2026-08-17 15:51:10.306 [http-nio-8081-exec-4] WARN  c.m.d.p.application.PaymentService [traceId=1d6cab16-cb26-4841-83de-976d39d5d06c] - [PaymentService][Experiment] fake PG payment result used: scenario=lock-released-before-commit, paymentId=MCJ-1-5bbbe4e3a781412cb482, status=PAID
2026-08-17 15:51:10.305 [http-nio-8081-exec-10] WARN  c.m.d.p.application.PaymentService [traceId=b8313c1e-727e-4539-b2d7-b19c8c709bf4] - [PaymentService][Experiment] fake PG payment result used: scenario=lock-released-before-commit, paymentId=MCJ-1-6df87d3cec7e4df2b5f9, status=PAID
2026-08-17 15:51:10.306 [http-nio-8081-exec-7] WARN  c.m.d.p.application.PaymentService [traceId=55917cd8-e55d-492c-88e8-7aabc0dcc6f4] - [PaymentService][Experiment] fake PG payment result used: scenario=lock-released-before-commit, paymentId=MCJ-1-9756f0a7d08d4bc28a1c, status=PAID
2026-08-17 15:51:10.306 [http-nio-8081-exec-8] WARN  c.m.d.p.application.PaymentService [traceId=9d5cae02-eb28-4755-8f01-c527217aed95] - [PaymentService][Experiment] fake PG payment result used: scenario=lock-released-before-commit, paymentId=MCJ-1-781bcef113fd4aadb132, status=PAID
2026-08-17 15:51:10.307 [http-nio-8081-exec-9] WARN  c.m.d.p.application.PaymentService [traceId=0fd70686-5cf5-4962-8748-0abe8ae802c8] - [PaymentService][Experiment] fake PG payment result used: scenario=lock-released-before-commit, paymentId=MCJ-1-68846dc21b3f4968b625, status=PAID
2026-08-17 15:51:10.862 [http-nio-8081-exec-3] WARN  c.m.d.p.application.PaymentService [traceId=85ec6bfe-e3bb-4247-a3d3-1f925a97fbc5] - [PaymentService] 결제 완료 검증 실패: paymentId=MCJ-1-fb012a203047489292f0, userId=2, errorCode=GROUPBUY_LOCK_ACQUISITION_FAILED, elapsedMs=628
2026-08-17 15:51:10.862 [http-nio-8081-exec-5] WARN  c.m.d.p.application.PaymentService [traceId=ee7c940c-8c14-4730-814f-fecd3103491d] - [PaymentService] 결제 완료 검증 실패: paymentId=MCJ-1-c403559eb5a146d49b13, userId=12, errorCode=GROUPBUY_LOCK_ACQUISITION_FAILED, elapsedMs=628
2026-08-17 15:51:10.862 [http-nio-8081-exec-6] WARN  c.m.d.p.application.PaymentService [traceId=835a914a-691c-4a36-adcf-8fe3b8735276] - [PaymentService] 결제 완료 검증 실패: paymentId=MCJ-1-143cb8ee8b6540ff963e, userId=14, errorCode=GROUPBUY_LOCK_ACQUISITION_FAILED, elapsedMs=628
2026-08-17 15:51:10.862 [http-nio-8081-exec-10] WARN  c.m.d.p.application.PaymentService [traceId=b8313c1e-727e-4539-b2d7-b19c8c709bf4] - [PaymentService] 결제 완료 검증 실패: paymentId=MCJ-1-6df87d3cec7e4df2b5f9, userId=16, errorCode=GROUPBUY_LOCK_ACQUISITION_FAILED, elapsedMs=628
2026-08-17 15:51:10.865 [http-nio-8081-exec-9] WARN  c.m.d.p.application.PaymentService [traceId=0fd70686-5cf5-4962-8748-0abe8ae802c8] - [PaymentService] 결제 완료 검증 실패: paymentId=MCJ-1-68846dc21b3f4968b625, userId=10, errorCode=GROUPBUY_LOCK_ACQUISITION_FAILED, elapsedMs=631
2026-08-17 15:51:10.872 [http-nio-8081-exec-3] INFO  c.m.d.p.a.PaymentAuditLogService [traceId=85ec6bfe-e3bb-4247-a3d3-1f925a97fbc5] - [payment_audit] source=COMPLETE_API eventType=PAYMENT_FAILED result=failure orderId=MCJ-1-fb012a203047489292f0 pgPaymentId=null pgStatus=null previousOrderStatus=null currentOrderStatus=null reason=GROUPBUY_LOCK_ACQUISITION_FAILED
2026-08-17 15:51:10.874 [http-nio-8081-exec-10] INFO  c.m.d.p.a.PaymentAuditLogService [traceId=b8313c1e-727e-4539-b2d7-b19c8c709bf4] - [payment_audit] source=COMPLETE_API eventType=PAYMENT_FAILED result=failure orderId=MCJ-1-6df87d3cec7e4df2b5f9 pgPaymentId=null pgStatus=null previousOrderStatus=null currentOrderStatus=null reason=GROUPBUY_LOCK_ACQUISITION_FAILED
2026-08-17 15:51:10.874 [http-nio-8081-exec-5] INFO  c.m.d.p.a.PaymentAuditLogService [traceId=ee7c940c-8c14-4730-814f-fecd3103491d] - [payment_audit] source=COMPLETE_API eventType=PAYMENT_FAILED result=failure orderId=MCJ-1-c403559eb5a146d49b13 pgPaymentId=null pgStatus=null previousOrderStatus=null currentOrderStatus=null reason=GROUPBUY_LOCK_ACQUISITION_FAILED
2026-08-17 15:51:10.874 [http-nio-8081-exec-6] INFO  c.m.d.p.a.PaymentAuditLogService [traceId=835a914a-691c-4a36-adcf-8fe3b8735276] - [payment_audit] source=COMPLETE_API eventType=PAYMENT_FAILED result=failure orderId=MCJ-1-143cb8ee8b6540ff963e pgPaymentId=null pgStatus=null previousOrderStatus=null currentOrderStatus=null reason=GROUPBUY_LOCK_ACQUISITION_FAILED
2026-08-17 15:51:10.878 [http-nio-8081-exec-9] INFO  c.m.d.p.a.PaymentAuditLogService [traceId=0fd70686-5cf5-4962-8748-0abe8ae802c8] - [payment_audit] source=COMPLETE_API eventType=PAYMENT_FAILED result=failure orderId=MCJ-1-68846dc21b3f4968b625 pgPaymentId=null pgStatus=null previousOrderStatus=null currentOrderStatus=null reason=GROUPBUY_LOCK_ACQUISITION_FAILED
2026-08-17 15:51:10.943 [http-nio-8081-exec-1] INFO  c.m.d.p.application.PaymentService [traceId=4ffa9020-bc26-4de1-9ef7-78fba28510d5] - [PaymentService] 결제 완료 검증 성공: paymentId=MCJ-1-46f86260737546e0b177, userId=18, participationId=88, elapsedMs=709
2026-08-17 15:51:11.492 [http-nio-8081-exec-2] INFO  c.m.d.p.application.PaymentService [traceId=cc24a56c-d829-4954-87b9-8ac7a407753d] - [PaymentService] 결제 완료 검증 성공: paymentId=MCJ-1-43614308c645470c9d73, userId=6, participationId=89, elapsedMs=1258
2026-08-17 15:51:12.022 [http-nio-8081-exec-7] INFO  c.m.d.p.application.PaymentService [traceId=55917cd8-e55d-492c-88e8-7aabc0dcc6f4] - [PaymentService] 결제 완료 검증 성공: paymentId=MCJ-1-9756f0a7d08d4bc28a1c, userId=4, participationId=90, elapsedMs=1788
2026-08-17 15:51:12.571 [http-nio-8081-exec-4] INFO  c.m.d.p.application.PaymentService [traceId=1d6cab16-cb26-4841-83de-976d39d5d06c] - [PaymentService] 결제 완료 검증 성공: paymentId=MCJ-1-5bbbe4e3a781412cb482, userId=20, participationId=91, elapsedMs=2338
2026-08-17 15:51:13.095 [http-nio-8081-exec-8] INFO  c.m.d.p.application.PaymentService [traceId=9d5cae02-eb28-4755-8f01-c527217aed95] - [PaymentService] 결제 완료 검증 성공: paymentId=MCJ-1-781bcef113fd4aadb132, userId=8, participationId=92, elapsedMs=2861
2026-08-17 15:51:10.955 [http-nio-8082-exec-6] WARN  c.m.d.p.application.PaymentService [traceId=8ebbb02e-4d10-4ce9-83ea-0e1ad2600249] - [PaymentService][Experiment] fake PG payment result used: scenario=lock-released-before-commit, paymentId=MCJ-1-481e934a2287427786f7, status=PAID
2026-08-17 15:51:10.956 [http-nio-8082-exec-2] WARN  c.m.d.p.application.PaymentService [traceId=d006c687-5917-4d4a-873b-da6a83e07948] - [PaymentService][Experiment] fake PG payment result used: scenario=lock-released-before-commit, paymentId=MCJ-1-b2e6aa02e90a4ec0a838, status=PAID
2026-08-17 15:51:10.956 [http-nio-8082-exec-1] WARN  c.m.d.p.application.PaymentService [traceId=81256765-bfb5-4a2d-9790-09666f9ad0c0] - [PaymentService][Experiment] fake PG payment result used: scenario=lock-released-before-commit, paymentId=MCJ-1-628483b6dcb4406fbd0b, status=PAID
2026-08-17 15:51:10.956 [http-nio-8082-exec-4] WARN  c.m.d.p.application.PaymentService [traceId=d9bba6a4-d536-4505-a075-668fe2a8d0fe] - [PaymentService][Experiment] fake PG payment result used: scenario=lock-released-before-commit, paymentId=MCJ-1-ad695bd3c5f24b93b9c4, status=PAID
2026-08-17 15:51:10.956 [http-nio-8082-exec-5] WARN  c.m.d.p.application.PaymentService [traceId=c7542e19-63a3-48a9-8eac-4e675e83e20f] - [PaymentService][Experiment] fake PG payment result used: scenario=lock-released-before-commit, paymentId=MCJ-1-fefe122d03f74758b8c6, status=PAID
2026-08-17 15:51:10.956 [http-nio-8082-exec-9] WARN  c.m.d.p.application.PaymentService [traceId=2e01e8f5-0c4b-44ed-b062-ab0999795c7f] - [PaymentService][Experiment] fake PG payment result used: scenario=lock-released-before-commit, paymentId=MCJ-1-10280f77c33b48e09fdf, status=PAID
2026-08-17 15:51:10.957 [http-nio-8082-exec-3] WARN  c.m.d.p.application.PaymentService [traceId=314f3256-5023-425a-a442-b1968c6caa10] - [PaymentService][Experiment] fake PG payment result used: scenario=lock-released-before-commit, paymentId=MCJ-1-31754e04b4d04e1fbcb5, status=PAID
2026-08-17 15:51:10.957 [http-nio-8082-exec-8] WARN  c.m.d.p.application.PaymentService [traceId=0b7aef2e-ade1-4ae0-9144-c2584c17935b] - [PaymentService][Experiment] fake PG payment result used: scenario=lock-released-before-commit, paymentId=MCJ-1-369a38f19dfb4af6ad82, status=PAID
2026-08-17 15:51:10.957 [http-nio-8082-exec-7] WARN  c.m.d.p.application.PaymentService [traceId=279177b2-989e-4111-b990-9241a5da115e] - [PaymentService][Experiment] fake PG payment result used: scenario=lock-released-before-commit, paymentId=MCJ-1-69d202afe65748f393cc, status=PAID
2026-08-17 15:51:10.958 [http-nio-8082-exec-10] WARN  c.m.d.p.application.PaymentService [traceId=5c48424e-ee94-435a-bb9a-bfffd9b6a302] - [PaymentService][Experiment] fake PG payment result used: scenario=lock-released-before-commit, paymentId=MCJ-1-8dd42e936b6e4c609467, status=PAID
2026-08-17 15:51:11.515 [http-nio-8082-exec-1] WARN  c.m.d.p.application.PaymentService [traceId=81256765-bfb5-4a2d-9790-09666f9ad0c0] - [PaymentService] 결제 완료 검증 실패: paymentId=MCJ-1-628483b6dcb4406fbd0b, userId=15, errorCode=GROUPBUY_LOCK_ACQUISITION_FAILED, elapsedMs=771
2026-08-17 15:51:11.515 [http-nio-8082-exec-10] WARN  c.m.d.p.application.PaymentService [traceId=5c48424e-ee94-435a-bb9a-bfffd9b6a302] - [PaymentService] 결제 완료 검증 실패: paymentId=MCJ-1-8dd42e936b6e4c609467, userId=3, errorCode=GROUPBUY_LOCK_ACQUISITION_FAILED, elapsedMs=771
2026-08-17 15:51:11.515 [http-nio-8082-exec-3] WARN  c.m.d.p.application.PaymentService [traceId=314f3256-5023-425a-a442-b1968c6caa10] - [PaymentService] 결제 완료 검증 실패: paymentId=MCJ-1-31754e04b4d04e1fbcb5, userId=5, errorCode=GROUPBUY_LOCK_ACQUISITION_FAILED, elapsedMs=771
2026-08-17 15:51:11.516 [http-nio-8082-exec-9] WARN  c.m.d.p.application.PaymentService [traceId=2e01e8f5-0c4b-44ed-b062-ab0999795c7f] - [PaymentService] 결제 완료 검증 실패: paymentId=MCJ-1-10280f77c33b48e09fdf, userId=11, errorCode=GROUPBUY_LOCK_ACQUISITION_FAILED, elapsedMs=773
2026-08-17 15:51:11.516 [http-nio-8082-exec-2] WARN  c.m.d.p.application.PaymentService [traceId=d006c687-5917-4d4a-873b-da6a83e07948] - [PaymentService] 결제 완료 검증 실패: paymentId=MCJ-1-b2e6aa02e90a4ec0a838, userId=17, errorCode=GROUPBUY_LOCK_ACQUISITION_FAILED, elapsedMs=773
2026-08-17 15:51:11.522 [http-nio-8082-exec-3] INFO  c.m.d.p.a.PaymentAuditLogService [traceId=314f3256-5023-425a-a442-b1968c6caa10] - [payment_audit] source=COMPLETE_API eventType=PAYMENT_FAILED result=failure orderId=MCJ-1-31754e04b4d04e1fbcb5 pgPaymentId=null pgStatus=null previousOrderStatus=null currentOrderStatus=null reason=GROUPBUY_LOCK_ACQUISITION_FAILED
2026-08-17 15:51:11.522 [http-nio-8082-exec-9] INFO  c.m.d.p.a.PaymentAuditLogService [traceId=2e01e8f5-0c4b-44ed-b062-ab0999795c7f] - [payment_audit] source=COMPLETE_API eventType=PAYMENT_FAILED result=failure orderId=MCJ-1-10280f77c33b48e09fdf pgPaymentId=null pgStatus=null previousOrderStatus=null currentOrderStatus=null reason=GROUPBUY_LOCK_ACQUISITION_FAILED
2026-08-17 15:51:11.522 [http-nio-8082-exec-1] INFO  c.m.d.p.a.PaymentAuditLogService [traceId=81256765-bfb5-4a2d-9790-09666f9ad0c0] - [payment_audit] source=COMPLETE_API eventType=PAYMENT_FAILED result=failure orderId=MCJ-1-628483b6dcb4406fbd0b pgPaymentId=null pgStatus=null previousOrderStatus=null currentOrderStatus=null reason=GROUPBUY_LOCK_ACQUISITION_FAILED
2026-08-17 15:51:11.522 [http-nio-8082-exec-10] INFO  c.m.d.p.a.PaymentAuditLogService [traceId=5c48424e-ee94-435a-bb9a-bfffd9b6a302] - [payment_audit] source=COMPLETE_API eventType=PAYMENT_FAILED result=failure orderId=MCJ-1-8dd42e936b6e4c609467 pgPaymentId=null pgStatus=null previousOrderStatus=null currentOrderStatus=null reason=GROUPBUY_LOCK_ACQUISITION_FAILED
2026-08-17 15:51:11.522 [http-nio-8082-exec-2] INFO  c.m.d.p.a.PaymentAuditLogService [traceId=d006c687-5917-4d4a-873b-da6a83e07948] - [payment_audit] source=COMPLETE_API eventType=PAYMENT_FAILED result=failure orderId=MCJ-1-b2e6aa02e90a4ec0a838 pgPaymentId=null pgStatus=null previousOrderStatus=null currentOrderStatus=null reason=GROUPBUY_LOCK_ACQUISITION_FAILED
2026-08-17 15:51:13.654 [http-nio-8082-exec-4] INFO  c.m.d.p.application.PaymentService [traceId=d9bba6a4-d536-4505-a075-668fe2a8d0fe] - [PaymentService] 결제 완료 검증 성공: paymentId=MCJ-1-ad695bd3c5f24b93b9c4, userId=7, participationId=93, elapsedMs=2911
2026-08-17 15:51:14.186 [http-nio-8082-exec-7] INFO  c.m.d.p.application.PaymentService [traceId=279177b2-989e-4111-b990-9241a5da115e] - [PaymentService] 결제 완료 검증 성공: paymentId=MCJ-1-69d202afe65748f393cc, userId=19, participationId=94, elapsedMs=3443
2026-08-17 15:51:14.717 [http-nio-8082-exec-6] INFO  c.m.d.p.application.PaymentService [traceId=8ebbb02e-4d10-4ce9-83ea-0e1ad2600249] - [PaymentService] 결제 완료 검증 성공: paymentId=MCJ-1-481e934a2287427786f7, userId=21, participationId=95, elapsedMs=3974
2026-08-17 15:51:15.244 [http-nio-8082-exec-8] INFO  c.m.d.p.application.PaymentService [traceId=0b7aef2e-ade1-4ae0-9144-c2584c17935b] - [PaymentService] 결제 완료 검증 성공: paymentId=MCJ-1-369a38f19dfb4af6ad82, userId=13, participationId=96, elapsedMs=4501
2026-08-17 15:51:15.767 [http-nio-8082-exec-5] INFO  c.m.d.p.application.PaymentService [traceId=c7542e19-63a3-48a9-8eac-4e675e83e20f] - [PaymentService] 결제 완료 검증 성공: paymentId=MCJ-1-fefe122d03f74758b8c6, userId=9, participationId=97, elapsedMs=5023
